Archive member included to satisfy reference by file (symbol)

/home/usr/Ac6/SystemWorkbench/plugins/fr.ac6.mcu.externaltools.arm-none.linux64_1.16.0.201807130628/tools/compiler/bin/../lib/gcc/arm-none-eabi/7.2.1/../../../../arm-none-eabi/lib/thumb/v7-m/libc_nano.a(lib_a-errno.o)
                              Core/Src/uart.o (__errno)
/home/usr/Ac6/SystemWorkbench/plugins/fr.ac6.mcu.externaltools.arm-none.linux64_1.16.0.201807130628/tools/compiler/bin/../lib/gcc/arm-none-eabi/7.2.1/../../../../arm-none-eabi/lib/thumb/v7-m/libc_nano.a(lib_a-exit.o)
                              /home/usr/Ac6/SystemWorkbench/plugins/fr.ac6.mcu.externaltools.arm-none.linux64_1.16.0.201807130628/tools/compiler/bin/../lib/gcc/arm-none-eabi/7.2.1/../../../../arm-none-eabi/lib/thumb/v7-m/crt0.o (exit)
/home/usr/Ac6/SystemWorkbench/plugins/fr.ac6.mcu.externaltools.arm-none.linux64_1.16.0.201807130628/tools/compiler/bin/../lib/gcc/arm-none-eabi/7.2.1/../../../../arm-none-eabi/lib/thumb/v7-m/libc_nano.a(lib_a-impure.o)
                              /home/usr/Ac6/SystemWorkbench/plugins/fr.ac6.mcu.externaltools.arm-none.linux64_1.16.0.201807130628/tools/compiler/bin/../lib/gcc/arm-none-eabi/7.2.1/../../../../arm-none-eabi/lib/thumb/v7-m/libc_nano.a(lib_a-exit.o) (_global_impure_ptr)
/home/usr/Ac6/SystemWorkbench/plugins/fr.ac6.mcu.externaltools.arm-none.linux64_1.16.0.201807130628/tools/compiler/bin/../lib/gcc/arm-none-eabi/7.2.1/../../../../arm-none-eabi/lib/thumb/v7-m/libc_nano.a(lib_a-init.o)
                              /home/usr/Ac6/SystemWorkbench/plugins/fr.ac6.mcu.externaltools.arm-none.linux64_1.16.0.201807130628/tools/compiler/bin/../lib/gcc/arm-none-eabi/7.2.1/../../../../arm-none-eabi/lib/thumb/v7-m/crt0.o (__libc_init_array)
/home/usr/Ac6/SystemWorkbench/plugins/fr.ac6.mcu.externaltools.arm-none.linux64_1.16.0.201807130628/tools/compiler/bin/../lib/gcc/arm-none-eabi/7.2.1/../../../../arm-none-eabi/lib/thumb/v7-m/libc_nano.a(lib_a-memset.o)
                              /home/usr/Ac6/SystemWorkbench/plugins/fr.ac6.mcu.externaltools.arm-none.linux64_1.16.0.201807130628/tools/compiler/bin/../lib/gcc/arm-none-eabi/7.2.1/../../../../arm-none-eabi/lib/thumb/v7-m/crt0.o (memset)
/home/usr/Ac6/SystemWorkbench/plugins/fr.ac6.mcu.externaltools.arm-none.linux64_1.16.0.201807130628/tools/compiler/bin/../lib/gcc/arm-none-eabi/7.2.1/../../../../arm-none-eabi/lib/thumb/v7-m/libc_nano.a(lib_a-printf.o)
                              Core/Src/main.o (printf)
/home/usr/Ac6/SystemWorkbench/plugins/fr.ac6.mcu.externaltools.arm-none.linux64_1.16.0.201807130628/tools/compiler/bin/../lib/gcc/arm-none-eabi/7.2.1/../../../../arm-none-eabi/lib/thumb/v7-m/libc_nano.a(lib_a-puts.o)
                              Core/Src/main.o (puts)
/home/usr/Ac6/SystemWorkbench/plugins/fr.ac6.mcu.externaltools.arm-none.linux64_1.16.0.201807130628/tools/compiler/bin/../lib/gcc/arm-none-eabi/7.2.1/../../../../arm-none-eabi/lib/thumb/v7-m/libc_nano.a(lib_a-wbuf.o)
                              /home/usr/Ac6/SystemWorkbench/plugins/fr.ac6.mcu.externaltools.arm-none.linux64_1.16.0.201807130628/tools/compiler/bin/../lib/gcc/arm-none-eabi/7.2.1/../../../../arm-none-eabi/lib/thumb/v7-m/libc_nano.a(lib_a-puts.o) (__swbuf_r)
/home/usr/Ac6/SystemWorkbench/plugins/fr.ac6.mcu.externaltools.arm-none.linux64_1.16.0.201807130628/tools/compiler/bin/../lib/gcc/arm-none-eabi/7.2.1/../../../../arm-none-eabi/lib/thumb/v7-m/libc_nano.a(lib_a-wsetup.o)
                              /home/usr/Ac6/SystemWorkbench/plugins/fr.ac6.mcu.externaltools.arm-none.linux64_1.16.0.201807130628/tools/compiler/bin/../lib/gcc/arm-none-eabi/7.2.1/../../../../arm-none-eabi/lib/thumb/v7-m/libc_nano.a(lib_a-puts.o) (__swsetup_r)
/home/usr/Ac6/SystemWorkbench/plugins/fr.ac6.mcu.externaltools.arm-none.linux64_1.16.0.201807130628/tools/compiler/bin/../lib/gcc/arm-none-eabi/7.2.1/../../../../arm-none-eabi/lib/thumb/v7-m/libc_nano.a(lib_a-fflush.o)
                              /home/usr/Ac6/SystemWorkbench/plugins/fr.ac6.mcu.externaltools.arm-none.linux64_1.16.0.201807130628/tools/compiler/bin/../lib/gcc/arm-none-eabi/7.2.1/../../../../arm-none-eabi/lib/thumb/v7-m/libc_nano.a(lib_a-wbuf.o) (_fflush_r)
/home/usr/Ac6/SystemWorkbench/plugins/fr.ac6.mcu.externaltools.arm-none.linux64_1.16.0.201807130628/tools/compiler/bin/../lib/gcc/arm-none-eabi/7.2.1/../../../../arm-none-eabi/lib/thumb/v7-m/libc_nano.a(lib_a-findfp.o)
                              /home/usr/Ac6/SystemWorkbench/plugins/fr.ac6.mcu.externaltools.arm-none.linux64_1.16.0.201807130628/tools/compiler/bin/../lib/gcc/arm-none-eabi/7.2.1/../../../../arm-none-eabi/lib/thumb/v7-m/libc_nano.a(lib_a-printf.o) (__sinit)
/home/usr/Ac6/SystemWorkbench/plugins/fr.ac6.mcu.externaltools.arm-none.linux64_1.16.0.201807130628/tools/compiler/bin/../lib/gcc/arm-none-eabi/7.2.1/../../../../arm-none-eabi/lib/thumb/v7-m/libc_nano.a(lib_a-fwalk.o)
[...]
Memory Configuration

Name             Origin             Length             Attributes
RAM              0x0000000020000000 0x0000000000002800 xrw
FLASH            0x0000000008000000 0x0000000000008000 xr
*default*        0x0000000000000000 0xffffffffffffffff

Linker script and memory map

LOAD /home/usr/Ac6/SystemWorkbench/plugins/fr.ac6.mcu.externaltools.arm-none.linux64_1.16.0.201807130628/tools/compiler/bin/../lib/gcc/arm-none-eabi/7.2.1/thumb/v7-m/crti.o
LOAD /home/usr/Ac6/SystemWorkbench/plugins/fr.ac6.mcu.externaltools.arm-none.linux64_1.16.0.201807130628/tools/compiler/bin/../lib/gcc/arm-none-eabi/7.2.1/thumb/v7-m/crtbegin.o
LOAD /home/usr/Ac6/SystemWorkbench/plugins/fr.ac6.mcu.externaltools.arm-none.linux64_1.16.0.201807130628/tools/compiler/bin/../lib/gcc/arm-none-eabi/7.2.1/../../../../arm-none-eabi/lib/thumb/v7-m/crt0.o
LOAD Core/Src/main.o
LOAD Core/Src/stm32f1xx_hal_msp.o
LOAD Core/Src/stm32f1xx_it.o
LOAD Core/Src/system_stm32f1xx.o
LOAD Core/Src/uart.o
LOAD Drivers/STM32F1xx_HAL_Driver/Src/stm32f1xx_hal.o
LOAD Drivers/STM32F1xx_HAL_Driver/Src/stm32f1xx_hal_cortex.o
LOAD Drivers/STM32F1xx_HAL_Driver/Src/stm32f1xx_hal_crc.o
LOAD Drivers/STM32F1xx_HAL_Driver/Src/stm32f1xx_hal_dma.o
LOAD Drivers/STM32F1xx_HAL_Driver/Src/stm32f1xx_hal_flash.o
LOAD Drivers/STM32F1xx_HAL_Driver/Src/stm32f1xx_hal_flash_ex.o
LOAD Drivers/STM32F1xx_HAL_Driver/Src/stm32f1xx_hal_gpio.o
LOAD Drivers/STM32F1xx_HAL_Driver/Src/stm32f1xx_hal_gpio_ex.o
LOAD Drivers/STM32F1xx_HAL_Driver/Src/stm32f1xx_hal_pcd.o
LOAD Drivers/STM32F1xx_HAL_Driver/Src/stm32f1xx_hal_pcd_ex.o
LOAD Drivers/STM32F1xx_HAL_Driver/Src/stm32f1xx_hal_pwr.o
LOAD Drivers/STM32F1xx_HAL_Driver/Src/stm32f1xx_hal_rcc.o
LOAD Drivers/STM32F1xx_HAL_Driver/Src/stm32f1xx_hal_rcc_ex.o
LOAD Drivers/STM32F1xx_HAL_Driver/Src/stm32f1xx_hal_tim.o
LOAD Drivers/STM32F1xx_HAL_Driver/Src/stm32f1xx_hal_tim_ex.o
LOAD Drivers/STM32F1xx_HAL_Driver/Src/stm32f1xx_hal_uart.o
LOAD Drivers/STM32F1xx_HAL_Driver/Src/stm32f1xx_ll_usb.o
LOAD Middlewares/ST/STM32_USB_Device_Library/Class/CDC/Src/usbd_cdc.o
LOAD Middlewares/ST/STM32_USB_Device_Library/Core/Src/usbd_core.o
LOAD Middlewares/ST/STM32_USB_Device_Library/Core/Src/usbd_ctlreq.o
LOAD Middlewares/ST/STM32_USB_Device_Library/Core/Src/usbd_ioreq.o
LOAD USB_DEVICE/usb_device.o
LOAD USB_DEVICE/usbd_cdc_if.o
LOAD USB_DEVICE/usbd_conf.o
LOAD USB_DEVICE/usbd_desc.o
LOAD startup/startup_stm32f103x6.o
LOAD /home/usr/Ac6/SystemWorkbench/plugins/fr.ac6.mcu.externaltools.arm-none.linux64_1.16.0.201807130628/tools/compiler/bin/../lib/gcc/arm-none-eabi/7.2.1/../../../../arm-none-eabi/lib/thumb/v7-m/libm.a
START GROUP
LOAD /home/usr/Ac6/SystemWorkbench/plugins/fr.ac6.mcu.externaltools.arm-none.linux64_1.16.0.201807130628/tools/compiler/bin/../lib/gcc/arm-none-eabi/7.2.1/thumb/v7-m/libgcc.a
LOAD /home/usr/Ac6/SystemWorkbench/plugins/fr.ac6.mcu.externaltools.arm-none.linux64_1.16.0.201807130628/tools/compiler/bin/../lib/gcc/arm-none-eabi/7.2.1/../../../../arm-none-eabi/lib/thumb/v7-m/libc_nano.a
END GROUP
START GROUP
LOAD /home/usr/Ac6/SystemWorkbench/plugins/fr.ac6.mcu.externaltools.arm-none.linux64_1.16.0.201807130628/tools/compiler/bin/../lib/gcc/arm-none-eabi/7.2.1/thumb/v7-m/libgcc.a
LOAD /home/usr/Ac6/SystemWorkbench/plugins/fr.ac6.mcu.externaltools.arm-none.linux64_1.16.0.201807130628/tools/compiler/bin/../lib/gcc/arm-none-eabi/7.2.1/../../../../arm-none-eabi/lib/thumb/v7-m/libc_nano.a
LOAD /home/usr/Ac6/SystemWorkbench/plugins/fr.ac6.mcu.externaltools.arm-none.linux64_1.16.0.201807130628/tools/compiler/bin/../lib/gcc/arm-none-eabi/7.2.1/../../../../arm-none-eabi/lib/thumb/v7-m/libnosys.a
END GROUP
START GROUP
LOAD /home/usr/Ac6/SystemWorkbench/plugins/fr.ac6.mcu.externaltools.arm-none.linux64_1.16.0.201807130628/tools/compiler/bin/../lib/gcc/arm-none-eabi/7.2.1/thumb/v7-m/libgcc.a
LOAD /home/usr/Ac6/SystemWorkbench/plugins/fr.ac6.mcu.externaltools.arm-none.linux64_1.16.0.201807130628/tools/compiler/bin/../lib/gcc/arm-none-eabi/7.2.1/../../../../arm-none-eabi/lib/thumb/v7-m/libc_nano.a
LOAD /home/usr/Ac6/SystemWorkbench/plugins/fr.ac6.mcu.externaltools.arm-none.linux64_1.16.0.201807130628/tools/compiler/bin/../lib/gcc/arm-none-eabi/7.2.1/../../../../arm-none-eabi/lib/thumb/v7-m/libnosys.a
END GROUP
LOAD /home/usr/Ac6/SystemWorkbench/plugins/fr.ac6.mcu.externaltools.arm-none.linux64_1.16.0.201807130628/tools/compiler/bin/../lib/gcc/arm-none-eabi/7.2.1/thumb/v7-m/crtend.o
LOAD /home/usr/Ac6/SystemWorkbench/plugins/fr.ac6.mcu.externaltools.arm-none.linux64_1.16.0.201807130628/tools/compiler/bin/../lib/gcc/arm-none-eabi/7.2.1/thumb/v7-m/crtn.o
                0x0000000020002800                _estack = 0x20002800
                0x0000000000000200                _Min_Heap_Size = 0x200
                0x0000000000000400                _Min_Stack_Size = 0x400

.isr_vector     0x0000000008000000      0x10c
                0x0000000008000000                . = ALIGN (0x4)
 *(.isr_vector)
 .isr_vector    0x0000000008000000      0x10c startup/startup_stm32f103x6.o
                0x0000000008000000                g_pfnVectors
                0x000000000800010c                . = ALIGN (0x4)

.text           0x000000000800010c     0x4ca8
                0x000000000800010c                . = ALIGN (0x4)
 *(.text)
 .text          0x000000000800010c       0x40 /home/usr/Ac6/SystemWorkbench/plugins/fr.ac6.mcu.externaltools.arm-none.linux64_1.16.0.201807130628/tools/compiler/bin/../lib/gcc/arm-none-eabi/7.2.1/thumb/v7-m/crtbegin.o
 *(.text*)
 .text.MX_GPIO_Init
                0x000000000800014c       0x30 Core/Src/main.o
 .text.HAL_UART_TxCpltCallback
                0x000000000800017c       0x14 Core/Src/main.o
                0x000000000800017c                HAL_UART_TxCpltCallback
 .text.HAL_UART_RxCpltCallback
                0x0000000008000190      0x140 Core/Src/main.o
                0x0000000008000190                HAL_UART_RxCpltCallback
 .text.HAL_UART_ErrorCallback
                0x00000000080002d0       0x68 Core/Src/main.o
                0x00000000080002d0                HAL_UART_ErrorCallback
 .text._Error_Handler
                0x0000000008000338        0x2 Core/Src/main.o
                0x0000000008000338                _Error_Handler
 *fill*         0x000000000800033a        0x2 
 .text.MX_CRC_Init
                0x000000000800033c       0x28 Core/Src/main.o
 .text.SystemClock_Config
                0x0000000008000364       0xa8 Core/Src/main.o
                0x0000000008000364                SystemClock_Config
 .text.main     0x000000000800040c      0x210 Core/Src/main.o
                0x000000000800040c                main
 .text.HAL_MspInit
                0x000000000800061c       0xa0 Core/Src/stm32f1xx_hal_msp.o
                0x000000000800061c                HAL_MspInit
 .text.HAL_UART_MspInit
                0x00000000080006bc       0xb8 Core/Src/stm32f1xx_hal_msp.o
                0x00000000080006bc                HAL_UART_MspInit
 .text.NMI_Handler
                0x0000000008000774        0x2 Core/Src/stm32f1xx_it.o
                0x0000000008000774                NMI_Handler
 .text.HardFault_Handler
                0x0000000008000776        0x2 Core/Src/stm32f1xx_it.o
                0x0000000008000776                HardFault_Handler
 .text.MemManage_Handler
                0x0000000008000778        0x2 Core/Src/stm32f1xx_it.o
                0x0000000008000778                MemManage_Handler
 .text.BusFault_Handler
                0x000000000800077a        0x2 Core/Src/stm32f1xx_it.o
                0x000000000800077a                BusFault_Handler
 .text.UsageFault_Handler
                0x000000000800077c        0x2 Core/Src/stm32f1xx_it.o
                0x000000000800077c                UsageFault_Handler
 .text.SVC_Handler
                0x000000000800077e        0x2 Core/Src/stm32f1xx_it.o
                0x000000000800077e                SVC_Handler
 .text.DebugMon_Handler
                0x0000000008000780        0x2 Core/Src/stm32f1xx_it.o
                0x0000000008000780                DebugMon_Handler
 .text.PendSV_Handler
                0x0000000008000782        0x2 Core/Src/stm32f1xx_it.o
                0x0000000008000782                PendSV_Handler
 .text.SysTick_Handler
                0x0000000008000784        0xc Core/Src/stm32f1xx_it.o
                0x0000000008000784                SysTick_Handler
 .text.DMA1_Channel6_IRQHandler
                0x0000000008000790        0x2 Core/Src/stm32f1xx_it.o
                0x0000000008000790                DMA1_Channel6_IRQHandler
 .text.DMA1_Channel7_IRQHandler
                0x0000000008000792        0x2 Core/Src/stm32f1xx_it.o
                0x0000000008000792                DMA1_Channel7_IRQHandler
 .text.USB_HP_CAN1_TX_IRQHandler
                0x0000000008000794       0x10 Core/Src/stm32f1xx_it.o
                0x0000000008000794                USB_HP_CAN1_TX_IRQHandler
 .text.USB_LP_CAN1_RX0_IRQHandler
                0x00000000080007a4       0x10 Core/Src/stm32f1xx_it.o
                0x00000000080007a4                USB_LP_CAN1_RX0_IRQHandler
 .text.USART2_IRQHandler
                0x00000000080007b4       0x10 Core/Src/stm32f1xx_it.o
                0x00000000080007b4                USART2_IRQHandler
 .text.SystemInit
                0x00000000080007c4       0x4c Core/Src/system_stm32f1xx.o
                0x00000000080007c4                SystemInit
 .text._write   0x0000000008000810       0x38 Core/Src/uart.o
                0x0000000008000810                _write
 .text.MX_USART1_UART_Init
                0x0000000008000848       0x3c Core/Src/uart.o
                0x0000000008000848                MX_USART1_UART_Init
 .text.MX_USART2_UART_Init
                0x0000000008000884       0x3c Core/Src/uart.o
                0x0000000008000884                MX_USART2_UART_Init
 .text.HAL_InitTick
                0x00000000080008c0       0x48 Drivers/STM32F1xx_HAL_Driver/Src/stm32f1xx_hal.o
                0x00000000080008c0                HAL_InitTick
 .text.HAL_Init
                0x0000000008000908       0x24 Drivers/STM32F1xx_HAL_Driver/Src/stm32f1xx_hal.o
                0x0000000008000908                HAL_Init
 .text.HAL_IncTick
                0x000000000800092c       0x18 Drivers/STM32F1xx_HAL_Driver/Src/stm32f1xx_hal.o
                0x000000000800092c                HAL_IncTick
 .text.HAL_GetTick
                0x0000000008000944        0xc Drivers/STM32F1xx_HAL_Driver/Src/stm32f1xx_hal.o
                0x0000000008000944                HAL_GetTick
 .text.HAL_Delay
                0x0000000008000950       0x28 Drivers/STM32F1xx_HAL_Driver/Src/stm32f1xx_hal.o
                0x0000000008000950                HAL_Delay
 .text.HAL_NVIC_SetPriorityGrouping
                0x0000000008000978       0x24 Drivers/STM32F1xx_HAL_Driver/Src/stm32f1xx_hal_cortex.o
                0x0000000008000978                HAL_NVIC_SetPriorityGrouping
 .text.HAL_NVIC_SetPriority
                0x000000000800099c       0x68 Drivers/STM32F1xx_HAL_Driver/Src/stm32f1xx_hal_cortex.o
                0x000000000800099c                HAL_NVIC_SetPriority
 .text.HAL_NVIC_EnableIRQ
                0x0000000008000a04       0x18 Drivers/STM32F1xx_HAL_Driver/Src/stm32f1xx_hal_cortex.o
                0x0000000008000a04                HAL_NVIC_EnableIRQ
 .text.HAL_SYSTICK_Config
                0x0000000008000a1c       0x2c Drivers/STM32F1xx_HAL_Driver/Src/stm32f1xx_hal_cortex.o
                0x0000000008000a1c                HAL_SYSTICK_Config
 .text.HAL_SYSTICK_CLKSourceConfig
                0x0000000008000a48       0x20 Drivers/STM32F1xx_HAL_Driver/Src/stm32f1xx_hal_cortex.o
                0x0000000008000a48                HAL_SYSTICK_CLKSourceConfig
 .text.HAL_SYSTICK_Callback
                0x0000000008000a68        0x2 Drivers/STM32F1xx_HAL_Driver/Src/stm32f1xx_hal_cortex.o
                0x0000000008000a68                HAL_SYSTICK_Callback
 .text.HAL_SYSTICK_IRQHandler
                0x0000000008000a6a        0x8 Drivers/STM32F1xx_HAL_Driver/Src/stm32f1xx_hal_cortex.o
                0x0000000008000a6a                HAL_SYSTICK_IRQHandler
 .text.HAL_CRC_MspInit
                0x0000000008000a72        0x2 Drivers/STM32F1xx_HAL_Driver/Src/stm32f1xx_hal_crc.o
                0x0000000008000a72                HAL_CRC_MspInit
 .text.HAL_CRC_Init
                0x0000000008000a74       0x1e Drivers/STM32F1xx_HAL_Driver/Src/stm32f1xx_hal_crc.o
                0x0000000008000a74                HAL_CRC_Init
 .text.HAL_CRC_Calculate
                0x0000000008000a92       0x40 Drivers/STM32F1xx_HAL_Driver/Src/stm32f1xx_hal_crc.o
                0x0000000008000a92                HAL_CRC_Calculate
 *fill*         0x0000000008000ad2        0x2 
 .text.HAL_DMA_Abort_IT
                0x0000000008000ad4       0x98 Drivers/STM32F1xx_HAL_Driver/Src/stm32f1xx_hal_dma.o
                0x0000000008000ad4                HAL_DMA_Abort_IT
 .text.HAL_GPIO_Init
                0x0000000008000b6c      0x1cc Drivers/STM32F1xx_HAL_Driver/Src/stm32f1xx_hal_gpio.o
                0x0000000008000b6c                HAL_GPIO_Init
 .text.HAL_GPIO_WritePin
                0x0000000008000d38        0xc Drivers/STM32F1xx_HAL_Driver/Src/stm32f1xx_hal_gpio.o
                0x0000000008000d38                HAL_GPIO_WritePin
 .text.HAL_PCD_Init
                0x0000000008000d44       0xd6 Drivers/STM32F1xx_HAL_Driver/Src/stm32f1xx_hal_pcd.o
                0x0000000008000d44                HAL_PCD_Init
 .text.HAL_PCD_Start
                0x0000000008000e1a       0x2e Drivers/STM32F1xx_HAL_Driver/Src/stm32f1xx_hal_pcd.o
                0x0000000008000e1a                HAL_PCD_Start
 .text.HAL_PCD_SetAddress
                0x0000000008000e48       0x28 Drivers/STM32F1xx_HAL_Driver/Src/stm32f1xx_hal_pcd.o
                0x0000000008000e48                HAL_PCD_SetAddress
 .text.HAL_PCD_EP_Open
                0x0000000008000e70       0x52 Drivers/STM32F1xx_HAL_Driver/Src/stm32f1xx_hal_pcd.o
                0x0000000008000e70                HAL_PCD_EP_Open
 .text.HAL_PCD_EP_Close
                0x0000000008000ec2       0x4e Drivers/STM32F1xx_HAL_Driver/Src/stm32f1xx_hal_pcd.o
                0x0000000008000ec2                HAL_PCD_EP_Close
 .text.HAL_PCD_EP_Receive
                0x0000000008000f10       0x3e Drivers/STM32F1xx_HAL_Driver/Src/stm32f1xx_hal_pcd.o
                0x0000000008000f10                HAL_PCD_EP_Receive
 .text.HAL_PCD_EP_Transmit
                0x0000000008000f4e       0x3c Drivers/STM32F1xx_HAL_Driver/Src/stm32f1xx_hal_pcd.o
                0x0000000008000f4e                HAL_PCD_EP_Transmit
 .text.PCD_EP_ISR_Handler
                0x0000000008000f8a      0x444 Drivers/STM32F1xx_HAL_Driver/Src/stm32f1xx_hal_pcd.o
 .text.HAL_PCD_IRQHandler
                0x00000000080013ce      0x160 Drivers/STM32F1xx_HAL_Driver/Src/stm32f1xx_hal_pcd.o
                0x00000000080013ce                HAL_PCD_IRQHandler
 .text.HAL_PCD_EP_SetStall
                0x000000000800152e       0x5c Drivers/STM32F1xx_HAL_Driver/Src/stm32f1xx_hal_pcd.o
                0x000000000800152e                HAL_PCD_EP_SetStall
 .text.HAL_PCD_EP_ClrStall
                0x000000000800158a       0x4e Drivers/STM32F1xx_HAL_Driver/Src/stm32f1xx_hal_pcd.o
                0x000000000800158a                HAL_PCD_EP_ClrStall
 .text.HAL_PCDEx_PMAConfig
                0x00000000080015d8       0x30 Drivers/STM32F1xx_HAL_Driver/Src/stm32f1xx_hal_pcd_ex.o
                0x00000000080015d8                HAL_PCDEx_PMAConfig
 .text.RCC_Delay
                0x0000000008001608       0x2c Drivers/STM32F1xx_HAL_Driver/Src/stm32f1xx_hal_rcc.o
 .text.HAL_RCC_OscConfig
                0x0000000008001634      0x3dc Drivers/STM32F1xx_HAL_Driver/Src/stm32f1xx_hal_rcc.o
                0x0000000008001634                HAL_RCC_OscConfig
 .text.HAL_RCC_GetSysClockFreq
                0x0000000008001a10       0x70 Drivers/STM32F1xx_HAL_Driver/Src/stm32f1xx_hal_rcc.o
                0x0000000008001a10                HAL_RCC_GetSysClockFreq
 .text.HAL_RCC_ClockConfig
                0x0000000008001a80      0x178 Drivers/STM32F1xx_HAL_Driver/Src/stm32f1xx_hal_rcc.o
                0x0000000008001a80                HAL_RCC_ClockConfig
 .text.HAL_RCC_GetHCLKFreq
                0x0000000008001bf8        0xc Drivers/STM32F1xx_HAL_Driver/Src/stm32f1xx_hal_rcc.o
                0x0000000008001bf8                HAL_RCC_GetHCLKFreq
 .text.HAL_RCC_GetPCLK1Freq
                0x0000000008001c04       0x20 Drivers/STM32F1xx_HAL_Driver/Src/stm32f1xx_hal_rcc.o
                0x0000000008001c04                HAL_RCC_GetPCLK1Freq
 .text.HAL_RCC_GetPCLK2Freq
                0x0000000008001c24       0x20 Drivers/STM32F1xx_HAL_Driver/Src/stm32f1xx_hal_rcc.o
                0x0000000008001c24                HAL_RCC_GetPCLK2Freq
 .text.HAL_RCCEx_PeriphCLKConfig
                0x0000000008001c44      0x114 Drivers/STM32F1xx_HAL_Driver/Src/stm32f1xx_hal_rcc_ex.o
                0x0000000008001c44                HAL_RCCEx_PeriphCLKConfig
 .text.UART_EndRxTransfer
                0x0000000008001d58       0x1c Drivers/STM32F1xx_HAL_Driver/Src/stm32f1xx_hal_uart.o
 .text.UART_Transmit_IT
                0x0000000008001d74       0x68 Drivers/STM32F1xx_HAL_Driver/Src/stm32f1xx_hal_uart.o
 .text.UART_SetConfig
                0x0000000008001ddc      0x1ac Drivers/STM32F1xx_HAL_Driver/Src/stm32f1xx_hal_uart.o
 .text.UART_WaitOnFlagUntilTimeout
                0x0000000008001f88       0x62 Drivers/STM32F1xx_HAL_Driver/Src/stm32f1xx_hal_uart.o
 .text.HAL_UART_Init
                0x0000000008001fea       0x5e Drivers/STM32F1xx_HAL_Driver/Src/stm32f1xx_hal_uart.o
                0x0000000008001fea                HAL_UART_Init
 .text.HAL_UART_Transmit
                0x0000000008002048       0xe0 Drivers/STM32F1xx_HAL_Driver/Src/stm32f1xx_hal_uart.o
                0x0000000008002048                HAL_UART_Transmit
 .text.HAL_UART_Transmit_IT
                0x0000000008002128       0x48 Drivers/STM32F1xx_HAL_Driver/Src/stm32f1xx_hal_uart.o
                0x0000000008002128                HAL_UART_Transmit_IT
 .text.HAL_UART_Receive_IT
                0x0000000008002170       0x5c Drivers/STM32F1xx_HAL_Driver/Src/stm32f1xx_hal_uart.o
                0x0000000008002170                HAL_UART_Receive_IT
 .text.UART_EndTransmit_IT
                0x00000000080021cc       0x1a Drivers/STM32F1xx_HAL_Driver/Src/stm32f1xx_hal_uart.o
 .text.UART_Receive_IT
                0x00000000080021e6       0x9c Drivers/STM32F1xx_HAL_Driver/Src/stm32f1xx_hal_uart.o
 *fill*         0x0000000008002282        0x2 
 .text.HAL_UART_IRQHandler
                0x0000000008002284      0x120 Drivers/STM32F1xx_HAL_Driver/Src/stm32f1xx_hal_uart.o
                0x0000000008002284                HAL_UART_IRQHandler
 .text.UART_DMAAbortOnError
                0x00000000080023a4       0x10 Drivers/STM32F1xx_HAL_Driver/Src/stm32f1xx_hal_uart.o
 .text.USB_CoreInit
                0x00000000080023b4        0xe Drivers/STM32F1xx_HAL_Driver/Src/stm32f1xx_ll_usb.o
                0x00000000080023b4                USB_CoreInit
 .text.USB_EnableGlobalInt
                0x00000000080023c2       0x10 Drivers/STM32F1xx_HAL_Driver/Src/stm32f1xx_ll_usb.o
                0x00000000080023c2                USB_EnableGlobalInt
 .text.USB_DisableGlobalInt
                0x00000000080023d2       0x14 Drivers/STM32F1xx_HAL_Driver/Src/stm32f1xx_ll_usb.o
                0x00000000080023d2                USB_DisableGlobalInt
 .text.USB_SetCurrentMode
                0x00000000080023e6        0x4 Drivers/STM32F1xx_HAL_Driver/Src/stm32f1xx_ll_usb.o
                0x00000000080023e6                USB_SetCurrentMode
 .text.USB_DevInit
                0x00000000080023ea       0x2c Drivers/STM32F1xx_HAL_Driver/Src/stm32f1xx_ll_usb.o
                0x00000000080023ea                USB_DevInit
 .text.USB_ActivateEndpoint
                0x0000000008002416      0x328 Drivers/STM32F1xx_HAL_Driver/Src/stm32f1xx_ll_usb.o
                0x0000000008002416                USB_ActivateEndpoint
 .text.USB_DeactivateEndpoint
                0x000000000800273e      0x1c4 Drivers/STM32F1xx_HAL_Driver/Src/stm32f1xx_ll_usb.o
                0x000000000800273e                USB_DeactivateEndpoint
 .text.USB_EPSetStall
                0x0000000008002902       0x6e Drivers/STM32F1xx_HAL_Driver/Src/stm32f1xx_ll_usb.o
                0x0000000008002902                USB_EPSetStall
 .text.USB_EPClearStall
                0x0000000008002970       0x92 Drivers/STM32F1xx_HAL_Driver/Src/stm32f1xx_ll_usb.o
                0x0000000008002970                USB_EPClearStall
 .text.USB_SetDevAddress
                0x0000000008002a02        0xc Drivers/STM32F1xx_HAL_Driver/Src/stm32f1xx_ll_usb.o
                0x0000000008002a02                USB_SetDevAddress
 .text.USB_DevConnect
                0x0000000008002a0e        0x4 Drivers/STM32F1xx_HAL_Driver/Src/stm32f1xx_ll_usb.o
                0x0000000008002a0e                USB_DevConnect
 .text.USB_DevDisconnect
                0x0000000008002a12        0x4 Drivers/STM32F1xx_HAL_Driver/Src/stm32f1xx_ll_usb.o
                0x0000000008002a12                USB_DevDisconnect
 .text.USB_ReadInterrupts
                0x0000000008002a16        0x6 Drivers/STM32F1xx_HAL_Driver/Src/stm32f1xx_ll_usb.o
                0x0000000008002a16                USB_ReadInterrupts
 .text.USB_EP0_OutStart
                0x0000000008002a1c        0x4 Drivers/STM32F1xx_HAL_Driver/Src/stm32f1xx_ll_usb.o
                0x0000000008002a1c                USB_EP0_OutStart
 .text.USB_WritePMA
                0x0000000008002a20       0x2a Drivers/STM32F1xx_HAL_Driver/Src/stm32f1xx_ll_usb.o
                0x0000000008002a20                USB_WritePMA
 .text.USB_EPStartXfer
                0x0000000008002a4a      0x2ba Drivers/STM32F1xx_HAL_Driver/Src/stm32f1xx_ll_usb.o
                0x0000000008002a4a                USB_EPStartXfer
 .text.USB_ReadPMA
                0x0000000008002d04       0x1e Drivers/STM32F1xx_HAL_Driver/Src/stm32f1xx_ll_usb.o
                0x0000000008002d04                USB_ReadPMA
 .text.USBD_CDC_DataOut
                0x0000000008002d22       0x3e Middlewares/ST/STM32_USB_Device_Library/Class/CDC/Src/usbd_cdc.o
 .text.USBD_CDC_EP0_RxReady
                0x0000000008002d60       0x28 Middlewares/ST/STM32_USB_Device_Library/Class/CDC/Src/usbd_cdc.o
 .text.USBD_CDC_GetFSCfgDesc
                0x0000000008002d88        0xc Middlewares/ST/STM32_USB_Device_Library/Class/CDC/Src/usbd_cdc.o
 .text.USBD_CDC_GetHSCfgDesc
                0x0000000008002d94        0xc Middlewares/ST/STM32_USB_Device_Library/Class/CDC/Src/usbd_cdc.o
 .text.USBD_CDC_GetOtherSpeedCfgDesc
                0x0000000008002da0        0xc Middlewares/ST/STM32_USB_Device_Library/Class/CDC/Src/usbd_cdc.o
 .text.USBD_CDC_GetDeviceQualifierDescriptor
                0x0000000008002dac        0xc Middlewares/ST/STM32_USB_Device_Library/Class/CDC/Src/usbd_cdc.o
                0x0000000008002dac                USBD_CDC_GetDeviceQualifierDescriptor
 .text.USBD_CDC_DataIn
                0x0000000008002db8       0x60 Middlewares/ST/STM32_USB_Device_Library/Class/CDC/Src/usbd_cdc.o
 .text.USBD_CDC_Setup
                0x0000000008002e18       0x74 Middlewares/ST/STM32_USB_Device_Library/Class/CDC/Src/usbd_cdc.o
 .text.USBD_CDC_DeInit
                0x0000000008002e8c       0x3a Middlewares/ST/STM32_USB_Device_Library/Class/CDC/Src/usbd_cdc.o
 .text.USBD_CDC_Init
                0x0000000008002ec6       0x9c Middlewares/ST/STM32_USB_Device_Library/Class/CDC/Src/usbd_cdc.o
 .text.USBD_CDC_RegisterInterface
                0x0000000008002f62        0xe Middlewares/ST/STM32_USB_Device_Library/Class/CDC/Src/usbd_cdc.o
                0x0000000008002f62                USBD_CDC_RegisterInterface
 .text.USBD_CDC_SetTxBuffer
                0x0000000008002f70       0x10 Middlewares/ST/STM32_USB_Device_Library/Class/CDC/Src/usbd_cdc.o
                0x0000000008002f70                USBD_CDC_SetTxBuffer
 .text.USBD_CDC_SetRxBuffer
                0x0000000008002f80       0x10 Middlewares/ST/STM32_USB_Device_Library/Class/CDC/Src/usbd_cdc.o
                0x0000000008002f80                USBD_CDC_SetRxBuffer
 .text.USBD_CDC_TransmitPacket
                0x0000000008002f90       0x2e Middlewares/ST/STM32_USB_Device_Library/Class/CDC/Src/usbd_cdc.o
                0x0000000008002f90                USBD_CDC_TransmitPacket
 .text.USBD_CDC_Notify
                0x0000000008002fbe       0x2e Middlewares/ST/STM32_USB_Device_Library/Class/CDC/Src/usbd_cdc.o
                0x0000000008002fbe                USBD_CDC_Notify
 .text.USBD_CDC_ReceiveData
                0x0000000008002fec       0x34 Middlewares/ST/STM32_USB_Device_Library/Class/CDC/Src/usbd_cdc.o
                0x0000000008002fec                USBD_CDC_ReceiveData
 .text.USBD_Init
                0x0000000008003020       0x2e Middlewares/ST/STM32_USB_Device_Library/Core/Src/usbd_core.o
                0x0000000008003020                USBD_Init
 .text.USBD_RegisterClass
                0x000000000800304e        0xe Middlewares/ST/STM32_USB_Device_Library/Core/Src/usbd_core.o
                0x000000000800304e                USBD_RegisterClass
 .text.USBD_Start
                0x000000000800305c        0xa Middlewares/ST/STM32_USB_Device_Library/Core/Src/usbd_core.o
                0x000000000800305c                USBD_Start
 .text.USBD_SetClassConfig
                0x0000000008003066       0x1a Middlewares/ST/STM32_USB_Device_Library/Core/Src/usbd_core.o
                0x0000000008003066                USBD_SetClassConfig
 .text.USBD_ClrClassConfig
                0x0000000008003080        0xe Middlewares/ST/STM32_USB_Device_Library/Core/Src/usbd_core.o
                0x0000000008003080                USBD_ClrClassConfig
 .text.USBD_LL_SetupStage
                0x000000000800308e       0x5a Middlewares/ST/STM32_USB_Device_Library/Core/Src/usbd_core.o
                0x000000000800308e                USBD_LL_SetupStage
 .text.USBD_LL_DataOutStage
                0x00000000080030e8       0x6a Middlewares/ST/STM32_USB_Device_Library/Core/Src/usbd_core.o
                0x00000000080030e8                USBD_LL_DataOutStage
 .text.USBD_LL_DataInStage
                0x0000000008003152       0xb0 Middlewares/ST/STM32_USB_Device_Library/Core/Src/usbd_core.o
                0x0000000008003152                USBD_LL_DataInStage
 .text.USBD_LL_Reset
                0x0000000008003202       0x3e Middlewares/ST/STM32_USB_Device_Library/Core/Src/usbd_core.o
                0x0000000008003202                USBD_LL_Reset
 .text.USBD_LL_SetSpeed
                0x0000000008003240        0x6 Middlewares/ST/STM32_USB_Device_Library/Core/Src/usbd_core.o
                0x0000000008003240                USBD_LL_SetSpeed
 .text.USBD_LL_Suspend
                0x0000000008003246       0x12 Middlewares/ST/STM32_USB_Device_Library/Core/Src/usbd_core.o
                0x0000000008003246                USBD_LL_Suspend
 .text.USBD_LL_Resume
                0x0000000008003258        0xc Middlewares/ST/STM32_USB_Device_Library/Core/Src/usbd_core.o
                0x0000000008003258                USBD_LL_Resume
 .text.USBD_LL_SOF
                0x0000000008003264       0x1c Middlewares/ST/STM32_USB_Device_Library/Core/Src/usbd_core.o
                0x0000000008003264                USBD_LL_SOF
 .text.USBD_GetLen
                0x0000000008003280       0x14 Middlewares/ST/STM32_USB_Device_Library/Core/Src/usbd_ctlreq.o
 .text.USBD_SetFeature
                0x0000000008003294       0x20 Middlewares/ST/STM32_USB_Device_Library/Core/Src/usbd_ctlreq.o
 .text.USBD_ParseSetupRequest
                0x00000000080032b4       0x28 Middlewares/ST/STM32_USB_Device_Library/Core/Src/usbd_ctlreq.o
                0x00000000080032b4                USBD_ParseSetupRequest
 .text.USBD_CtlError
                0x00000000080032dc       0x14 Middlewares/ST/STM32_USB_Device_Library/Core/Src/usbd_ctlreq.o
                0x00000000080032dc                USBD_CtlError
 .text.USBD_GetDescriptor
                0x00000000080032f0      0x144 Middlewares/ST/STM32_USB_Device_Library/Core/Src/usbd_ctlreq.o
 .text.USBD_SetAddress
                0x0000000008003434       0x4a Middlewares/ST/STM32_USB_Device_Library/Core/Src/usbd_ctlreq.o
 *fill*         0x000000000800347e        0x2 
 .text.USBD_SetConfig
                0x0000000008003480       0xa4 Middlewares/ST/STM32_USB_Device_Library/Core/Src/usbd_ctlreq.o
 .text.USBD_GetConfig
                0x0000000008003524       0x3a Middlewares/ST/STM32_USB_Device_Library/Core/Src/usbd_ctlreq.o
 .text.USBD_GetStatus
                0x000000000800355e       0x2c Middlewares/ST/STM32_USB_Device_Library/Core/Src/usbd_ctlreq.o
 .text.USBD_ClrFeature
                0x000000000800358a       0x30 Middlewares/ST/STM32_USB_Device_Library/Core/Src/usbd_ctlreq.o
 .text.USBD_StdDevReq
                0x00000000080035ba       0x48 Middlewares/ST/STM32_USB_Device_Library/Core/Src/usbd_ctlreq.o
                0x00000000080035ba                USBD_StdDevReq
 .text.USBD_StdItfReq
                0x0000000008003602       0x38 Middlewares/ST/STM32_USB_Device_Library/Core/Src/usbd_ctlreq.o
                0x0000000008003602                USBD_StdItfReq
 .text.USBD_StdEPReq
                0x000000000800363a      0x118 Middlewares/ST/STM32_USB_Device_Library/Core/Src/usbd_ctlreq.o
                0x000000000800363a                USBD_StdEPReq
 .text.USBD_GetString
                0x0000000008003752       0x3a Middlewares/ST/STM32_USB_Device_Library/Core/Src/usbd_ctlreq.o
                0x0000000008003752                USBD_GetString
 .text.USBD_CtlSendData
                0x000000000800378c       0x1a Middlewares/ST/STM32_USB_Device_Library/Core/Src/usbd_ioreq.o
                0x000000000800378c                USBD_CtlSendData
 .text.USBD_CtlContinueSendData
                0x00000000080037a6       0x10 Middlewares/ST/STM32_USB_Device_Library/Core/Src/usbd_ioreq.o
                0x00000000080037a6                USBD_CtlContinueSendData
 .text.USBD_CtlPrepareRx
                0x00000000080037b6       0x1e Middlewares/ST/STM32_USB_Device_Library/Core/Src/usbd_ioreq.o
                0x00000000080037b6                USBD_CtlPrepareRx
 .text.USBD_CtlContinueRx
                0x00000000080037d4       0x10 Middlewares/ST/STM32_USB_Device_Library/Core/Src/usbd_ioreq.o
                0x00000000080037d4                USBD_CtlContinueRx
 .text.USBD_CtlSendStatus
                0x00000000080037e4       0x16 Middlewares/ST/STM32_USB_Device_Library/Core/Src/usbd_ioreq.o
                0x00000000080037e4                USBD_CtlSendStatus
 .text.USBD_CtlReceiveStatus
                0x00000000080037fa       0x16 Middlewares/ST/STM32_USB_Device_Library/Core/Src/usbd_ioreq.o
                0x00000000080037fa                USBD_CtlReceiveStatus
 .text.MX_USB_DEVICE_Init
                0x0000000008003810       0x38 USB_DEVICE/usb_device.o
                0x0000000008003810                MX_USB_DEVICE_Init
 .text.CDC_DeInit_FS
                0x0000000008003848        0x4 USB_DEVICE/usbd_cdc_if.o
 .text.CDC_ReceiveData_FS
                0x000000000800384c       0x20 USB_DEVICE/usbd_cdc_if.o
 .text.CDC_Control_FS
                0x000000000800386c       0xb4 USB_DEVICE/usbd_cdc_if.o
 .text.CDC_Init_FS
                0x0000000008003920       0x50 USB_DEVICE/usbd_cdc_if.o
 .text.CDC_EnableReceiveData_FS
                0x0000000008003970       0x38 USB_DEVICE/usbd_cdc_if.o
                0x0000000008003970                CDC_EnableReceiveData_FS
 .text.CDC_Transmit_FS
                0x00000000080039a8       0x2c USB_DEVICE/usbd_cdc_if.o
                0x00000000080039a8                CDC_Transmit_FS
 .text.CDC_Notify_NetworkConnection
                0x00000000080039d4       0x40 USB_DEVICE/usbd_cdc_if.o
                0x00000000080039d4                CDC_Notify_NetworkConnection
 .text.HAL_PCD_MspInit
                0x0000000008003a14       0x90 USB_DEVICE/usbd_conf.o
                0x0000000008003a14                HAL_PCD_MspInit
 .text.HAL_PCD_SetupStageCallback
                0x0000000008003aa4       0x10 USB_DEVICE/usbd_conf.o
                0x0000000008003aa4                HAL_PCD_SetupStageCallback
 .text.HAL_PCD_DataOutStageCallback
                0x0000000008003ab4       0x14 USB_DEVICE/usbd_conf.o
                0x0000000008003ab4                HAL_PCD_DataOutStageCallback
 .text.HAL_PCD_DataInStageCallback
                0x0000000008003ac8       0x12 USB_DEVICE/usbd_conf.o
                0x0000000008003ac8                HAL_PCD_DataInStageCallback
 .text.HAL_PCD_SOFCallback
                0x0000000008003ada        0xc USB_DEVICE/usbd_conf.o
                0x0000000008003ada                HAL_PCD_SOFCallback
 .text.HAL_PCD_ResetCallback
                0x0000000008003ae6       0x18 USB_DEVICE/usbd_conf.o
                0x0000000008003ae6                HAL_PCD_ResetCallback
 *fill*         0x0000000008003afe        0x2 
 .text.HAL_PCD_SuspendCallback
                0x0000000008003b00       0x20 USB_DEVICE/usbd_conf.o
                0x0000000008003b00                HAL_PCD_SuspendCallback
 .text.HAL_PCD_ResumeCallback
                0x0000000008003b20        0xc USB_DEVICE/usbd_conf.o
                0x0000000008003b20                HAL_PCD_ResumeCallback
 .text.USBD_LL_Init
                0x0000000008003b2c       0x94 USB_DEVICE/usbd_conf.o
                0x0000000008003b2c                USBD_LL_Init
 .text.USBD_LL_Start
                0x0000000008003bc0       0x1c USB_DEVICE/usbd_conf.o
                0x0000000008003bc0                USBD_LL_Start
 .text.USBD_LL_OpenEP
                0x0000000008003bdc       0x22 USB_DEVICE/usbd_conf.o
                0x0000000008003bdc                USBD_LL_OpenEP
 .text.USBD_LL_CloseEP
                0x0000000008003bfe       0x1c USB_DEVICE/usbd_conf.o
                0x0000000008003bfe                USBD_LL_CloseEP
 .text.USBD_LL_StallEP
                0x0000000008003c1a       0x1c USB_DEVICE/usbd_conf.o
                0x0000000008003c1a                USBD_LL_StallEP
 .text.USBD_LL_ClearStallEP
                0x0000000008003c36       0x1c USB_DEVICE/usbd_conf.o
                0x0000000008003c36                USBD_LL_ClearStallEP
 .text.USBD_LL_IsStallEP
                0x0000000008003c52       0x26 USB_DEVICE/usbd_conf.o
                0x0000000008003c52                USBD_LL_IsStallEP
 .text.USBD_LL_SetUSBAddress
                0x0000000008003c78       0x1c USB_DEVICE/usbd_conf.o
                0x0000000008003c78                USBD_LL_SetUSBAddress
 .text.USBD_LL_Transmit
                0x0000000008003c94       0x1c USB_DEVICE/usbd_conf.o
                0x0000000008003c94                USBD_LL_Transmit
 .text.USBD_LL_PrepareReceive
                0x0000000008003cb0       0x1c USB_DEVICE/usbd_conf.o
                0x0000000008003cb0                USBD_LL_PrepareReceive
 .text.USBD_static_malloc
                0x0000000008003ccc        0x8 USB_DEVICE/usbd_conf.o
                0x0000000008003ccc                USBD_static_malloc
 .text.USBD_static_free
                0x0000000008003cd4        0x2 USB_DEVICE/usbd_conf.o
                0x0000000008003cd4                USBD_static_free
 *fill*         0x0000000008003cd6        0x2 
 .text.HAL_PCDEx_SetConnectionState
                0x0000000008003cd8       0x28 USB_DEVICE/usbd_conf.o
                0x0000000008003cd8                HAL_PCDEx_SetConnectionState
 .text.USBD_FS_DeviceDescriptor
                0x0000000008003d00        0xc USB_DEVICE/usbd_desc.o
                0x0000000008003d00                USBD_FS_DeviceDescriptor
 .text.USBD_FS_LangIDStrDescriptor
                0x0000000008003d0c        0xc USB_DEVICE/usbd_desc.o
                0x0000000008003d0c                USBD_FS_LangIDStrDescriptor
 .text.USBD_FS_ProductStrDescriptor
                0x0000000008003d18       0x24 USB_DEVICE/usbd_desc.o
                0x0000000008003d18                USBD_FS_ProductStrDescriptor
 .text.USBD_FS_ManufacturerStrDescriptor
                0x0000000008003d3c       0x1c USB_DEVICE/usbd_desc.o
                0x0000000008003d3c                USBD_FS_ManufacturerStrDescriptor
 .text.USBD_FS_SerialStrDescriptor
                0x0000000008003d58       0x24 USB_DEVICE/usbd_desc.o
                0x0000000008003d58                USBD_FS_SerialStrDescriptor
 .text.USBD_FS_ConfigStrDescriptor
                0x0000000008003d7c       0x24 USB_DEVICE/usbd_desc.o
                0x0000000008003d7c                USBD_FS_ConfigStrDescriptor
 .text.USBD_FS_InterfaceStrDescriptor
                0x0000000008003da0       0x24 USB_DEVICE/usbd_desc.o
                0x0000000008003da0                USBD_FS_InterfaceStrDescriptor
 .text.USBD_FS_MacAddressStrDescriptor
                0x0000000008003dc4       0x1c USB_DEVICE/usbd_desc.o
                0x0000000008003dc4                USBD_FS_MacAddressStrDescriptor
 .text.Reset_Handler
                0x0000000008003de0       0x48 startup/startup_stm32f103x6.o
                0x0000000008003de0                Reset_Handler
 .text.Default_Handler
                0x0000000008003e28        0x2 startup/startup_stm32f103x6.o
                0x0000000008003e28                RTC_Alarm_IRQHandler
                0x0000000008003e28                EXTI2_IRQHandler
                0x0000000008003e28                TIM1_CC_IRQHandler
                0x0000000008003e28                PVD_IRQHandler
                0x0000000008003e28                EXTI3_IRQHandler
                0x0000000008003e28                EXTI0_IRQHandler
                0x0000000008003e28                ADC1_2_IRQHandler
                0x0000000008003e28                SPI1_IRQHandler
                0x0000000008003e28                TAMPER_IRQHandler
                0x0000000008003e28                DMA1_Channel4_IRQHandler
                0x0000000008003e28                RTC_IRQHandler
                0x0000000008003e28                CAN1_RX1_IRQHandler
                0x0000000008003e28                I2C1_EV_IRQHandler
                0x0000000008003e28                TIM3_IRQHandler
                0x0000000008003e28                RCC_IRQHandler
                0x0000000008003e28                TIM1_TRG_COM_IRQHandler
                0x0000000008003e28                DMA1_Channel1_IRQHandler
                0x0000000008003e28                Default_Handler
                0x0000000008003e28                EXTI15_10_IRQHandler
                0x0000000008003e28                EXTI9_5_IRQHandler
                0x0000000008003e28                DMA1_Channel5_IRQHandler
                0x0000000008003e28                EXTI4_IRQHandler
                0x0000000008003e28                DMA1_Channel3_IRQHandler
                0x0000000008003e28                TIM1_UP_IRQHandler
                0x0000000008003e28                WWDG_IRQHandler
                0x0000000008003e28                TIM2_IRQHandler
                0x0000000008003e28                TIM1_BRK_IRQHandler
                0x0000000008003e28                EXTI1_IRQHandler
                0x0000000008003e28                DMA1_Channel2_IRQHandler
                0x0000000008003e28                CAN1_SCE_IRQHandler
                0x0000000008003e28                FLASH_IRQHandler
                0x0000000008003e28                USART1_IRQHandler
                0x0000000008003e28                I2C1_ER_IRQHandler
                0x0000000008003e28                USBWakeUp_IRQHandler
 *fill*         0x0000000008003e2a        0x2 
 .text.__errno  0x0000000008003e2c        0xc /home/usr/Ac6/SystemWorkbench/plugins/fr.ac6.mcu.externaltools.arm-none.linux64_1.16.0.201807130628/tools/compiler/bin/../lib/gcc/arm-none-eabi/7.2.1/../../../../arm-none-eabi/lib/thumb/v7-m/libc_nano.a(lib_a-errno.o)
                0x0000000008003e2c                __errno
 .text.__libc_init_array
                0x0000000008003e38       0x48 /home/usr/Ac6/SystemWorkbench/plugins/fr.ac6.mcu.externaltools.arm-none.linux64_1.16.0.201807130628/tools/compiler/bin/../lib/gcc/arm-none-eabi/7.2.1/../../../../arm-none-eabi/lib/thumb/v7-m/libc_nano.a(lib_a-init.o)
                0x0000000008003e38                __libc_init_array
 .text.memset   0x0000000008003e80       0x10 /home/usr/Ac6/SystemWorkbench/plugins/fr.ac6.mcu.externaltools.arm-none.linux64_1.16.0.201807130628/tools/compiler/bin/../lib/gcc/arm-none-eabi/7.2.1/../../../../arm-none-eabi/lib/thumb/v7-m/libc_nano.a(lib_a-memset.o)
                0x0000000008003e80                memset
 .text.printf   0x0000000008003e90       0x30 /home/usr/Ac6/SystemWorkbench/plugins/fr.ac6.mcu.externaltools.arm-none.linux64_1.16.0.201807130628/tools/compiler/bin/../lib/gcc/arm-none-eabi/7.2.1/../../../../arm-none-eabi/lib/thumb/v7-m/libc_nano.a(lib_a-printf.o)
                0x0000000008003e90                printf
                0x0000000008003e90                iprintf
 .text._puts_r  0x0000000008003ec0       0xb8 /home/usr/Ac6/SystemWorkbench/plugins/fr.ac6.mcu.externaltools.arm-none.linux64_1.16.0.201807130628/tools/compiler/bin/../lib/gcc/arm-none-eabi/7.2.1/../../../../arm-none-eabi/lib/thumb/v7-m/libc_nano.a(lib_a-puts.o)
                0x0000000008003ec0                _puts_r
 .text.puts     0x0000000008003f78       0x10 /home/usr/Ac6/SystemWorkbench/plugins/fr.ac6.mcu.externaltools.arm-none.linux64_1.16.0.201807130628/tools/compiler/bin/../lib/gcc/arm-none-eabi/7.2.1/../../../../arm-none-eabi/lib/thumb/v7-m/libc_nano.a(lib_a-puts.o)
                0x0000000008003f78                puts
 .text.__swbuf_r
                0x0000000008003f88       0xa4 /home/usr/Ac6/SystemWorkbench/plugins/fr.ac6.mcu.externaltools.arm-none.linux64_1.16.0.201807130628/tools/compiler/bin/../lib/gcc/arm-none-eabi/7.2.1/../../../../arm-none-eabi/lib/thumb/v7-m/libc_nano.a(lib_a-wbuf.o)
                0x0000000008003f88                __swbuf_r
 .text.__swsetup_r
                0x000000000800402c       0xdc /home/usr/Ac6/SystemWorkbench/plugins/fr.ac6.mcu.externaltools.arm-none.linux64_1.16.0.201807130628/tools/compiler/bin/../lib/gcc/arm-none-eabi/7.2.1/../../../../arm-none-eabi/lib/thumb/v7-m/libc_nano.a(lib_a-wsetup.o)
                0x000000000800402c                __swsetup_r
 .text.__sflush_r
                0x0000000008004108      0x10c /home/usr/Ac6/SystemWorkbench/plugins/fr.ac6.mcu.externaltools.arm-none.linux64_1.16.0.201807130628/tools/compiler/bin/../lib/gcc/arm-none-eabi/7.2.1/../../../../arm-none-eabi/lib/thumb/v7-m/libc_nano.a(lib_a-fflush.o)
                0x0000000008004108                __sflush_r
 .text._fflush_r
                0x0000000008004214       0x54 /home/usr/Ac6/SystemWorkbench/plugins/fr.ac6.mcu.externaltools.arm-none.linux64_1.16.0.201807130628/tools/compiler/bin/../lib/gcc/arm-none-eabi/7.2.1/../../../../arm-none-eabi/lib/thumb/v7-m/libc_nano.a(lib_a-fflush.o)
                0x0000000008004214                _fflush_r
 .text.std      0x0000000008004268       0x48 /home/usr/Ac6/SystemWorkbench/plugins/fr.ac6.mcu.externaltools.arm-none.linux64_1.16.0.201807130628/tools/compiler/bin/../lib/gcc/arm-none-eabi/7.2.1/../../../../arm-none-eabi/lib/thumb/v7-m/libc_nano.a(lib_a-findfp.o)
 .text._cleanup_r
                0x00000000080042b0        0xc /home/usr/Ac6/SystemWorkbench/plugins/fr.ac6.mcu.externaltools.arm-none.linux64_1.16.0.201807130628/tools/compiler/bin/../lib/gcc/arm-none-eabi/7.2.1/../../../../arm-none-eabi/lib/thumb/v7-m/libc_nano.a(lib_a-findfp.o)
                0x00000000080042b0                _cleanup_r
 .text.__sfmoreglue
                0x00000000080042bc       0x2c /home/usr/Ac6/SystemWorkbench/plugins/fr.ac6.mcu.externaltools.arm-none.linux64_1.16.0.201807130628/tools/compiler/bin/../lib/gcc/arm-none-eabi/7.2.1/../../../../arm-none-eabi/lib/thumb/v7-m/libc_nano.a(lib_a-findfp.o)
                0x00000000080042bc                __sfmoreglue
 .text.__sinit  0x00000000080042e8       0x60 /home/usr/Ac6/SystemWorkbench/plugins/fr.ac6.mcu.externaltools.arm-none.linux64_1.16.0.201807130628/tools/compiler/bin/../lib/gcc/arm-none-eabi/7.2.1/../../../../arm-none-eabi/lib/thumb/v7-m/libc_nano.a(lib_a-findfp.o)
                0x00000000080042e8                __sinit
 .text.__sfp    0x0000000008004348       0x78 /home/usr/Ac6/SystemWorkbench/plugins/fr.ac6.mcu.externaltools.arm-none.linux64_1.16.0.201807130628/tools/compiler/bin/../lib/gcc/arm-none-eabi/7.2.1/../../../../arm-none-eabi/lib/thumb/v7-m/libc_nano.a(lib_a-findfp.o)
                0x0000000008004348                __sfp
 .text._fwalk_reent
                0x00000000080043c0       0x3c /home/usr/Ac6/SystemWorkbench/plugins/fr.ac6.mcu.externaltools.arm-none.linux64_1.16.0.201807130628/tools/compiler/bin/../lib/gcc/arm-none-eabi/7.2.1/../../../../arm-none-eabi/lib/thumb/v7-m/libc_nano.a(lib_a-fwalk.o)
                0x00000000080043c0                _fwalk_reent
 .text.__swhatbuf_r
                0x00000000080043fc       0x48 /home/usr/Ac6/SystemWorkbench/plugins/fr.ac6.mcu.externaltools.arm-none.linux64_1.16.0.201807130628/tools/compiler/bin/../lib/gcc/arm-none-eabi/7.2.1/../../../../arm-none-eabi/lib/thumb/v7-m/libc_nano.a(lib_a-makebuf.o)
                0x00000000080043fc                __swhatbuf_r
 .text.__smakebuf_r
                0x0000000008004444       0x80 /home/usr/Ac6/SystemWorkbench/plugins/fr.ac6.mcu.externaltools.arm-none.linux64_1.16.0.201807130628/tools/compiler/bin/../lib/gcc/arm-none-eabi/7.2.1/../../../../arm-none-eabi/lib/thumb/v7-m/libc_nano.a(lib_a-makebuf.o)
                0x0000000008004444                __smakebuf_r
 .text._free_r  0x00000000080044c4       0x98 /home/usr/Ac6/SystemWorkbench/plugins/fr.ac6.mcu.externaltools.arm-none.linux64_1.16.0.201807130628/tools/compiler/bin/../lib/gcc/arm-none-eabi/7.2.1/../../../../arm-none-eabi/lib/thumb/v7-m/libc_nano.a(lib_a-nano-freer.o)
                0x00000000080044c4                _free_r
 .text._malloc_r
                0x000000000800455c       0xb4 /home/usr/Ac6/SystemWorkbench/plugins/fr.ac6.mcu.externaltools.arm-none.linux64_1.16.0.201807130628/tools/compiler/bin/../lib/gcc/arm-none-eabi/7.2.1/../../../../arm-none-eabi/lib/thumb/v7-m/libc_nano.a(lib_a-nano-mallocr.o)
                0x000000000800455c                _malloc_r
 .text.__sfputc_r
                0x0000000008004610       0x2a /home/usr/Ac6/SystemWorkbench/plugins/fr.ac6.mcu.externaltools.arm-none.linux64_1.16.0.201807130628/tools/compiler/bin/../lib/gcc/arm-none-eabi/7.2.1/../../../../arm-none-eabi/lib/thumb/v7-m/libc_nano.a(lib_a-nano-vfprintf.o)
 .text.__sfputs_r
                0x000000000800463a       0x24 /home/usr/Ac6/SystemWorkbench/plugins/fr.ac6.mcu.externaltools.arm-none.linux64_1.16.0.201807130628/tools/compiler/bin/../lib/gcc/arm-none-eabi/7.2.1/../../../../arm-none-eabi/lib/thumb/v7-m/libc_nano.a(lib_a-nano-vfprintf.o)
                0x000000000800463a                __sfputs_r
 *fill*         0x000000000800465e        0x2 
 .text._vfprintf_r
                0x0000000008004660      0x228 /home/usr/Ac6/SystemWorkbench/plugins/fr.ac6.mcu.externaltools.arm-none.linux64_1.16.0.201807130628/tools/compiler/bin/../lib/gcc/arm-none-eabi/7.2.1/../../../../arm-none-eabi/lib/thumb/v7-m/libc_nano.a(lib_a-nano-vfprintf.o)
                0x0000000008004660                _vfiprintf_r
                0x0000000008004660                _vfprintf_r
 .text._printf_common
                0x0000000008004888       0xec /home/usr/Ac6/SystemWorkbench/plugins/fr.ac6.mcu.externaltools.arm-none.linux64_1.16.0.201807130628/tools/compiler/bin/../lib/gcc/arm-none-eabi/7.2.1/../../../../arm-none-eabi/lib/thumb/v7-m/libc_nano.a(lib_a-nano-vfprintf_i.o)
                0x0000000008004888                _printf_common
 .text._printf_i
                0x0000000008004974      0x224 /home/usr/Ac6/SystemWorkbench/plugins/fr.ac6.mcu.externaltools.arm-none.linux64_1.16.0.201807130628/tools/compiler/bin/../lib/gcc/arm-none-eabi/7.2.1/../../../../arm-none-eabi/lib/thumb/v7-m/libc_nano.a(lib_a-nano-vfprintf_i.o)
                0x0000000008004974                _printf_i
 .text._sbrk_r  0x0000000008004b98       0x20 /home/usr/Ac6/SystemWorkbench/plugins/fr.ac6.mcu.externaltools.arm-none.linux64_1.16.0.201807130628/tools/compiler/bin/../lib/gcc/arm-none-eabi/7.2.1/../../../../arm-none-eabi/lib/thumb/v7-m/libc_nano.a(lib_a-sbrkr.o)
                0x0000000008004b98                _sbrk_r
 .text.__sread  0x0000000008004bb8       0x22 /home/usr/Ac6/SystemWorkbench/plugins/fr.ac6.mcu.externaltools.arm-none.linux64_1.16.0.201807130628/tools/compiler/bin/../lib/gcc/arm-none-eabi/7.2.1/../../../../arm-none-eabi/lib/thumb/v7-m/libc_nano.a(lib_a-stdio.o)
                0x0000000008004bb8                __sread
 .text.__swrite
                0x0000000008004bda       0x38 /home/usr/Ac6/SystemWorkbench/plugins/fr.ac6.mcu.externaltools.arm-none.linux64_1.16.0.201807130628/tools/compiler/bin/../lib/gcc/arm-none-eabi/7.2.1/../../../../arm-none-eabi/lib/thumb/v7-m/libc_nano.a(lib_a-stdio.o)
                0x0000000008004bda                __swrite
 .text.__sseek  0x0000000008004c12       0x24 /home/usr/Ac6/SystemWorkbench/plugins/fr.ac6.mcu.externaltools.arm-none.linux64_1.16.0.201807130628/tools/compiler/bin/../lib/gcc/arm-none-eabi/7.2.1/../../../../arm-none-eabi/lib/thumb/v7-m/libc_nano.a(lib_a-stdio.o)
                0x0000000008004c12                __sseek
 .text.__sclose
                0x0000000008004c36        0x8 /home/usr/Ac6/SystemWorkbench/plugins/fr.ac6.mcu.externaltools.arm-none.linux64_1.16.0.201807130628/tools/compiler/bin/../lib/gcc/arm-none-eabi/7.2.1/../../../../arm-none-eabi/lib/thumb/v7-m/libc_nano.a(lib_a-stdio.o)
                0x0000000008004c36                __sclose
 *fill*         0x0000000008004c3e        0x2 
 .text._write_r
                0x0000000008004c40       0x24 /home/usr/Ac6/SystemWorkbench/plugins/fr.ac6.mcu.externaltools.arm-none.linux64_1.16.0.201807130628/tools/compiler/bin/../lib/gcc/arm-none-eabi/7.2.1/../../../../arm-none-eabi/lib/thumb/v7-m/libc_nano.a(lib_a-writer.o)
                0x0000000008004c40                _write_r
 .text._close_r
                0x0000000008004c64       0x20 /home/usr/Ac6/SystemWorkbench/plugins/fr.ac6.mcu.externaltools.arm-none.linux64_1.16.0.201807130628/tools/compiler/bin/../lib/gcc/arm-none-eabi/7.2.1/../../../../arm-none-eabi/lib/thumb/v7-m/libc_nano.a(lib_a-closer.o)
                0x0000000008004c64                _close_r
 .text._fstat_r
                0x0000000008004c84       0x24 /home/usr/Ac6/SystemWorkbench/plugins/fr.ac6.mcu.externaltools.arm-none.linux64_1.16.0.201807130628/tools/compiler/bin/../lib/gcc/arm-none-eabi/7.2.1/../../../../arm-none-eabi/lib/thumb/v7-m/libc_nano.a(lib_a-fstatr.o)
                0x0000000008004c84                _fstat_r
 .text._isatty_r
                0x0000000008004ca8       0x20 /home/usr/Ac6/SystemWorkbench/plugins/fr.ac6.mcu.externaltools.arm-none.linux64_1.16.0.201807130628/tools/compiler/bin/../lib/gcc/arm-none-eabi/7.2.1/../../../../arm-none-eabi/lib/thumb/v7-m/libc_nano.a(lib_a-isattyr.o)
                0x0000000008004ca8                _isatty_r
 .text._lseek_r
                0x0000000008004cc8       0x24 /home/usr/Ac6/SystemWorkbench/plugins/fr.ac6.mcu.externaltools.arm-none.linux64_1.16.0.201807130628/tools/compiler/bin/../lib/gcc/arm-none-eabi/7.2.1/../../../../arm-none-eabi/lib/thumb/v7-m/libc_nano.a(lib_a-lseekr.o)
                0x0000000008004cc8                _lseek_r
 .text.memchr   0x0000000008004cec       0x1c /home/usr/Ac6/SystemWorkbench/plugins/fr.ac6.mcu.externaltools.arm-none.linux64_1.16.0.201807130628/tools/compiler/bin/../lib/gcc/arm-none-eabi/7.2.1/../../../../arm-none-eabi/lib/thumb/v7-m/libc_nano.a(lib_a-memchr-stub.o)
                0x0000000008004cec                memchr
 .text.__malloc_lock
                0x0000000008004d08        0x2 /home/usr/Ac6/SystemWorkbench/plugins/fr.ac6.mcu.externaltools.arm-none.linux64_1.16.0.201807130628/tools/compiler/bin/../lib/gcc/arm-none-eabi/7.2.1/../../../../arm-none-eabi/lib/thumb/v7-m/libc_nano.a(lib_a-mlock.o)
                0x0000000008004d08                __malloc_lock
 .text.__malloc_unlock
                0x0000000008004d0a        0x2 /home/usr/Ac6/SystemWorkbench/plugins/fr.ac6.mcu.externaltools.arm-none.linux64_1.16.0.201807130628/tools/compiler/bin/../lib/gcc/arm-none-eabi/7.2.1/../../../../arm-none-eabi/lib/thumb/v7-m/libc_nano.a(lib_a-mlock.o)
                0x0000000008004d0a                __malloc_unlock
 .text._read_r  0x0000000008004d0c       0x24 /home/usr/Ac6/SystemWorkbench/plugins/fr.ac6.mcu.externaltools.arm-none.linux64_1.16.0.201807130628/tools/compiler/bin/../lib/gcc/arm-none-eabi/7.2.1/../../../../arm-none-eabi/lib/thumb/v7-m/libc_nano.a(lib_a-readr.o)
                0x0000000008004d0c                _read_r
 .text._close   0x0000000008004d30       0x10 /home/usr/Ac6/SystemWorkbench/plugins/fr.ac6.mcu.externaltools.arm-none.linux64_1.16.0.201807130628/tools/compiler/bin/../lib/gcc/arm-none-eabi/7.2.1/../../../../arm-none-eabi/lib/thumb/v7-m/libnosys.a(close.o)
                0x0000000008004d30                _close
 .text._fstat   0x0000000008004d40       0x10 /home/usr/Ac6/SystemWorkbench/plugins/fr.ac6.mcu.externaltools.arm-none.linux64_1.16.0.201807130628/tools/compiler/bin/../lib/gcc/arm-none-eabi/7.2.1/../../../../arm-none-eabi/lib/thumb/v7-m/libnosys.a(fstat.o)
                0x0000000008004d40                _fstat
 .text._isatty  0x0000000008004d50       0x10 /home/usr/Ac6/SystemWorkbench/plugins/fr.ac6.mcu.externaltools.arm-none.linux64_1.16.0.201807130628/tools/compiler/bin/../lib/gcc/arm-none-eabi/7.2.1/../../../../arm-none-eabi/lib/thumb/v7-m/libnosys.a(isatty.o)
                0x0000000008004d50                _isatty
 .text._lseek   0x0000000008004d60       0x10 /home/usr/Ac6/SystemWorkbench/plugins/fr.ac6.mcu.externaltools.arm-none.linux64_1.16.0.201807130628/tools/compiler/bin/../lib/gcc/arm-none-eabi/7.2.1/../../../../arm-none-eabi/lib/thumb/v7-m/libnosys.a(lseek.o)
                0x0000000008004d60                _lseek
 .text._read    0x0000000008004d70       0x10 /home/usr/Ac6/SystemWorkbench/plugins/fr.ac6.mcu.externaltools.arm-none.linux64_1.16.0.201807130628/tools/compiler/bin/../lib/gcc/arm-none-eabi/7.2.1/../../../../arm-none-eabi/lib/thumb/v7-m/libnosys.a(read.o)
                0x0000000008004d70                _read
 .text._sbrk    0x0000000008004d80       0x1c /home/usr/Ac6/SystemWorkbench/plugins/fr.ac6.mcu.externaltools.arm-none.linux64_1.16.0.201807130628/tools/compiler/bin/../lib/gcc/arm-none-eabi/7.2.1/../../../../arm-none-eabi/lib/thumb/v7-m/libnosys.a(sbrk.o)
                0x0000000008004d80                _sbrk
 *(.glue_7)
 .glue_7        0x0000000008004d9c        0x0 linker stubs
 *(.glue_7t)
 .glue_7t       0x0000000008004d9c        0x0 linker stubs
 *(.eh_frame)
 .eh_frame      0x0000000008004d9c        0x0 /home/usr/Ac6/SystemWorkbench/plugins/fr.ac6.mcu.externaltools.arm-none.linux64_1.16.0.201807130628/tools/compiler/bin/../lib/gcc/arm-none-eabi/7.2.1/thumb/v7-m/crtbegin.o
 *(.init)
 .init          0x0000000008004d9c        0x4 /home/usr/Ac6/SystemWorkbench/plugins/fr.ac6.mcu.externaltools.arm-none.linux64_1.16.0.201807130628/tools/compiler/bin/../lib/gcc/arm-none-eabi/7.2.1/thumb/v7-m/crti.o
                0x0000000008004d9c                _init
 .init          0x0000000008004da0        0x8 /home/usr/Ac6/SystemWorkbench/plugins/fr.ac6.mcu.externaltools.arm-none.linux64_1.16.0.201807130628/tools/compiler/bin/../lib/gcc/arm-none-eabi/7.2.1/thumb/v7-m/crtn.o
 *(.fini)
 .fini          0x0000000008004da8        0x4 /home/usr/Ac6/SystemWorkbench/plugins/fr.ac6.mcu.externaltools.arm-none.linux64_1.16.0.201807130628/tools/compiler/bin/../lib/gcc/arm-none-eabi/7.2.1/thumb/v7-m/crti.o
                0x0000000008004da8                _fini
 .fini          0x0000000008004dac        0x8 /home/usr/Ac6/SystemWorkbench/plugins/fr.ac6.mcu.externaltools.arm-none.linux64_1.16.0.201807130628/tools/compiler/bin/../lib/gcc/arm-none-eabi/7.2.1/thumb/v7-m/crtn.o
                0x0000000008004db4                . = ALIGN (0x4)
                0x0000000008004db4                _etext = .

.vfp11_veneer   0x0000000008004db4        0x0
 .vfp11_veneer  0x0000000008004db4        0x0 linker stubs

.v4_bx          0x0000000008004db4        0x0
 .v4_bx         0x0000000008004db4        0x0 linker stubs

.iplt           0x0000000008004db4        0x0
 .iplt          0x0000000008004db4        0x0 /home/usr/Ac6/SystemWorkbench/plugins/fr.ac6.mcu.externaltools.arm-none.linux64_1.16.0.201807130628/tools/compiler/bin/../lib/gcc/arm-none-eabi/7.2.1/thumb/v7-m/crtbegin.o

.rodata         0x0000000008004db4      0x4bc
                0x0000000008004db4                . = ALIGN (0x4)
 *(.rodata)
 .rodata        0x0000000008004db4       0x18 Core/Src/system_stm32f1xx.o
                0x0000000008004db4                AHBPrescTable
                0x0000000008004dc4                APBPrescTable
 .rodata        0x0000000008004dcc       0x12 Drivers/STM32F1xx_HAL_Driver/Src/stm32f1xx_hal_rcc.o
 *(.rodata*)
 *fill*         0x0000000008004dde        0x2 
 .rodata.str1.4
                0x0000000008004de0      0x1cc Core/Src/main.o
 .rodata.str1.4
                0x0000000008004fac       0x13 Core/Src/uart.o
 *fill*         0x0000000008004fbf        0x1 
 .rodata.str1.4
                0x0000000008004fc0       0x49 Middlewares/ST/STM32_USB_Device_Library/Class/CDC/Src/usbd_cdc.o
 *fill*         0x0000000008005009        0x3 
 .rodata.str1.4
                0x000000000800500c      0x147 USB_DEVICE/usbd_cdc_if.o
 *fill*         0x0000000008005153        0x1 
 .rodata.str1.4
                0x0000000008005154       0x1a USB_DEVICE/usbd_conf.o
 *fill*         0x000000000800516e        0x2 
 .rodata.str1.4
                0x0000000008005170       0x68 USB_DEVICE/usbd_desc.o
                                         0x65 (size before relaxing)
 .rodata._global_impure_ptr
                0x00000000080051d8        0x4 /home/usr/Ac6/SystemWorkbench/plugins/fr.ac6.mcu.externaltools.arm-none.linux64_1.16.0.201807130628/tools/compiler/bin/../lib/gcc/arm-none-eabi/7.2.1/../../../../arm-none-eabi/lib/thumb/v7-m/libc_nano.a(lib_a-impure.o)
                0x00000000080051d8                _global_impure_ptr
 .rodata.__sf_fake_stderr
                0x00000000080051dc       0x20 /home/usr/Ac6/SystemWorkbench/plugins/fr.ac6.mcu.externaltools.arm-none.linux64_1.16.0.201807130628/tools/compiler/bin/../lib/gcc/arm-none-eabi/7.2.1/../../../../arm-none-eabi/lib/thumb/v7-m/libc_nano.a(lib_a-findfp.o)
                0x00000000080051dc                __sf_fake_stderr
 .rodata.__sf_fake_stdin
                0x00000000080051fc       0x20 /home/usr/Ac6/SystemWorkbench/plugins/fr.ac6.mcu.externaltools.arm-none.linux64_1.16.0.201807130628/tools/compiler/bin/../lib/gcc/arm-none-eabi/7.2.1/../../../../arm-none-eabi/lib/thumb/v7-m/libc_nano.a(lib_a-findfp.o)
                0x00000000080051fc                __sf_fake_stdin
 .rodata.__sf_fake_stdout
                0x000000000800521c       0x20 /home/usr/Ac6/SystemWorkbench/plugins/fr.ac6.mcu.externaltools.arm-none.linux64_1.16.0.201807130628/tools/compiler/bin/../lib/gcc/arm-none-eabi/7.2.1/../../../../arm-none-eabi/lib/thumb/v7-m/libc_nano.a(lib_a-findfp.o)
                0x000000000800521c                __sf_fake_stdout
 .rodata._vfprintf_r.str1.1
                0x000000000800523c       0x11 /home/usr/Ac6/SystemWorkbench/plugins/fr.ac6.mcu.externaltools.arm-none.linux64_1.16.0.201807130628/tools/compiler/bin/../lib/gcc/arm-none-eabi/7.2.1/../../../../arm-none-eabi/lib/thumb/v7-m/libc_nano.a(lib_a-nano-vfprintf.o)
 .rodata._printf_i.str1.1
                0x000000000800524d       0x22 /home/usr/Ac6/SystemWorkbench/plugins/fr.ac6.mcu.externaltools.arm-none.linux64_1.16.0.201807130628/tools/compiler/bin/../lib/gcc/arm-none-eabi/7.2.1/../../../../arm-none-eabi/lib/thumb/v7-m/libc_nano.a(lib_a-nano-vfprintf_i.o)
                0x0000000008005270                . = ALIGN (0x4)
 *fill*         0x000000000800526f        0x1 

.rel.dyn        0x0000000008005270        0x0
 .rel.iplt      0x0000000008005270        0x0 /home/usr/Ac6/SystemWorkbench/plugins/fr.ac6.mcu.externaltools.arm-none.linux64_1.16.0.201807130628/tools/compiler/bin/../lib/gcc/arm-none-eabi/7.2.1/thumb/v7-m/crtbegin.o

.ARM.extab
 *(.ARM.extab* .gnu.linkonce.armextab.*)

.ARM            0x0000000008005270        0x0
                0x0000000008005270                __exidx_start = .
 *(.ARM.exidx*)
                0x0000000008005270                __exidx_end = .

.preinit_array  0x0000000008005270        0x0
                0x0000000008005270                PROVIDE (__preinit_array_start, .)
 *(.preinit_array*)
                0x0000000008005270                PROVIDE (__preinit_array_end, .)

.init_array     0x0000000008005270        0x4
                0x0000000008005270                PROVIDE (__init_array_start, .)
 *(SORT_BY_NAME(.init_array.*))
 *(.init_array*)
 .init_array    0x0000000008005270        0x4 /home/usr/Ac6/SystemWorkbench/plugins/fr.ac6.mcu.externaltools.arm-none.linux64_1.16.0.201807130628/tools/compiler/bin/../lib/gcc/arm-none-eabi/7.2.1/thumb/v7-m/crtbegin.o
                0x0000000008005274                PROVIDE (__init_array_end, .)

.fini_array     0x0000000008005274        0x4
                [!provide]                        PROVIDE (__fini_array_start, .)
 *(SORT_BY_NAME(.fini_array.*))
 *(.fini_array*)
 .fini_array    0x0000000008005274        0x4 /home/usr/Ac6/SystemWorkbench/plugins/fr.ac6.mcu.externaltools.arm-none.linux64_1.16.0.201807130628/tools/compiler/bin/../lib/gcc/arm-none-eabi/7.2.1/thumb/v7-m/crtbegin.o
                [!provide]                        PROVIDE (__fini_array_end, .)
                0x0000000008005278                _sidata = LOADADDR (.data)

.data           0x0000000020000000      0x1ec load address 0x0000000008005278
                0x0000000020000000                . = ALIGN (0x4)
                0x0000000020000000                _sdata = .
 *(.data)
 .data          0x0000000020000000        0x4 Core/Src/system_stm32f1xx.o
                0x0000000020000000                SystemCoreClock
 .data          0x0000000020000004        0x8 Drivers/STM32F1xx_HAL_Driver/Src/stm32f1xx_hal.o
                0x0000000020000004                uwTickFreq
                0x0000000020000008                uwTickPrio
 .data          0x000000002000000c      0x134 Middlewares/ST/STM32_USB_Device_Library/Class/CDC/Src/usbd_cdc.o
                0x000000002000000c                USBD_CDC_CfgFSDesc
                0x000000002000005c                USBD_CDC_CfgHSDesc
                0x00000000200000ac                USBD_CDC_OtherSpeedCfgDesc
                0x0000000020000108                USBD_CDC
 .data          0x0000000020000140       0x10 USB_DEVICE/usbd_cdc_if.o
                0x0000000020000140                USBD_Interface_fops_FS
 .data          0x0000000020000150       0x38 USB_DEVICE/usbd_desc.o
                0x0000000020000150                USBD_FS_DeviceDesc
                0x0000000020000164                USBD_LangIDDesc
                0x0000000020000168                FS_Desc
 *(.data*)
 .data._impure_ptr
                0x0000000020000188        0x4 /home/usr/Ac6/SystemWorkbench/plugins/fr.ac6.mcu.externaltools.arm-none.linux64_1.16.0.201807130628/tools/compiler/bin/../lib/gcc/arm-none-eabi/7.2.1/../../../../arm-none-eabi/lib/thumb/v7-m/libc_nano.a(lib_a-impure.o)
                0x0000000020000188                _impure_ptr
 .data.impure_data
                0x000000002000018c       0x60 /home/usr/Ac6/SystemWorkbench/plugins/fr.ac6.mcu.externaltools.arm-none.linux64_1.16.0.201807130628/tools/compiler/bin/../lib/gcc/arm-none-eabi/7.2.1/../../../../arm-none-eabi/lib/thumb/v7-m/libc_nano.a(lib_a-impure.o)
                0x00000000200001ec                . = ALIGN (0x4)
                0x00000000200001ec                _edata = .

.igot.plt       0x00000000200001ec        0x0 load address 0x0000000008005464
 .igot.plt      0x00000000200001ec        0x0 /home/usr/Ac6/SystemWorkbench/plugins/fr.ac6.mcu.externaltools.arm-none.linux64_1.16.0.201807130628/tools/compiler/bin/../lib/gcc/arm-none-eabi/7.2.1/thumb/v7-m/crtbegin.o
                0x00000000200001ec                . = ALIGN (0x4)

.bss            0x00000000200001ec     0x198c load address 0x0000000008005464
                0x00000000200001ec                _sbss = .
                0x00000000200001ec                __bss_start__ = _sbss
 *(.bss)
 .bss           0x00000000200001ec       0x1c /home/usr/Ac6/SystemWorkbench/plugins/fr.ac6.mcu.externaltools.arm-none.linux64_1.16.0.201807130628/tools/compiler/bin/../lib/gcc/arm-none-eabi/7.2.1/thumb/v7-m/crtbegin.o
 .bss           0x0000000020000208        0x1 Middlewares/ST/STM32_USB_Device_Library/Class/CDC/Src/usbd_cdc.o
 .bss           0x0000000020000209        0x1 Middlewares/ST/STM32_USB_Device_Library/Core/Src/usbd_ctlreq.o
 *fill*         0x000000002000020a        0x2 
 .bss           0x000000002000020c      0x234 USB_DEVICE/usbd_conf.o
 *(.bss*)
 .bss.__malloc_free_list
                0x0000000020000440        0x4 /home/usr/Ac6/SystemWorkbench/plugins/fr.ac6.mcu.externaltools.arm-none.linux64_1.16.0.201807130628/tools/compiler/bin/../lib/gcc/arm-none-eabi/7.2.1/../../../../arm-none-eabi/lib/thumb/v7-m/libc_nano.a(lib_a-nano-mallocr.o)
                0x0000000020000440                __malloc_free_list
 .bss.__malloc_sbrk_start
                0x0000000020000444        0x4 /home/usr/Ac6/SystemWorkbench/plugins/fr.ac6.mcu.externaltools.arm-none.linux64_1.16.0.201807130628/tools/compiler/bin/../lib/gcc/arm-none-eabi/7.2.1/../../../../arm-none-eabi/lib/thumb/v7-m/libc_nano.a(lib_a-nano-mallocr.o)
                0x0000000020000444                __malloc_sbrk_start
 .bss.heap_end.4102
                0x0000000020000448        0x4 /home/usr/Ac6/SystemWorkbench/plugins/fr.ac6.mcu.externaltools.arm-none.linux64_1.16.0.201807130628/tools/compiler/bin/../lib/gcc/arm-none-eabi/7.2.1/../../../../arm-none-eabi/lib/thumb/v7-m/libnosys.a(sbrk.o)
 *(COMMON)
 COMMON         0x000000002000044c      0xe9e Core/Src/main.o
                0x000000002000044c                rx_state
                0x0000000020000450                hcrc
                0x0000000020000458                DataRxRdy
                0x000000002000045a                LengthDataUsbRecv
                0x000000002000045c                flagRx
                0x0000000020000460                UserRxBufferFS
                0x0000000020000a5a                UartTxHeader
                0x0000000020000a5b                RxTokenRdy
                0x0000000020000a5c                flagTx
                0x0000000020000a5e                EtherPacketFilter
                0x0000000020000a60                huart1
                0x0000000020000aa0                UserTxBufferFS
                0x000000002000108a                DataUartRecv
                0x000000002000108c                RxTokenSec
                0x0000000020001090                DataRx
                0x0000000020001290                HeaderRx
                0x00000000200012a0                LengthDataUartRecv
                0x00000000200012a4                DataLenght
                0x00000000200012a8                huart2
                0x00000000200012e8                DataUsbRecv
                0x00000000200012e9                iHeaderRx
 *fill*         0x00000000200012ea        0x2 
 COMMON         0x00000000200012ec        0x4 Drivers/STM32F1xx_HAL_Driver/Src/stm32f1xx_hal.o
                0x00000000200012ec                uwTick
 COMMON         0x00000000200012f0      0x224 USB_DEVICE/usb_device.o
                0x00000000200012f0                hUsbDeviceFS
 COMMON         0x0000000020001514      0x460 USB_DEVICE/usbd_conf.o
                0x0000000020001514                hpcd_USB_FS
 COMMON         0x0000000020001974      0x200 USB_DEVICE/usbd_desc.o
                0x0000000020001974                USBD_StrDesc
 COMMON         0x0000000020001b74        0x4 /home/usr/Ac6/SystemWorkbench/plugins/fr.ac6.mcu.externaltools.arm-none.linux64_1.16.0.201807130628/tools/compiler/bin/../lib/gcc/arm-none-eabi/7.2.1/../../../../arm-none-eabi/lib/thumb/v7-m/libc_nano.a(lib_a-reent.o)
                0x0000000020001b74                errno
                0x0000000020001b78                . = ALIGN (0x4)
                0x0000000020001b78                _ebss = .
                0x0000000020001b78                __bss_end__ = _ebss

._user_heap_stack
                0x0000000020001b78      0x600 load address 0x0000000008005464
                0x0000000020001b78                . = ALIGN (0x8)
                0x0000000020001b78                PROVIDE (end, .)
                [!provide]                        PROVIDE (_end, .)
                0x0000000020001d78                . = (. + _Min_Heap_Size)
 *fill*         0x0000000020001b78      0x200 
                0x0000000020002178                . = (. + _Min_Stack_Size)
 *fill*         0x0000000020001d78      0x400 
                0x0000000020002178                . = ALIGN (0x8)

/DISCARD/
 libc.a(*)
 libm.a(*)
 libgcc.a(*)

.ARM.attributes
                0x0000000000000000       0x29
 *(.ARM.attributes)
 .ARM.attributes
                0x0000000000000000       0x1d /home/usr/Ac6/SystemWorkbench/plugins/fr.ac6.mcu.externaltools.arm-none.linux64_1.16.0.201807130628/tools/compiler/bin/../lib/gcc/arm-none-eabi/7.2.1/thumb/v7-m/crti.o
 .ARM.attributes
                0x000000000000001d       0x2d /home/usr/Ac6/SystemWorkbench/plugins/fr.ac6.mcu.externaltools.arm-none.linux64_1.16.0.201807130628/tools/compiler/bin/../lib/gcc/arm-none-eabi/7.2.1/thumb/v7-m/crtbegin.o
 .ARM.attributes
                0x000000000000004a       0x33 Core/Src/main.o
 .ARM.attributes
                0x000000000000007d       0x33 Core/Src/stm32f1xx_hal_msp.o
 .ARM.attributes
                0x00000000000000b0       0x33 Core/Src/stm32f1xx_it.o
 .ARM.attributes
                0x00000000000000e3       0x33 Core/Src/system_stm32f1xx.o
 .ARM.attributes
                0x0000000000000116       0x33 Core/Src/uart.o
 .ARM.attributes
                0x0000000000000149       0x33 Drivers/STM32F1xx_HAL_Driver/Src/stm32f1xx_hal.o
 .ARM.attributes
                0x000000000000017c       0x33 Drivers/STM32F1xx_HAL_Driver/Src/stm32f1xx_hal_cortex.o
 .ARM.attributes
                0x00000000000001af       0x33 Drivers/STM32F1xx_HAL_Driver/Src/stm32f1xx_hal_crc.o
 .ARM.attributes
                0x00000000000001e2       0x33 Drivers/STM32F1xx_HAL_Driver/Src/stm32f1xx_hal_dma.o
 .ARM.attributes
                0x0000000000000215       0x33 Drivers/STM32F1xx_HAL_Driver/Src/stm32f1xx_hal_gpio.o
 .ARM.attributes
                0x0000000000000248       0x33 Drivers/STM32F1xx_HAL_Driver/Src/stm32f1xx_hal_pcd.o
 .ARM.attributes
                0x000000000000027b       0x33 Drivers/STM32F1xx_HAL_Driver/Src/stm32f1xx_hal_pcd_ex.o
 .ARM.attributes
                0x00000000000002ae       0x33 Drivers/STM32F1xx_HAL_Driver/Src/stm32f1xx_hal_rcc.o
 .ARM.attributes
                0x00000000000002e1       0x33 Drivers/STM32F1xx_HAL_Driver/Src/stm32f1xx_hal_rcc_ex.o
 .ARM.attributes
                0x0000000000000314       0x33 Drivers/STM32F1xx_HAL_Driver/Src/stm32f1xx_hal_uart.o
 .ARM.attributes
                0x0000000000000347       0x33 Drivers/STM32F1xx_HAL_Driver/Src/stm32f1xx_ll_usb.o
 .ARM.attributes
                0x000000000000037a       0x33 Middlewares/ST/STM32_USB_Device_Library/Class/CDC/Src/usbd_cdc.o
 .ARM.attributes
                0x00000000000003ad       0x33 Middlewares/ST/STM32_USB_Device_Library/Core/Src/usbd_core.o
 .ARM.attributes
                0x00000000000003e0       0x33 Middlewares/ST/STM32_USB_Device_Library/Core/Src/usbd_ctlreq.o
 .ARM.attributes
                0x0000000000000413       0x33 Middlewares/ST/STM32_USB_Device_Library/Core/Src/usbd_ioreq.o
 .ARM.attributes
                0x0000000000000446       0x33 USB_DEVICE/usb_device.o
 .ARM.attributes
                0x0000000000000479       0x33 USB_DEVICE/usbd_cdc_if.o
 .ARM.attributes
                0x00000000000004ac       0x33 USB_DEVICE/usbd_conf.o
 .ARM.attributes
                0x00000000000004df       0x33 USB_DEVICE/usbd_desc.o
 .ARM.attributes
                0x0000000000000512       0x21 startup/startup_stm32f103x6.o
 .ARM.attributes
                0x0000000000000533       0x2d /home/usr/Ac6/SystemWorkbench/plugins/fr.ac6.mcu.externaltools.arm-none.linux64_1.16.0.201807130628/tools/compiler/bin/../lib/gcc/arm-none-eabi/7.2.1/../../../../arm-none-eabi/lib/thumb/v7-m/libc_nano.a(lib_a-errno.o)
 .ARM.attributes
                0x0000000000000560       0x2d /home/usr/Ac6/SystemWorkbench/plugins/fr.ac6.mcu.externaltools.arm-none.linux64_1.16.0.201807130628/tools/compiler/bin/../lib/gcc/arm-none-eabi/7.2.1/../../../../arm-none-eabi/lib/thumb/v7-m/libc_nano.a(lib_a-impure.o)
 .ARM.attributes
                0x000000000000058d       0x2d /home/usr/Ac6/SystemWorkbench/plugins/fr.ac6.mcu.externaltools.arm-none.linux64_1.16.0.201807130628/tools/compiler/bin/../lib/gcc/arm-none-eabi/7.2.1/../../../../arm-none-eabi/lib/thumb/v7-m/libc_nano.a(lib_a-init.o)
 .ARM.attributes
                0x00000000000005ba       0x2d /home/usr/Ac6/SystemWorkbench/plugins/fr.ac6.mcu.externaltools.arm-none.linux64_1.16.0.201807130628/tools/compiler/bin/../lib/gcc/arm-none-eabi/7.2.1/../../../../arm-none-eabi/lib/thumb/v7-m/libc_nano.a(lib_a-memset.o)
 .ARM.attributes
                0x00000000000005e7       0x2d /home/usr/Ac6/SystemWorkbench/plugins/fr.ac6.mcu.externaltools.arm-none.linux64_1.16.0.201807130628/tools/compiler/bin/../lib/gcc/arm-none-eabi/7.2.1/../../../../arm-none-eabi/lib/thumb/v7-m/libc_nano.a(lib_a-printf.o)
 .ARM.attributes
                0x0000000000000614       0x2d /home/usr/Ac6/SystemWorkbench/plugins/fr.ac6.mcu.externaltools.arm-none.linux64_1.16.0.201807130628/tools/compiler/bin/../lib/gcc/arm-none-eabi/7.2.1/../../../../arm-none-eabi/lib/thumb/v7-m/libc_nano.a(lib_a-puts.o)
 .ARM.attributes
                0x0000000000000641       0x2d /home/usr/Ac6/SystemWorkbench/plugins/fr.ac6.mcu.externaltools.arm-none.linux64_1.16.0.201807130628/tools/compiler/bin/../lib/gcc/arm-none-eabi/7.2.1/../../../../arm-none-eabi/lib/thumb/v7-m/libc_nano.a(lib_a-wbuf.o)
 .ARM.attributes
                0x000000000000066e       0x2d /home/usr/Ac6/SystemWorkbench/plugins/fr.ac6.mcu.externaltools.arm-none.linux64_1.16.0.201807130628/tools/compiler/bin/../lib/gcc/arm-none-eabi/7.2.1/../../../../arm-none-eabi/lib/thumb/v7-m/libc_nano.a(lib_a-wsetup.o)
 .ARM.attributes
                0x000000000000069b       0x2d /home/usr/Ac6/SystemWorkbench/plugins/fr.ac6.mcu.externaltools.arm-none.linux64_1.16.0.201807130628/tools/compiler/bin/../lib/gcc/arm-none-eabi/7.2.1/../../../../arm-none-eabi/lib/thumb/v7-m/libc_nano.a(lib_a-fflush.o)
 .ARM.attributes
                0x00000000000006c8       0x2d /home/usr/Ac6/SystemWorkbench/plugins/fr.ac6.mcu.externaltools.arm-none.linux64_1.16.0.201807130628/tools/compiler/bin/../lib/gcc/arm-none-eabi/7.2.1/../../../../arm-none-eabi/lib/thumb/v7-m/libc_nano.a(lib_a-findfp.o)
 .ARM.attributes
                0x00000000000006f5       0x2d /home/usr/Ac6/SystemWorkbench/plugins/fr.ac6.mcu.externaltools.arm-none.linux64_1.16.0.201807130628/tools/compiler/bin/../lib/gcc/arm-none-eabi/7.2.1/../../../../arm-none-eabi/lib/thumb/v7-m/libc_nano.a(lib_a-fwalk.o)
 .ARM.attributes
                0x0000000000000722       0x2d /home/usr/Ac6/SystemWorkbench/plugins/fr.ac6.mcu.externaltools.arm-none.linux64_1.16.0.201807130628/tools/compiler/bin/../lib/gcc/arm-none-eabi/7.2.1/../../../../arm-none-eabi/lib/thumb/v7-m/libc_nano.a(lib_a-makebuf.o)
 .ARM.attributes
                0x000000000000074f       0x2d /home/usr/Ac6/SystemWorkbench/plugins/fr.ac6.mcu.externaltools.arm-none.linux64_1.16.0.201807130628/tools/compiler/bin/../lib/gcc/arm-none-eabi/7.2.1/../../../../arm-none-eabi/lib/thumb/v7-m/libc_nano.a(lib_a-nano-freer.o)
 .ARM.attributes
                0x000000000000077c       0x2d /home/usr/Ac6/SystemWorkbench/plugins/fr.ac6.mcu.externaltools.arm-none.linux64_1.16.0.201807130628/tools/compiler/bin/../lib/gcc/arm-none-eabi/7.2.1/../../../../arm-none-eabi/lib/thumb/v7-m/libc_nano.a(lib_a-nano-mallocr.o)
 .ARM.attributes
                0x00000000000007a9       0x2d /home/usr/Ac6/SystemWorkbench/plugins/fr.ac6.mcu.externaltools.arm-none.linux64_1.16.0.201807130628/tools/compiler/bin/../lib/gcc/arm-none-eabi/7.2.1/../../../../arm-none-eabi/lib/thumb/v7-m/libc_nano.a(lib_a-nano-vfprintf.o)
 .ARM.attributes
                0x00000000000007d6       0x2d /home/usr/Ac6/SystemWorkbench/plugins/fr.ac6.mcu.externaltools.arm-none.linux64_1.16.0.201807130628/tools/compiler/bin/../lib/gcc/arm-none-eabi/7.2.1/../../../../arm-none-eabi/lib/thumb/v7-m/libc_nano.a(lib_a-nano-vfprintf_i.o)
 .ARM.attributes
                0x0000000000000803       0x2d /home/usr/Ac6/SystemWorkbench/plugins/fr.ac6.mcu.externaltools.arm-none.linux64_1.16.0.201807130628/tools/compiler/bin/../lib/gcc/arm-none-eabi/7.2.1/../../../../arm-none-eabi/lib/thumb/v7-m/libc_nano.a(lib_a-sbrkr.o)
 .ARM.attributes
                0x0000000000000830       0x2d /home/usr/Ac6/SystemWorkbench/plugins/fr.ac6.mcu.externaltools.arm-none.linux64_1.16.0.201807130628/tools/compiler/bin/../lib/gcc/arm-none-eabi/7.2.1/../../../../arm-none-eabi/lib/thumb/v7-m/libc_nano.a(lib_a-stdio.o)
 .ARM.attributes
                0x000000000000085d       0x2d /home/usr/Ac6/SystemWorkbench/plugins/fr.ac6.mcu.externaltools.arm-none.linux64_1.16.0.201807130628/tools/compiler/bin/../lib/gcc/arm-none-eabi/7.2.1/../../../../arm-none-eabi/lib/thumb/v7-m/libc_nano.a(lib_a-writer.o)
 .ARM.attributes
                0x000000000000088a       0x2d /home/usr/Ac6/SystemWorkbench/plugins/fr.ac6.mcu.externaltools.arm-none.linux64_1.16.0.201807130628/tools/compiler/bin/../lib/gcc/arm-none-eabi/7.2.1/../../../../arm-none-eabi/lib/thumb/v7-m/libc_nano.a(lib_a-closer.o)
 .ARM.attributes
                0x00000000000008b7       0x2d /home/usr/Ac6/SystemWorkbench/plugins/fr.ac6.mcu.externaltools.arm-none.linux64_1.16.0.201807130628/tools/compiler/bin/../lib/gcc/arm-none-eabi/7.2.1/../../../../arm-none-eabi/lib/thumb/v7-m/libc_nano.a(lib_a-fstatr.o)
 .ARM.attributes
                0x00000000000008e4       0x2d /home/usr/Ac6/SystemWorkbench/plugins/fr.ac6.mcu.externaltools.arm-none.linux64_1.16.0.201807130628/tools/compiler/bin/../lib/gcc/arm-none-eabi/7.2.1/../../../../arm-none-eabi/lib/thumb/v7-m/libc_nano.a(lib_a-isattyr.o)
 .ARM.attributes
                0x0000000000000911       0x2d /home/usr/Ac6/SystemWorkbench/plugins/fr.ac6.mcu.externaltools.arm-none.linux64_1.16.0.201807130628/tools/compiler/bin/../lib/gcc/arm-none-eabi/7.2.1/../../../../arm-none-eabi/lib/thumb/v7-m/libc_nano.a(lib_a-lseekr.o)
 .ARM.attributes
                0x000000000000093e       0x2d /home/usr/Ac6/SystemWorkbench/plugins/fr.ac6.mcu.externaltools.arm-none.linux64_1.16.0.201807130628/tools/compiler/bin/../lib/gcc/arm-none-eabi/7.2.1/../../../../arm-none-eabi/lib/thumb/v7-m/libc_nano.a(lib_a-memchr-stub.o)
 .ARM.attributes
                0x000000000000096b       0x2d /home/usr/Ac6/SystemWorkbench/plugins/fr.ac6.mcu.externaltools.arm-none.linux64_1.16.0.201807130628/tools/compiler/bin/../lib/gcc/arm-none-eabi/7.2.1/../../../../arm-none-eabi/lib/thumb/v7-m/libc_nano.a(lib_a-mlock.o)
 .ARM.attributes
                0x0000000000000998       0x2d /home/usr/Ac6/SystemWorkbench/plugins/fr.ac6.mcu.externaltools.arm-none.linux64_1.16.0.201807130628/tools/compiler/bin/../lib/gcc/arm-none-eabi/7.2.1/../../../../arm-none-eabi/lib/thumb/v7-m/libc_nano.a(lib_a-readr.o)
 .ARM.attributes
                0x00000000000009c5       0x2d /home/usr/Ac6/SystemWorkbench/plugins/fr.ac6.mcu.externaltools.arm-none.linux64_1.16.0.201807130628/tools/compiler/bin/../lib/gcc/arm-none-eabi/7.2.1/../../../../arm-none-eabi/lib/thumb/v7-m/libc_nano.a(lib_a-reent.o)
 .ARM.attributes
                0x00000000000009f2       0x2d /home/usr/Ac6/SystemWorkbench/plugins/fr.ac6.mcu.externaltools.arm-none.linux64_1.16.0.201807130628/tools/compiler/bin/../lib/gcc/arm-none-eabi/7.2.1/../../../../arm-none-eabi/lib/thumb/v7-m/libnosys.a(close.o)
 .ARM.attributes
                0x0000000000000a1f       0x2d /home/usr/Ac6/SystemWorkbench/plugins/fr.ac6.mcu.externaltools.arm-none.linux64_1.16.0.201807130628/tools/compiler/bin/../lib/gcc/arm-none-eabi/7.2.1/../../../../arm-none-eabi/lib/thumb/v7-m/libnosys.a(fstat.o)
 .ARM.attributes
                0x0000000000000a4c       0x2d /home/usr/Ac6/SystemWorkbench/plugins/fr.ac6.mcu.externaltools.arm-none.linux64_1.16.0.201807130628/tools/compiler/bin/../lib/gcc/arm-none-eabi/7.2.1/../../../../arm-none-eabi/lib/thumb/v7-m/libnosys.a(isatty.o)
 .ARM.attributes
                0x0000000000000a79       0x2d /home/usr/Ac6/SystemWorkbench/plugins/fr.ac6.mcu.externaltools.arm-none.linux64_1.16.0.201807130628/tools/compiler/bin/../lib/gcc/arm-none-eabi/7.2.1/../../../../arm-none-eabi/lib/thumb/v7-m/libnosys.a(lseek.o)
 .ARM.attributes
                0x0000000000000aa6       0x2d /home/usr/Ac6/SystemWorkbench/plugins/fr.ac6.mcu.externaltools.arm-none.linux64_1.16.0.201807130628/tools/compiler/bin/../lib/gcc/arm-none-eabi/7.2.1/../../../../arm-none-eabi/lib/thumb/v7-m/libnosys.a(read.o)
 .ARM.attributes
                0x0000000000000ad3       0x2d /home/usr/Ac6/SystemWorkbench/plugins/fr.ac6.mcu.externaltools.arm-none.linux64_1.16.0.201807130628/tools/compiler/bin/../lib/gcc/arm-none-eabi/7.2.1/../../../../arm-none-eabi/lib/thumb/v7-m/libnosys.a(sbrk.o)
 .ARM.attributes
                0x0000000000000b00       0x1d /home/usr/Ac6/SystemWorkbench/plugins/fr.ac6.mcu.externaltools.arm-none.linux64_1.16.0.201807130628/tools/compiler/bin/../lib/gcc/arm-none-eabi/7.2.1/thumb/v7-m/crtn.o
OUTPUT(test_stm32f103_ECM_ADV.elf elf32-littlearm)

.debug_info     0x0000000000000000    0x1dc92
 .debug_info    0x0000000000000000     0x1f51 Core/Src/main.o
 .debug_info    0x0000000000001f51     0x133a Core/Src/stm32f1xx_hal_msp.o
 .debug_info    0x000000000000328b     0x1281 Core/Src/stm32f1xx_it.o
 .debug_info    0x000000000000450c      0xc15 Core/Src/system_stm32f1xx.o
 .debug_info    0x0000000000005121      0xf5c Core/Src/uart.o
 .debug_info    0x000000000000607d      0xf88 Drivers/STM32F1xx_HAL_Driver/Src/stm32f1xx_hal.o
 .debug_info    0x0000000000007005     0x1457 Drivers/STM32F1xx_HAL_Driver/Src/stm32f1xx_hal_cortex.o
 .debug_info    0x000000000000845c      0xc15 Drivers/STM32F1xx_HAL_Driver/Src/stm32f1xx_hal_crc.o
 .debug_info    0x0000000000009071     0x1014 Drivers/STM32F1xx_HAL_Driver/Src/stm32f1xx_hal_dma.o
 .debug_info    0x000000000000a085      0xe87 Drivers/STM32F1xx_HAL_Driver/Src/stm32f1xx_hal_gpio.o
 .debug_info    0x000000000000af0c     0x19d2 Drivers/STM32F1xx_HAL_Driver/Src/stm32f1xx_hal_pcd.o
 .debug_info    0x000000000000c8de      0xe0d Drivers/STM32F1xx_HAL_Driver/Src/stm32f1xx_hal_pcd_ex.o
 .debug_info    0x000000000000d6eb     0x11ef Drivers/STM32F1xx_HAL_Driver/Src/stm32f1xx_hal_rcc.o
 .debug_info    0x000000000000e8da      0xc67 Drivers/STM32F1xx_HAL_Driver/Src/stm32f1xx_hal_rcc_ex.o
 .debug_info    0x000000000000f541     0x1e7b Drivers/STM32F1xx_HAL_Driver/Src/stm32f1xx_hal_uart.o
 .debug_info    0x00000000000113bc     0x172c Drivers/STM32F1xx_HAL_Driver/Src/stm32f1xx_ll_usb.o
 .debug_info    0x0000000000012ae8     0x1f56 Middlewares/ST/STM32_USB_Device_Library/Class/CDC/Src/usbd_cdc.o
 .debug_info    0x0000000000014a3e     0x14b7 Middlewares/ST/STM32_USB_Device_Library/Core/Src/usbd_core.o
 .debug_info    0x0000000000015ef5     0x1686 Middlewares/ST/STM32_USB_Device_Library/Core/Src/usbd_ctlreq.o
 .debug_info    0x000000000001757b      0xfe0 Middlewares/ST/STM32_USB_Device_Library/Core/Src/usbd_ioreq.o
 .debug_info    0x000000000001855b      0xf4b USB_DEVICE/usb_device.o
 .debug_info    0x00000000000194a6     0x17bf USB_DEVICE/usbd_cdc_if.o
 .debug_info    0x000000000001ac65     0x2245 USB_DEVICE/usbd_conf.o
 .debug_info    0x000000000001ceaa      0xdc6 USB_DEVICE/usbd_desc.o
 .debug_info    0x000000000001dc70       0x22 startup/startup_stm32f103x6.o

.debug_abbrev   0x0000000000000000     0x4305
 .debug_abbrev  0x0000000000000000      0x375 Core/Src/main.o
 .debug_abbrev  0x0000000000000375      0x254 Core/Src/stm32f1xx_hal_msp.o
 .debug_abbrev  0x00000000000005c9      0x21d Core/Src/stm32f1xx_it.o
 .debug_abbrev  0x00000000000007e6      0x228 Core/Src/system_stm32f1xx.o
 .debug_abbrev  0x0000000000000a0e      0x28c Core/Src/uart.o
 .debug_abbrev  0x0000000000000c9a      0x2f4 Drivers/STM32F1xx_HAL_Driver/Src/stm32f1xx_hal.o
 .debug_abbrev  0x0000000000000f8e      0x3cd Drivers/STM32F1xx_HAL_Driver/Src/stm32f1xx_hal_cortex.o
 .debug_abbrev  0x000000000000135b      0x29f Drivers/STM32F1xx_HAL_Driver/Src/stm32f1xx_hal_crc.o
 .debug_abbrev  0x00000000000015fa      0x2e5 Drivers/STM32F1xx_HAL_Driver/Src/stm32f1xx_hal_dma.o
 .debug_abbrev  0x00000000000018df      0x2a7 Drivers/STM32F1xx_HAL_Driver/Src/stm32f1xx_hal_gpio.o
 .debug_abbrev  0x0000000000001b86      0x357 Drivers/STM32F1xx_HAL_Driver/Src/stm32f1xx_hal_pcd.o
 .debug_abbrev  0x0000000000001edd      0x232 Drivers/STM32F1xx_HAL_Driver/Src/stm32f1xx_hal_pcd_ex.o
 .debug_abbrev  0x000000000000210f      0x335 Drivers/STM32F1xx_HAL_Driver/Src/stm32f1xx_hal_rcc.o
 .debug_abbrev  0x0000000000002444      0x2b4 Drivers/STM32F1xx_HAL_Driver/Src/stm32f1xx_hal_rcc_ex.o
 .debug_abbrev  0x00000000000026f8      0x308 Drivers/STM32F1xx_HAL_Driver/Src/stm32f1xx_hal_uart.o
 .debug_abbrev  0x0000000000002a00      0x2c3 Drivers/STM32F1xx_HAL_Driver/Src/stm32f1xx_ll_usb.o
 .debug_abbrev  0x0000000000002cc3      0x357 Middlewares/ST/STM32_USB_Device_Library/Class/CDC/Src/usbd_cdc.o
 .debug_abbrev  0x000000000000301a      0x2ac Middlewares/ST/STM32_USB_Device_Library/Core/Src/usbd_core.o
 .debug_abbrev  0x00000000000032c6      0x329 Middlewares/ST/STM32_USB_Device_Library/Core/Src/usbd_ctlreq.o
 .debug_abbrev  0x00000000000035ef      0x215 Middlewares/ST/STM32_USB_Device_Library/Core/Src/usbd_ioreq.o
 .debug_abbrev  0x0000000000003804      0x232 USB_DEVICE/usb_device.o
 .debug_abbrev  0x0000000000003a36      0x330 USB_DEVICE/usbd_cdc_if.o
 .debug_abbrev  0x0000000000003d66      0x316 USB_DEVICE/usbd_conf.o
 .debug_abbrev  0x000000000000407c      0x277 USB_DEVICE/usbd_desc.o
 .debug_abbrev  0x00000000000042f3       0x12 startup/startup_stm32f103x6.o

.debug_loc      0x0000000000000000     0x7a8f
 .debug_loc     0x0000000000000000      0x218 Core/Src/main.o
 .debug_loc     0x0000000000000218       0xa6 Core/Src/stm32f1xx_hal_msp.o
 .debug_loc     0x00000000000002be       0xdf Core/Src/system_stm32f1xx.o
 .debug_loc     0x000000000000039d       0xd6 Core/Src/uart.o
 .debug_loc     0x0000000000000473       0xfd Drivers/STM32F1xx_HAL_Driver/Src/stm32f1xx_hal.o
 .debug_loc     0x0000000000000570      0x5ad Drivers/STM32F1xx_HAL_Driver/Src/stm32f1xx_hal_cortex.o
 .debug_loc     0x0000000000000b1d      0x16f Drivers/STM32F1xx_HAL_Driver/Src/stm32f1xx_hal_crc.o
 .debug_loc     0x0000000000000c8c      0x7aa Drivers/STM32F1xx_HAL_Driver/Src/stm32f1xx_hal_dma.o
 .debug_loc     0x0000000000001436      0x429 Drivers/STM32F1xx_HAL_Driver/Src/stm32f1xx_hal_gpio.o
 .debug_loc     0x000000000000185f      0xa6c Drivers/STM32F1xx_HAL_Driver/Src/stm32f1xx_hal_pcd.o
 .debug_loc     0x00000000000022cb       0xf4 Drivers/STM32F1xx_HAL_Driver/Src/stm32f1xx_hal_pcd_ex.o
 .debug_loc     0x00000000000023bf      0x4f6 Drivers/STM32F1xx_HAL_Driver/Src/stm32f1xx_hal_rcc.o
 .debug_loc     0x00000000000028b5      0x2d0 Drivers/STM32F1xx_HAL_Driver/Src/stm32f1xx_hal_rcc_ex.o
 .debug_loc     0x0000000000002b85     0x1529 Drivers/STM32F1xx_HAL_Driver/Src/stm32f1xx_hal_uart.o
 .debug_loc     0x00000000000040ae      0xc0d Drivers/STM32F1xx_HAL_Driver/Src/stm32f1xx_ll_usb.o
 .debug_loc     0x0000000000004cbb      0x61c Middlewares/ST/STM32_USB_Device_Library/Class/CDC/Src/usbd_cdc.o
 .debug_loc     0x00000000000052d7      0x6f8 Middlewares/ST/STM32_USB_Device_Library/Core/Src/usbd_core.o
 .debug_loc     0x00000000000059cf      0xb59 Middlewares/ST/STM32_USB_Device_Library/Core/Src/usbd_ctlreq.o
 .debug_loc     0x0000000000006528      0x23c Middlewares/ST/STM32_USB_Device_Library/Core/Src/usbd_ioreq.o
 .debug_loc     0x0000000000006764      0x460 USB_DEVICE/usbd_cdc_if.o
 .debug_loc     0x0000000000006bc4      0xbc7 USB_DEVICE/usbd_conf.o
 .debug_loc     0x000000000000778b      0x304 USB_DEVICE/usbd_desc.o

.debug_aranges  0x0000000000000000      0xd00
 .debug_aranges
                0x0000000000000000       0x58 Core/Src/main.o
 .debug_aranges
                0x0000000000000058       0x30 Core/Src/stm32f1xx_hal_msp.o
 .debug_aranges
                0x0000000000000088       0x88 Core/Src/stm32f1xx_it.o
 .debug_aranges
                0x0000000000000110       0x28 Core/Src/system_stm32f1xx.o
 .debug_aranges
                0x0000000000000138       0x30 Core/Src/uart.o
 .debug_aranges
                0x0000000000000168       0xd0 Drivers/STM32F1xx_HAL_Driver/Src/stm32f1xx_hal.o
 .debug_aranges
                0x0000000000000238       0x90 Drivers/STM32F1xx_HAL_Driver/Src/stm32f1xx_hal_cortex.o
 .debug_aranges
                0x00000000000002c8       0x50 Drivers/STM32F1xx_HAL_Driver/Src/stm32f1xx_hal_crc.o
 .debug_aranges
                0x0000000000000318       0x80 Drivers/STM32F1xx_HAL_Driver/Src/stm32f1xx_hal_dma.o
 .debug_aranges
                0x0000000000000398       0x58 Drivers/STM32F1xx_HAL_Driver/Src/stm32f1xx_hal_gpio.o
 .debug_aranges
                0x00000000000003f0      0x120 Drivers/STM32F1xx_HAL_Driver/Src/stm32f1xx_hal_pcd.o
 .debug_aranges
                0x0000000000000510       0x28 Drivers/STM32F1xx_HAL_Driver/Src/stm32f1xx_hal_pcd_ex.o
 .debug_aranges
                0x0000000000000538       0x90 Drivers/STM32F1xx_HAL_Driver/Src/stm32f1xx_hal_rcc.o
 .debug_aranges
                0x00000000000005c8       0x30 Drivers/STM32F1xx_HAL_Driver/Src/stm32f1xx_hal_rcc_ex.o
 .debug_aranges
                0x00000000000005f8      0x1d0 Drivers/STM32F1xx_HAL_Driver/Src/stm32f1xx_hal_uart.o
 .debug_aranges
                0x00000000000007c8      0x100 Drivers/STM32F1xx_HAL_Driver/Src/stm32f1xx_ll_usb.o
 .debug_aranges
                0x00000000000008c8       0xa0 Middlewares/ST/STM32_USB_Device_Library/Class/CDC/Src/usbd_cdc.o
 .debug_aranges
                0x0000000000000968       0xb8 Middlewares/ST/STM32_USB_Device_Library/Core/Src/usbd_core.o
 .debug_aranges
                0x0000000000000a20       0x88 Middlewares/ST/STM32_USB_Device_Library/Core/Src/usbd_ctlreq.o
 .debug_aranges
                0x0000000000000aa8       0x50 Middlewares/ST/STM32_USB_Device_Library/Core/Src/usbd_ioreq.o
 .debug_aranges
                0x0000000000000af8       0x20 USB_DEVICE/usb_device.o
 .debug_aranges
                0x0000000000000b18       0x58 USB_DEVICE/usbd_cdc_if.o
 .debug_aranges
                0x0000000000000b70      0x110 USB_DEVICE/usbd_conf.o
 .debug_aranges
                0x0000000000000c80       0x58 USB_DEVICE/usbd_desc.o
 .debug_aranges
                0x0000000000000cd8       0x28 startup/startup_stm32f103x6.o

.debug_ranges   0x0000000000000000      0xd30
 .debug_ranges  0x0000000000000000       0x48 Core/Src/main.o
 .debug_ranges  0x0000000000000048       0x20 Core/Src/stm32f1xx_hal_msp.o
 .debug_ranges  0x0000000000000068       0x78 Core/Src/stm32f1xx_it.o
 .debug_ranges  0x00000000000000e0       0x18 Core/Src/system_stm32f1xx.o
 .debug_ranges  0x00000000000000f8       0x20 Core/Src/uart.o
 .debug_ranges  0x0000000000000118       0xc0 Drivers/STM32F1xx_HAL_Driver/Src/stm32f1xx_hal.o
 .debug_ranges  0x00000000000001d8       0xe0 Drivers/STM32F1xx_HAL_Driver/Src/stm32f1xx_hal_cortex.o
 .debug_ranges  0x00000000000002b8       0x40 Drivers/STM32F1xx_HAL_Driver/Src/stm32f1xx_hal_crc.o
 .debug_ranges  0x00000000000002f8       0x70 Drivers/STM32F1xx_HAL_Driver/Src/stm32f1xx_hal_dma.o
 .debug_ranges  0x0000000000000368       0x48 Drivers/STM32F1xx_HAL_Driver/Src/stm32f1xx_hal_gpio.o
 .debug_ranges  0x00000000000003b0      0x140 Drivers/STM32F1xx_HAL_Driver/Src/stm32f1xx_hal_pcd.o
 .debug_ranges  0x00000000000004f0       0x18 Drivers/STM32F1xx_HAL_Driver/Src/stm32f1xx_hal_pcd_ex.o
 .debug_ranges  0x0000000000000508       0xa0 Drivers/STM32F1xx_HAL_Driver/Src/stm32f1xx_hal_rcc.o
 .debug_ranges  0x00000000000005a8       0x38 Drivers/STM32F1xx_HAL_Driver/Src/stm32f1xx_hal_rcc_ex.o
 .debug_ranges  0x00000000000005e0      0x1c0 Drivers/STM32F1xx_HAL_Driver/Src/stm32f1xx_hal_uart.o
 .debug_ranges  0x00000000000007a0      0x1e0 Drivers/STM32F1xx_HAL_Driver/Src/stm32f1xx_ll_usb.o
 .debug_ranges  0x0000000000000980       0x90 Middlewares/ST/STM32_USB_Device_Library/Class/CDC/Src/usbd_cdc.o
 .debug_ranges  0x0000000000000a10       0xa8 Middlewares/ST/STM32_USB_Device_Library/Core/Src/usbd_core.o
 .debug_ranges  0x0000000000000ab8       0x78 Middlewares/ST/STM32_USB_Device_Library/Core/Src/usbd_ctlreq.o
 .debug_ranges  0x0000000000000b30       0x40 Middlewares/ST/STM32_USB_Device_Library/Core/Src/usbd_ioreq.o
 .debug_ranges  0x0000000000000b70       0x10 USB_DEVICE/usb_device.o
 .debug_ranges  0x0000000000000b80       0x48 USB_DEVICE/usbd_cdc_if.o
 .debug_ranges  0x0000000000000bc8      0x100 USB_DEVICE/usbd_conf.o
 .debug_ranges  0x0000000000000cc8       0x48 USB_DEVICE/usbd_desc.o
 .debug_ranges  0x0000000000000d10       0x20 startup/startup_stm32f103x6.o

.debug_macro    0x0000000000000000    0x1857d
 .debug_macro   0x0000000000000000      0x3f0 Core/Src/main.o
 .debug_macro   0x00000000000003f0      0xa60 Core/Src/main.o
 .debug_macro   0x0000000000000e50       0x10 Core/Src/main.o
 .debug_macro   0x0000000000000e60      0x16f Core/Src/main.o
 .debug_macro   0x0000000000000fcf       0x2e Core/Src/main.o
 .debug_macro   0x0000000000000ffd       0x22 Core/Src/main.o
 .debug_macro   0x000000000000101f       0x22 Core/Src/main.o
 .debug_macro   0x0000000000001041       0x87 Core/Src/main.o
 .debug_macro   0x00000000000010c8       0x51 Core/Src/main.o
 .debug_macro   0x0000000000001119       0xef Core/Src/main.o
 .debug_macro   0x0000000000001208       0x6a Core/Src/main.o
 .debug_macro   0x0000000000001272      0x1df Core/Src/main.o
 .debug_macro   0x0000000000001451       0x34 Core/Src/main.o
 .debug_macro   0x0000000000001485       0x34 Core/Src/main.o
 .debug_macro   0x00000000000014b9      0xb8e Core/Src/main.o
 .debug_macro   0x0000000000002047     0xe6e1 Core/Src/main.o
 .debug_macro   0x0000000000010728       0x43 Core/Src/main.o