Archive member included to satisfy reference by file (symbol)

/home/usr/Ac6/SystemWorkbench/plugins/fr.ac6.mcu.externaltools.arm-none.linux64_1.16.0.201807130628/tools/compiler/bin/../lib/gcc/arm-none-eabi/7.2.1/../../../../arm-none-eabi/lib/thumb/v7-m/libc_nano.a(lib_a-errno.o)
                              Core/Src/uart.o (__errno)
/home/usr/Ac6/SystemWorkbench/plugins/fr.ac6.mcu.externaltools.arm-none.linux64_1.16.0.201807130628/tools/compiler/bin/../lib/gcc/arm-none-eabi/7.2.1/../../../../arm-none-eabi/lib/thumb/v7-m/libc_nano.a(lib_a-exit.o)
                              /home/usr/Ac6/SystemWorkbench/plugins/fr.ac6.mcu.externaltools.arm-none.linux64_1.16.0.201807130628/tools/compiler/bin/../lib/gcc/arm-none-eabi/7.2.1/../../../../arm-none-eabi/lib/thumb/v7-m/crt0.o (exit)
/home/usr/Ac6/SystemWorkbench/plugins/fr.ac6.mcu.externaltools.arm-none.linux64_1.16.0.201807130628/tools/compiler/bin/../lib/gcc/arm-none-eabi/7.2.1/../../../../arm-none-eabi/lib/thumb/v7-m/libc_nano.a(lib_a-impure.o)
                              /home/usr/Ac6/SystemWorkbench/plugins/fr.ac6.mcu.externaltools.arm-none.linux64_1.16.0.201807130628/tools/compiler/bin/../lib/gcc/arm-none-eabi/7.2.1/../../../../arm-none-eabi/lib/thumb/v7-m/libc_nano.a(lib_a-exit.o) (_global_impure_ptr)
/home/usr/Ac6/SystemWorkbench/plugins/fr.ac6.mcu.externaltools.arm-none.linux64_1.16.0.201807130628/tools/compiler/bin/../lib/gcc/arm-none-eabi/7.2.1/../../../../arm-none-eabi/lib/thumb/v7-m/libc_nano.a(lib_a-init.o)
                              /home/usr/Ac6/SystemWorkbench/plugins/fr.ac6.mcu.externaltools.arm-none.linux64_1.16.0.201807130628/tools/compiler/bin/../lib/gcc/arm-none-eabi/7.2.1/../../../../arm-none-eabi/lib/thumb/v7-m/crt0.o (__libc_init_array)
/home/usr/Ac6/SystemWorkbench/plugins/fr.ac6.mcu.externaltools.arm-none.linux64_1.16.0.201807130628/tools/compiler/bin/../lib/gcc/arm-none-eabi/7.2.1/../../../../arm-none-eabi/lib/thumb/v7-m/libc_nano.a(lib_a-memset.o)
                              /home/usr/Ac6/SystemWorkbench/plugins/fr.ac6.mcu.externaltools.arm-none.linux64_1.16.0.201807130628/tools/compiler/bin/../lib/gcc/arm-none-eabi/7.2.1/../../../../arm-none-eabi/lib/thumb/v7-m/crt0.o (memset)
/home/usr/Ac6/SystemWorkbench/plugins/fr.ac6.mcu.externaltools.arm-none.linux64_1.16.0.201807130628/tools/compiler/bin/../lib/gcc/arm-none-eabi/7.2.1/../../../../arm-none-eabi/lib/thumb/v7-m/libc_nano.a(lib_a-printf.o)
                              Core/Src/main.o (printf)
/home/usr/Ac6/SystemWorkbench/plugins/fr.ac6.mcu.externaltools.arm-none.linux64_1.16.0.201807130628/tools/compiler/bin/../lib/gcc/arm-none-eabi/7.2.1/../../../../arm-none-eabi/lib/thumb/v7-m/libc_nano.a(lib_a-findfp.o)
                              /home/usr/Ac6/SystemWorkbench/plugins/fr.ac6.mcu.externaltools.arm-none.linux64_1.16.0.201807130628/tools/compiler/bin/../lib/gcc/arm-none-eabi/7.2.1/../../../../arm-none-eabi/lib/thumb/v7-m/libc_nano.a(lib_a-printf.o) (__sinit)
/home/usr/Ac6/SystemWorkbench/plugins/fr.ac6.mcu.externaltools.arm-none.linux64_1.16.0.201807130628/tools/compiler/bin/../lib/gcc/arm-none-eabi/7.2.1/../../../../arm-none-eabi/lib/thumb/v7-m/libc_nano.a(lib_a-fwalk.o)
                              /home/usr/Ac6/SystemWorkbench/plugins/fr.ac6.mcu.externaltools.arm-none.linux64_1.16.0.201807130628/tools/compiler/bin/../lib/gcc/arm-none-eabi/7.2.1/../../../../arm-none-eabi/lib/thumb/v7-m/libc_nano.a(lib_a-findfp.o) (_fwalk)
/home/usr/Ac6/SystemWorkbench/plugins/fr.ac6.mcu.externaltools.arm-none.linux64_1.16.0.201807130628/tools/compiler/bin/../lib/gcc/arm-none-eabi/7.2.1/../../../../arm-none-eabi/lib/thumb/v7-m/libc_nano.a(lib_a-nano-mallocr.o)
                              /home/usr/Ac6/SystemWorkbench/plugins/fr.ac6.mcu.externaltools.arm-none.linux64_1.16.0.201807130628/tools/compiler/bin/../lib/gcc/arm-none-eabi/7.2.1/../../../../arm-none-eabi/lib/thumb/v7-m/libc_nano.a(lib_a-findfp.o) (_malloc_r)
/home/usr/Ac6/SystemWorkbench/plugins/fr.ac6.mcu.externaltools.arm-none.linux64_1.16.0.201807130628/tools/compiler/bin/../lib/gcc/arm-none-eabi/7.2.1/../../../../arm-none-eabi/lib/thumb/v7-m/libc_nano.a(lib_a-nano-vfprintf.o)
                              /home/usr/Ac6/SystemWorkbench/plugins/fr.ac6.mcu.externaltools.arm-none.linux64_1.16.0.201807130628/tools/compiler/bin/../lib/gcc/arm-none-eabi/7.2.1/../../../../arm-none-eabi/lib/thumb/v7-m/libc_nano.a(lib_a-printf.o) (_vfprintf_r)
/home/usr/Ac6/SystemWorkbench/plugins/fr.ac6.mcu.externaltools.arm-none.linux64_1.16.0.201807130628/tools/compiler/bin/../lib/gcc/arm-none-eabi/7.2.1/../../../../arm-none-eabi/lib/thumb/v7-m/libc_nano.a(lib_a-nano-vfprintf_i.o)
                              /home/usr/Ac6/SystemWorkbench/plugins/fr.ac6.mcu.externaltools.arm-none.linux64_1.16.0.201807130628/tools/compiler/bin/../lib/gcc/arm-none-eabi/7.2.1/../../../../arm-none-eabi/lib/thumb/v7-m/libc_nano.a(lib_a-nano-vfprintf.o) (_printf_i)
[...]
Memory Configuration

Name             Origin             Length             Attributes
RAM              0x0000000020000000 0x0000000000002800 xrw
FLASH            0x0000000008000000 0x0000000000008000 xr
*default*        0x0000000000000000 0xffffffffffffffff

Linker script and memory map

LOAD /home/usr/Ac6/SystemWorkbench/plugins/fr.ac6.mcu.externaltools.arm-none.linux64_1.16.0.201807130628/tools/compiler/bin/../lib/gcc/arm-none-eabi/7.2.1/thumb/v7-m/crti.o
LOAD /home/usr/Ac6/SystemWorkbench/plugins/fr.ac6.mcu.externaltools.arm-none.linux64_1.16.0.201807130628/tools/compiler/bin/../lib/gcc/arm-none-eabi/7.2.1/thumb/v7-m/crtbegin.o
LOAD /home/usr/Ac6/SystemWorkbench/plugins/fr.ac6.mcu.externaltools.arm-none.linux64_1.16.0.201807130628/tools/compiler/bin/../lib/gcc/arm-none-eabi/7.2.1/../../../../arm-none-eabi/lib/thumb/v7-m/crt0.o
LOAD Core/Src/main.o
LOAD Core/Src/stm32f1xx_hal_msp.o
LOAD Core/Src/stm32f1xx_it.o
LOAD Core/Src/system_stm32f1xx.o
LOAD Core/Src/uart.o
LOAD Drivers/STM32F1xx_HAL_Driver/Src/stm32f1xx_hal.o
LOAD Drivers/STM32F1xx_HAL_Driver/Src/stm32f1xx_hal_cortex.o
LOAD Drivers/STM32F1xx_HAL_Driver/Src/stm32f1xx_hal_dma.o
LOAD Drivers/STM32F1xx_HAL_Driver/Src/stm32f1xx_hal_flash.o
LOAD Drivers/STM32F1xx_HAL_Driver/Src/stm32f1xx_hal_flash_ex.o
LOAD Drivers/STM32F1xx_HAL_Driver/Src/stm32f1xx_hal_gpio.o
LOAD Drivers/STM32F1xx_HAL_Driver/Src/stm32f1xx_hal_gpio_ex.o
LOAD Drivers/STM32F1xx_HAL_Driver/Src/stm32f1xx_hal_pcd.o
LOAD Drivers/STM32F1xx_HAL_Driver/Src/stm32f1xx_hal_pcd_ex.o
LOAD Drivers/STM32F1xx_HAL_Driver/Src/stm32f1xx_hal_pwr.o
LOAD Drivers/STM32F1xx_HAL_Driver/Src/stm32f1xx_hal_rcc.o
LOAD Drivers/STM32F1xx_HAL_Driver/Src/stm32f1xx_hal_rcc_ex.o
LOAD Drivers/STM32F1xx_HAL_Driver/Src/stm32f1xx_hal_tim.o
LOAD Drivers/STM32F1xx_HAL_Driver/Src/stm32f1xx_hal_tim_ex.o
LOAD Drivers/STM32F1xx_HAL_Driver/Src/stm32f1xx_hal_uart.o
LOAD Drivers/STM32F1xx_HAL_Driver/Src/stm32f1xx_ll_usb.o
LOAD Middlewares/ST/STM32_USB_Device_Library/Class/CDC/Src/usbd_cdc.o
LOAD Middlewares/ST/STM32_USB_Device_Library/Core/Src/usbd_core.o
LOAD Middlewares/ST/STM32_USB_Device_Library/Core/Src/usbd_ctlreq.o
LOAD Middlewares/ST/STM32_USB_Device_Library/Core/Src/usbd_ioreq.o
LOAD USB_DEVICE/usb_device.o
LOAD USB_DEVICE/usbd_cdc_if.o
LOAD USB_DEVICE/usbd_conf.o
LOAD USB_DEVICE/usbd_desc.o
LOAD startup/startup_stm32f103x6.o
LOAD /home/usr/Ac6/SystemWorkbench/plugins/fr.ac6.mcu.externaltools.arm-none.linux64_1.16.0.201807130628/tools/compiler/bin/../lib/gcc/arm-none-eabi/7.2.1/../../../../arm-none-eabi/lib/thumb/v7-m/libm.a
START GROUP
LOAD /home/usr/Ac6/SystemWorkbench/plugins/fr.ac6.mcu.externaltools.arm-none.linux64_1.16.0.201807130628/tools/compiler/bin/../lib/gcc/arm-none-eabi/7.2.1/thumb/v7-m/libgcc.a
LOAD /home/usr/Ac6/SystemWorkbench/plugins/fr.ac6.mcu.externaltools.arm-none.linux64_1.16.0.201807130628/tools/compiler/bin/../lib/gcc/arm-none-eabi/7.2.1/../../../../arm-none-eabi/lib/thumb/v7-m/libc_nano.a
END GROUP
START GROUP
LOAD /home/usr/Ac6/SystemWorkbench/plugins/fr.ac6.mcu.externaltools.arm-none.linux64_1.16.0.201807130628/tools/compiler/bin/../lib/gcc/arm-none-eabi/7.2.1/thumb/v7-m/libgcc.a
LOAD /home/usr/Ac6/SystemWorkbench/plugins/fr.ac6.mcu.externaltools.arm-none.linux64_1.16.0.201807130628/tools/compiler/bin/../lib/gcc/arm-none-eabi/7.2.1/../../../../arm-none-eabi/lib/thumb/v7-m/libc_nano.a
LOAD /home/usr/Ac6/SystemWorkbench/plugins/fr.ac6.mcu.externaltools.arm-none.linux64_1.16.0.201807130628/tools/compiler/bin/../lib/gcc/arm-none-eabi/7.2.1/../../../../arm-none-eabi/lib/thumb/v7-m/libnosys.a
END GROUP
START GROUP
LOAD /home/usr/Ac6/SystemWorkbench/plugins/fr.ac6.mcu.externaltools.arm-none.linux64_1.16.0.201807130628/tools/compiler/bin/../lib/gcc/arm-none-eabi/7.2.1/thumb/v7-m/libgcc.a
LOAD /home/usr/Ac6/SystemWorkbench/plugins/fr.ac6.mcu.externaltools.arm-none.linux64_1.16.0.201807130628/tools/compiler/bin/../lib/gcc/arm-none-eabi/7.2.1/../../../../arm-none-eabi/lib/thumb/v7-m/libc_nano.a
LOAD /home/usr/Ac6/SystemWorkbench/plugins/fr.ac6.mcu.externaltools.arm-none.linux64_1.16.0.201807130628/tools/compiler/bin/../lib/gcc/arm-none-eabi/7.2.1/../../../../arm-none-eabi/lib/thumb/v7-m/libnosys.a
END GROUP
LOAD /home/usr/Ac6/SystemWorkbench/plugins/fr.ac6.mcu.externaltools.arm-none.linux64_1.16.0.201807130628/tools/compiler/bin/../lib/gcc/arm-none-eabi/7.2.1/thumb/v7-m/crtend.o
LOAD /home/usr/Ac6/SystemWorkbench/plugins/fr.ac6.mcu.externaltools.arm-none.linux64_1.16.0.201807130628/tools/compiler/bin/../lib/gcc/arm-none-eabi/7.2.1/thumb/v7-m/crtn.o
                0x0000000020002800                _estack = 0x20002800
                0x0000000000000200                _Min_Heap_Size = 0x200
                0x0000000000000400                _Min_Stack_Size = 0x400

.isr_vector     0x0000000008000000      0x10c
                0x0000000008000000                . = ALIGN (0x4)
 *(.isr_vector)
 .isr_vector    0x0000000008000000      0x10c startup/startup_stm32f103x6.o
                0x0000000008000000                g_pfnVectors
                0x000000000800010c                . = ALIGN (0x4)

.text           0x000000000800010c     0x4738
                0x000000000800010c                . = ALIGN (0x4)
 *(.text)
 .text          0x000000000800010c       0x40 /home/usr/Ac6/SystemWorkbench/plugins/fr.ac6.mcu.externaltools.arm-none.linux64_1.16.0.201807130628/tools/compiler/bin/../lib/gcc/arm-none-eabi/7.2.1/thumb/v7-m/crtbegin.o
 *(.text*)
 .text.MX_GPIO_Init
                0x000000000800014c       0x30 Core/Src/main.o
 .text._Error_Handler
                0x000000000800017c        0x2 Core/Src/main.o
                0x000000000800017c                _Error_Handler
 *fill*         0x000000000800017e        0x2 
 .text.SystemClock_Config
                0x0000000008000180       0xa0 Core/Src/main.o
                0x0000000008000180                SystemClock_Config
 .text.main     0x0000000008000220       0x78 Core/Src/main.o
                0x0000000008000220                main
 .text.HAL_MspInit
                0x0000000008000298       0xa0 Core/Src/stm32f1xx_hal_msp.o
                0x0000000008000298                HAL_MspInit
 .text.HAL_UART_MspInit
                0x0000000008000338       0xb8 Core/Src/stm32f1xx_hal_msp.o
                0x0000000008000338                HAL_UART_MspInit
 .text.NMI_Handler
                0x00000000080003f0        0x2 Core/Src/stm32f1xx_it.o
                0x00000000080003f0                NMI_Handler
 .text.HardFault_Handler
                0x00000000080003f2        0x2 Core/Src/stm32f1xx_it.o
                0x00000000080003f2                HardFault_Handler
 .text.MemManage_Handler
                0x00000000080003f4        0x2 Core/Src/stm32f1xx_it.o
                0x00000000080003f4                MemManage_Handler
 .text.BusFault_Handler
                0x00000000080003f6        0x2 Core/Src/stm32f1xx_it.o
                0x00000000080003f6                BusFault_Handler
 .text.UsageFault_Handler
                0x00000000080003f8        0x2 Core/Src/stm32f1xx_it.o
                0x00000000080003f8                UsageFault_Handler
 .text.SVC_Handler
                0x00000000080003fa        0x2 Core/Src/stm32f1xx_it.o
                0x00000000080003fa                SVC_Handler
 .text.DebugMon_Handler
                0x00000000080003fc        0x2 Core/Src/stm32f1xx_it.o
                0x00000000080003fc                DebugMon_Handler
 .text.PendSV_Handler
                0x00000000080003fe        0x2 Core/Src/stm32f1xx_it.o
                0x00000000080003fe                PendSV_Handler
 .text.SysTick_Handler
                0x0000000008000400        0xc Core/Src/stm32f1xx_it.o
                0x0000000008000400                SysTick_Handler
 .text.DMA1_Channel6_IRQHandler
                0x000000000800040c        0x2 Core/Src/stm32f1xx_it.o
                0x000000000800040c                DMA1_Channel6_IRQHandler
 .text.DMA1_Channel7_IRQHandler
                0x000000000800040e        0x2 Core/Src/stm32f1xx_it.o
                0x000000000800040e                DMA1_Channel7_IRQHandler
 .text.USB_HP_CAN1_TX_IRQHandler
                0x0000000008000410       0x10 Core/Src/stm32f1xx_it.o
                0x0000000008000410                USB_HP_CAN1_TX_IRQHandler
 .text.USB_LP_CAN1_RX0_IRQHandler
                0x0000000008000420       0x10 Core/Src/stm32f1xx_it.o
                0x0000000008000420                USB_LP_CAN1_RX0_IRQHandler
 .text.USART2_IRQHandler
                0x0000000008000430       0x10 Core/Src/stm32f1xx_it.o
                0x0000000008000430                USART2_IRQHandler
 .text.SystemInit
                0x0000000008000440       0x4c Core/Src/system_stm32f1xx.o
                0x0000000008000440                SystemInit
 .text._write   0x000000000800048c       0x38 Core/Src/uart.o
                0x000000000800048c                _write
 .text.MX_USART1_UART_Init
                0x00000000080004c4       0x3c Core/Src/uart.o
                0x00000000080004c4                MX_USART1_UART_Init
 .text.MX_USART2_UART_Init
                0x0000000008000500       0x3c Core/Src/uart.o
                0x0000000008000500                MX_USART2_UART_Init
 .text.HAL_InitTick
                0x000000000800053c       0x48 Drivers/STM32F1xx_HAL_Driver/Src/stm32f1xx_hal.o
                0x000000000800053c                HAL_InitTick
 .text.HAL_Init
                0x0000000008000584       0x24 Drivers/STM32F1xx_HAL_Driver/Src/stm32f1xx_hal.o
                0x0000000008000584                HAL_Init
 .text.HAL_IncTick
                0x00000000080005a8       0x18 Drivers/STM32F1xx_HAL_Driver/Src/stm32f1xx_hal.o
                0x00000000080005a8                HAL_IncTick
 .text.HAL_GetTick
                0x00000000080005c0        0xc Drivers/STM32F1xx_HAL_Driver/Src/stm32f1xx_hal.o
                0x00000000080005c0                HAL_GetTick
 .text.HAL_Delay
                0x00000000080005cc       0x28 Drivers/STM32F1xx_HAL_Driver/Src/stm32f1xx_hal.o
                0x00000000080005cc                HAL_Delay
 .text.HAL_NVIC_SetPriorityGrouping
                0x00000000080005f4       0x24 Drivers/STM32F1xx_HAL_Driver/Src/stm32f1xx_hal_cortex.o
                0x00000000080005f4                HAL_NVIC_SetPriorityGrouping
 .text.HAL_NVIC_SetPriority
                0x0000000008000618       0x68 Drivers/STM32F1xx_HAL_Driver/Src/stm32f1xx_hal_cortex.o
                0x0000000008000618                HAL_NVIC_SetPriority
 .text.HAL_NVIC_EnableIRQ
                0x0000000008000680       0x18 Drivers/STM32F1xx_HAL_Driver/Src/stm32f1xx_hal_cortex.o
                0x0000000008000680                HAL_NVIC_EnableIRQ
 .text.HAL_SYSTICK_Config
                0x0000000008000698       0x2c Drivers/STM32F1xx_HAL_Driver/Src/stm32f1xx_hal_cortex.o
                0x0000000008000698                HAL_SYSTICK_Config
 .text.HAL_SYSTICK_CLKSourceConfig
                0x00000000080006c4       0x20 Drivers/STM32F1xx_HAL_Driver/Src/stm32f1xx_hal_cortex.o
                0x00000000080006c4                HAL_SYSTICK_CLKSourceConfig
 .text.HAL_SYSTICK_Callback
                0x00000000080006e4        0x2 Drivers/STM32F1xx_HAL_Driver/Src/stm32f1xx_hal_cortex.o
                0x00000000080006e4                HAL_SYSTICK_Callback
 .text.HAL_SYSTICK_IRQHandler
                0x00000000080006e6        0x8 Drivers/STM32F1xx_HAL_Driver/Src/stm32f1xx_hal_cortex.o
                0x00000000080006e6                HAL_SYSTICK_IRQHandler
 *fill*         0x00000000080006ee        0x2 
 .text.HAL_DMA_Abort_IT
                0x00000000080006f0       0x98 Drivers/STM32F1xx_HAL_Driver/Src/stm32f1xx_hal_dma.o
                0x00000000080006f0                HAL_DMA_Abort_IT
 .text.HAL_GPIO_Init
                0x0000000008000788      0x1cc Drivers/STM32F1xx_HAL_Driver/Src/stm32f1xx_hal_gpio.o
                0x0000000008000788                HAL_GPIO_Init
 .text.HAL_GPIO_WritePin
                0x0000000008000954        0xc Drivers/STM32F1xx_HAL_Driver/Src/stm32f1xx_hal_gpio.o
                0x0000000008000954                HAL_GPIO_WritePin
 .text.HAL_PCD_Init
                0x0000000008000960       0xd6 Drivers/STM32F1xx_HAL_Driver/Src/stm32f1xx_hal_pcd.o
                0x0000000008000960                HAL_PCD_Init
 .text.HAL_PCD_Start
                0x0000000008000a36       0x2e Drivers/STM32F1xx_HAL_Driver/Src/stm32f1xx_hal_pcd.o
                0x0000000008000a36                HAL_PCD_Start
 .text.HAL_PCD_SetAddress
                0x0000000008000a64       0x28 Drivers/STM32F1xx_HAL_Driver/Src/stm32f1xx_hal_pcd.o
                0x0000000008000a64                HAL_PCD_SetAddress
 .text.HAL_PCD_EP_Open
                0x0000000008000a8c       0x52 Drivers/STM32F1xx_HAL_Driver/Src/stm32f1xx_hal_pcd.o
                0x0000000008000a8c                HAL_PCD_EP_Open
 .text.HAL_PCD_EP_Close
                0x0000000008000ade       0x4e Drivers/STM32F1xx_HAL_Driver/Src/stm32f1xx_hal_pcd.o
                0x0000000008000ade                HAL_PCD_EP_Close
 .text.HAL_PCD_EP_Receive
                0x0000000008000b2c       0x3e Drivers/STM32F1xx_HAL_Driver/Src/stm32f1xx_hal_pcd.o
                0x0000000008000b2c                HAL_PCD_EP_Receive
 .text.HAL_PCD_EP_Transmit
                0x0000000008000b6a       0x3c Drivers/STM32F1xx_HAL_Driver/Src/stm32f1xx_hal_pcd.o
                0x0000000008000b6a                HAL_PCD_EP_Transmit
 .text.PCD_EP_ISR_Handler
                0x0000000008000ba6      0x444 Drivers/STM32F1xx_HAL_Driver/Src/stm32f1xx_hal_pcd.o
 .text.HAL_PCD_IRQHandler
                0x0000000008000fea      0x160 Drivers/STM32F1xx_HAL_Driver/Src/stm32f1xx_hal_pcd.o
                0x0000000008000fea                HAL_PCD_IRQHandler
 .text.HAL_PCD_EP_SetStall
                0x000000000800114a       0x5c Drivers/STM32F1xx_HAL_Driver/Src/stm32f1xx_hal_pcd.o
                0x000000000800114a                HAL_PCD_EP_SetStall
 .text.HAL_PCD_EP_ClrStall
                0x00000000080011a6       0x4e Drivers/STM32F1xx_HAL_Driver/Src/stm32f1xx_hal_pcd.o
                0x00000000080011a6                HAL_PCD_EP_ClrStall
 .text.HAL_PCDEx_PMAConfig
                0x00000000080011f4       0x30 Drivers/STM32F1xx_HAL_Driver/Src/stm32f1xx_hal_pcd_ex.o
                0x00000000080011f4                HAL_PCDEx_PMAConfig
 .text.RCC_Delay
                0x0000000008001224       0x2c Drivers/STM32F1xx_HAL_Driver/Src/stm32f1xx_hal_rcc.o
 .text.HAL_RCC_OscConfig
                0x0000000008001250      0x3dc Drivers/STM32F1xx_HAL_Driver/Src/stm32f1xx_hal_rcc.o
                0x0000000008001250                HAL_RCC_OscConfig
 .text.HAL_RCC_GetSysClockFreq
                0x000000000800162c       0x70 Drivers/STM32F1xx_HAL_Driver/Src/stm32f1xx_hal_rcc.o
                0x000000000800162c                HAL_RCC_GetSysClockFreq
 .text.HAL_RCC_ClockConfig
                0x000000000800169c      0x178 Drivers/STM32F1xx_HAL_Driver/Src/stm32f1xx_hal_rcc.o
                0x000000000800169c                HAL_RCC_ClockConfig
 .text.HAL_RCC_GetHCLKFreq
                0x0000000008001814        0xc Drivers/STM32F1xx_HAL_Driver/Src/stm32f1xx_hal_rcc.o
                0x0000000008001814                HAL_RCC_GetHCLKFreq
 .text.HAL_RCC_GetPCLK1Freq
                0x0000000008001820       0x20 Drivers/STM32F1xx_HAL_Driver/Src/stm32f1xx_hal_rcc.o
                0x0000000008001820                HAL_RCC_GetPCLK1Freq
 .text.HAL_RCC_GetPCLK2Freq
                0x0000000008001840       0x20 Drivers/STM32F1xx_HAL_Driver/Src/stm32f1xx_hal_rcc.o
                0x0000000008001840                HAL_RCC_GetPCLK2Freq
 .text.HAL_RCCEx_PeriphCLKConfig
                0x0000000008001860      0x114 Drivers/STM32F1xx_HAL_Driver/Src/stm32f1xx_hal_rcc_ex.o
                0x0000000008001860                HAL_RCCEx_PeriphCLKConfig
 .text.UART_EndRxTransfer
                0x0000000008001974       0x1c Drivers/STM32F1xx_HAL_Driver/Src/stm32f1xx_hal_uart.o
 .text.UART_Transmit_IT
                0x0000000008001990       0x68 Drivers/STM32F1xx_HAL_Driver/Src/stm32f1xx_hal_uart.o
 .text.UART_SetConfig
                0x00000000080019f8      0x1ac Drivers/STM32F1xx_HAL_Driver/Src/stm32f1xx_hal_uart.o
 .text.UART_WaitOnFlagUntilTimeout
                0x0000000008001ba4       0x62 Drivers/STM32F1xx_HAL_Driver/Src/stm32f1xx_hal_uart.o
 .text.HAL_UART_Init
                0x0000000008001c06       0x5e Drivers/STM32F1xx_HAL_Driver/Src/stm32f1xx_hal_uart.o
                0x0000000008001c06                HAL_UART_Init
 .text.HAL_UART_Transmit
                0x0000000008001c64       0xe0 Drivers/STM32F1xx_HAL_Driver/Src/stm32f1xx_hal_uart.o
                0x0000000008001c64                HAL_UART_Transmit
 .text.HAL_UART_TxCpltCallback
                0x0000000008001d44        0x2 Drivers/STM32F1xx_HAL_Driver/Src/stm32f1xx_hal_uart.o
                0x0000000008001d44                HAL_UART_TxCpltCallback
 .text.UART_EndTransmit_IT
                0x0000000008001d46       0x1a Drivers/STM32F1xx_HAL_Driver/Src/stm32f1xx_hal_uart.o
 .text.HAL_UART_RxCpltCallback
                0x0000000008001d60        0x2 Drivers/STM32F1xx_HAL_Driver/Src/stm32f1xx_hal_uart.o
                0x0000000008001d60                HAL_UART_RxCpltCallback
 .text.UART_Receive_IT
                0x0000000008001d62       0x9c Drivers/STM32F1xx_HAL_Driver/Src/stm32f1xx_hal_uart.o
 .text.HAL_UART_ErrorCallback
                0x0000000008001dfe        0x2 Drivers/STM32F1xx_HAL_Driver/Src/stm32f1xx_hal_uart.o
                0x0000000008001dfe                HAL_UART_ErrorCallback
 .text.HAL_UART_IRQHandler
                0x0000000008001e00      0x120 Drivers/STM32F1xx_HAL_Driver/Src/stm32f1xx_hal_uart.o
                0x0000000008001e00                HAL_UART_IRQHandler
 .text.UART_DMAAbortOnError
                0x0000000008001f20       0x10 Drivers/STM32F1xx_HAL_Driver/Src/stm32f1xx_hal_uart.o
 .text.USB_CoreInit
                0x0000000008001f30        0xe Drivers/STM32F1xx_HAL_Driver/Src/stm32f1xx_ll_usb.o
                0x0000000008001f30                USB_CoreInit
 .text.USB_EnableGlobalInt
                0x0000000008001f3e       0x10 Drivers/STM32F1xx_HAL_Driver/Src/stm32f1xx_ll_usb.o
                0x0000000008001f3e                USB_EnableGlobalInt
 .text.USB_DisableGlobalInt
                0x0000000008001f4e       0x14 Drivers/STM32F1xx_HAL_Driver/Src/stm32f1xx_ll_usb.o
                0x0000000008001f4e                USB_DisableGlobalInt
 .text.USB_SetCurrentMode
                0x0000000008001f62        0x4 Drivers/STM32F1xx_HAL_Driver/Src/stm32f1xx_ll_usb.o
                0x0000000008001f62                USB_SetCurrentMode
 .text.USB_DevInit
                0x0000000008001f66       0x2c Drivers/STM32F1xx_HAL_Driver/Src/stm32f1xx_ll_usb.o
                0x0000000008001f66                USB_DevInit
 .text.USB_ActivateEndpoint
                0x0000000008001f92      0x328 Drivers/STM32F1xx_HAL_Driver/Src/stm32f1xx_ll_usb.o
                0x0000000008001f92                USB_ActivateEndpoint
 .text.USB_DeactivateEndpoint
                0x00000000080022ba      0x1c4 Drivers/STM32F1xx_HAL_Driver/Src/stm32f1xx_ll_usb.o
                0x00000000080022ba                USB_DeactivateEndpoint
 .text.USB_EPSetStall
                0x000000000800247e       0x6e Drivers/STM32F1xx_HAL_Driver/Src/stm32f1xx_ll_usb.o
                0x000000000800247e                USB_EPSetStall
 .text.USB_EPClearStall
                0x00000000080024ec       0x92 Drivers/STM32F1xx_HAL_Driver/Src/stm32f1xx_ll_usb.o
                0x00000000080024ec                USB_EPClearStall
 .text.USB_SetDevAddress
                0x000000000800257e        0xc Drivers/STM32F1xx_HAL_Driver/Src/stm32f1xx_ll_usb.o
                0x000000000800257e                USB_SetDevAddress
 .text.USB_DevConnect
                0x000000000800258a        0x4 Drivers/STM32F1xx_HAL_Driver/Src/stm32f1xx_ll_usb.o
                0x000000000800258a                USB_DevConnect
 .text.USB_DevDisconnect
                0x000000000800258e        0x4 Drivers/STM32F1xx_HAL_Driver/Src/stm32f1xx_ll_usb.o
                0x000000000800258e                USB_DevDisconnect
 .text.USB_ReadInterrupts
                0x0000000008002592        0x6 Drivers/STM32F1xx_HAL_Driver/Src/stm32f1xx_ll_usb.o
                0x0000000008002592                USB_ReadInterrupts
 .text.USB_EP0_OutStart
                0x0000000008002598        0x4 Drivers/STM32F1xx_HAL_Driver/Src/stm32f1xx_ll_usb.o
                0x0000000008002598                USB_EP0_OutStart
 .text.USB_WritePMA
                0x000000000800259c       0x2a Drivers/STM32F1xx_HAL_Driver/Src/stm32f1xx_ll_usb.o
                0x000000000800259c                USB_WritePMA
 .text.USB_EPStartXfer
                0x00000000080025c6      0x2ba Drivers/STM32F1xx_HAL_Driver/Src/stm32f1xx_ll_usb.o
                0x00000000080025c6                USB_EPStartXfer
 .text.USB_ReadPMA
                0x0000000008002880       0x1e Drivers/STM32F1xx_HAL_Driver/Src/stm32f1xx_ll_usb.o
                0x0000000008002880                USB_ReadPMA
 .text.USBD_CDC_DataOut
                0x000000000800289e       0x3e Middlewares/ST/STM32_USB_Device_Library/Class/CDC/Src/usbd_cdc.o
 .text.USBD_CDC_EP0_RxReady
                0x00000000080028dc       0x28 Middlewares/ST/STM32_USB_Device_Library/Class/CDC/Src/usbd_cdc.o
 .text.USBD_CDC_GetFSCfgDesc
                0x0000000008002904        0xc Middlewares/ST/STM32_USB_Device_Library/Class/CDC/Src/usbd_cdc.o
 .text.USBD_CDC_GetHSCfgDesc
                0x0000000008002910        0xc Middlewares/ST/STM32_USB_Device_Library/Class/CDC/Src/usbd_cdc.o
 .text.USBD_CDC_GetOtherSpeedCfgDesc
                0x000000000800291c        0xc Middlewares/ST/STM32_USB_Device_Library/Class/CDC/Src/usbd_cdc.o
 .text.USBD_CDC_GetDeviceQualifierDescriptor
                0x0000000008002928        0xc Middlewares/ST/STM32_USB_Device_Library/Class/CDC/Src/usbd_cdc.o
                0x0000000008002928                USBD_CDC_GetDeviceQualifierDescriptor
 .text.USBD_CDC_DataIn
                0x0000000008002934       0x28 Middlewares/ST/STM32_USB_Device_Library/Class/CDC/Src/usbd_cdc.o
 .text.USBD_CDC_Setup
                0x000000000800295c       0x74 Middlewares/ST/STM32_USB_Device_Library/Class/CDC/Src/usbd_cdc.o
 .text.USBD_CDC_DeInit
                0x00000000080029d0       0x3a Middlewares/ST/STM32_USB_Device_Library/Class/CDC/Src/usbd_cdc.o
 .text.USBD_CDC_Init
                0x0000000008002a0a       0x98 Middlewares/ST/STM32_USB_Device_Library/Class/CDC/Src/usbd_cdc.o
 .text.USBD_CDC_RegisterInterface
                0x0000000008002aa2        0xe Middlewares/ST/STM32_USB_Device_Library/Class/CDC/Src/usbd_cdc.o
                0x0000000008002aa2                USBD_CDC_RegisterInterface
 .text.USBD_CDC_SetTxBuffer
                0x0000000008002ab0       0x10 Middlewares/ST/STM32_USB_Device_Library/Class/CDC/Src/usbd_cdc.o
                0x0000000008002ab0                USBD_CDC_SetTxBuffer
 .text.USBD_CDC_SetRxBuffer
                0x0000000008002ac0       0x10 Middlewares/ST/STM32_USB_Device_Library/Class/CDC/Src/usbd_cdc.o
                0x0000000008002ac0                USBD_CDC_SetRxBuffer
 .text.USBD_CDC_Notify
                0x0000000008002ad0       0x2e Middlewares/ST/STM32_USB_Device_Library/Class/CDC/Src/usbd_cdc.o
                0x0000000008002ad0                USBD_CDC_Notify
 .text.USBD_CDC_ReceiveData
                0x0000000008002afe       0x34 Middlewares/ST/STM32_USB_Device_Library/Class/CDC/Src/usbd_cdc.o
                0x0000000008002afe                USBD_CDC_ReceiveData
 .text.USBD_Init
                0x0000000008002b32       0x2e Middlewares/ST/STM32_USB_Device_Library/Core/Src/usbd_core.o
                0x0000000008002b32                USBD_Init
 .text.USBD_RegisterClass
                0x0000000008002b60        0xe Middlewares/ST/STM32_USB_Device_Library/Core/Src/usbd_core.o
                0x0000000008002b60                USBD_RegisterClass
 .text.USBD_Start
                0x0000000008002b6e        0xa Middlewares/ST/STM32_USB_Device_Library/Core/Src/usbd_core.o
                0x0000000008002b6e                USBD_Start
 .text.USBD_SetClassConfig
                0x0000000008002b78       0x1a Middlewares/ST/STM32_USB_Device_Library/Core/Src/usbd_core.o
                0x0000000008002b78                USBD_SetClassConfig
 .text.USBD_ClrClassConfig
                0x0000000008002b92        0xe Middlewares/ST/STM32_USB_Device_Library/Core/Src/usbd_core.o
                0x0000000008002b92                USBD_ClrClassConfig
 .text.USBD_LL_SetupStage
                0x0000000008002ba0       0x5a Middlewares/ST/STM32_USB_Device_Library/Core/Src/usbd_core.o
                0x0000000008002ba0                USBD_LL_SetupStage
 .text.USBD_LL_DataOutStage
                0x0000000008002bfa       0x6a Middlewares/ST/STM32_USB_Device_Library/Core/Src/usbd_core.o
                0x0000000008002bfa                USBD_LL_DataOutStage
 .text.USBD_LL_DataInStage
                0x0000000008002c64       0xb0 Middlewares/ST/STM32_USB_Device_Library/Core/Src/usbd_core.o
                0x0000000008002c64                USBD_LL_DataInStage
 .text.USBD_LL_Reset
                0x0000000008002d14       0x3e Middlewares/ST/STM32_USB_Device_Library/Core/Src/usbd_core.o
                0x0000000008002d14                USBD_LL_Reset
 .text.USBD_LL_SetSpeed
                0x0000000008002d52        0x6 Middlewares/ST/STM32_USB_Device_Library/Core/Src/usbd_core.o
                0x0000000008002d52                USBD_LL_SetSpeed
 .text.USBD_LL_Suspend
                0x0000000008002d58       0x12 Middlewares/ST/STM32_USB_Device_Library/Core/Src/usbd_core.o
                0x0000000008002d58                USBD_LL_Suspend
 .text.USBD_LL_Resume
                0x0000000008002d6a        0xc Middlewares/ST/STM32_USB_Device_Library/Core/Src/usbd_core.o
                0x0000000008002d6a                USBD_LL_Resume
 .text.USBD_LL_SOF
                0x0000000008002d76       0x1c Middlewares/ST/STM32_USB_Device_Library/Core/Src/usbd_core.o
                0x0000000008002d76                USBD_LL_SOF
 .text.USBD_GetLen
                0x0000000008002d92       0x14 Middlewares/ST/STM32_USB_Device_Library/Core/Src/usbd_ctlreq.o
 .text.USBD_SetFeature
                0x0000000008002da6       0x20 Middlewares/ST/STM32_USB_Device_Library/Core/Src/usbd_ctlreq.o
 .text.USBD_ParseSetupRequest
                0x0000000008002dc6       0x28 Middlewares/ST/STM32_USB_Device_Library/Core/Src/usbd_ctlreq.o
                0x0000000008002dc6                USBD_ParseSetupRequest
 .text.USBD_CtlError
                0x0000000008002dee       0x14 Middlewares/ST/STM32_USB_Device_Library/Core/Src/usbd_ctlreq.o
                0x0000000008002dee                USBD_CtlError
 .text.USBD_GetDescriptor
                0x0000000008002e02      0x144 Middlewares/ST/STM32_USB_Device_Library/Core/Src/usbd_ctlreq.o
 .text.USBD_SetAddress
                0x0000000008002f46       0x4a Middlewares/ST/STM32_USB_Device_Library/Core/Src/usbd_ctlreq.o
 .text.USBD_SetConfig
                0x0000000008002f90       0xa4 Middlewares/ST/STM32_USB_Device_Library/Core/Src/usbd_ctlreq.o
 .text.USBD_GetConfig
                0x0000000008003034       0x3a Middlewares/ST/STM32_USB_Device_Library/Core/Src/usbd_ctlreq.o
 .text.USBD_GetStatus
                0x000000000800306e       0x2c Middlewares/ST/STM32_USB_Device_Library/Core/Src/usbd_ctlreq.o
 .text.USBD_ClrFeature
                0x000000000800309a       0x30 Middlewares/ST/STM32_USB_Device_Library/Core/Src/usbd_ctlreq.o
 .text.USBD_StdDevReq
                0x00000000080030ca       0x48 Middlewares/ST/STM32_USB_Device_Library/Core/Src/usbd_ctlreq.o
                0x00000000080030ca                USBD_StdDevReq
 .text.USBD_StdItfReq
                0x0000000008003112       0x38 Middlewares/ST/STM32_USB_Device_Library/Core/Src/usbd_ctlreq.o
                0x0000000008003112                USBD_StdItfReq
 .text.USBD_StdEPReq
                0x000000000800314a      0x118 Middlewares/ST/STM32_USB_Device_Library/Core/Src/usbd_ctlreq.o
                0x000000000800314a                USBD_StdEPReq
 .text.USBD_GetString
                0x0000000008003262       0x3a Middlewares/ST/STM32_USB_Device_Library/Core/Src/usbd_ctlreq.o
                0x0000000008003262                USBD_GetString
 .text.USBD_CtlSendData
                0x000000000800329c       0x1a Middlewares/ST/STM32_USB_Device_Library/Core/Src/usbd_ioreq.o
                0x000000000800329c                USBD_CtlSendData
 .text.USBD_CtlContinueSendData
                0x00000000080032b6       0x10 Middlewares/ST/STM32_USB_Device_Library/Core/Src/usbd_ioreq.o
                0x00000000080032b6                USBD_CtlContinueSendData
 .text.USBD_CtlPrepareRx
                0x00000000080032c6       0x1e Middlewares/ST/STM32_USB_Device_Library/Core/Src/usbd_ioreq.o
                0x00000000080032c6                USBD_CtlPrepareRx
 .text.USBD_CtlContinueRx
                0x00000000080032e4       0x10 Middlewares/ST/STM32_USB_Device_Library/Core/Src/usbd_ioreq.o
                0x00000000080032e4                USBD_CtlContinueRx
 .text.USBD_CtlSendStatus
                0x00000000080032f4       0x16 Middlewares/ST/STM32_USB_Device_Library/Core/Src/usbd_ioreq.o
                0x00000000080032f4                USBD_CtlSendStatus
 .text.USBD_CtlReceiveStatus
                0x000000000800330a       0x16 Middlewares/ST/STM32_USB_Device_Library/Core/Src/usbd_ioreq.o
                0x000000000800330a                USBD_CtlReceiveStatus
 .text.MX_USB_DEVICE_Init
                0x0000000008003320       0x38 USB_DEVICE/usb_device.o
                0x0000000008003320                MX_USB_DEVICE_Init
 .text.CDC_DeInit_FS
                0x0000000008003358        0x4 USB_DEVICE/usbd_cdc_if.o
 .text.CDC_Control_FS
                0x000000000800335c       0xb4 USB_DEVICE/usbd_cdc_if.o
 .text.CDC_ReceiveData_FS
                0x0000000008003410       0xdc USB_DEVICE/usbd_cdc_if.o
 .text.CDC_Init_FS
                0x00000000080034ec       0x2c USB_DEVICE/usbd_cdc_if.o
 .text.CDC_Notify_FS
                0x0000000008003518       0x2c USB_DEVICE/usbd_cdc_if.o
                0x0000000008003518                CDC_Notify_FS
 .text.CDC_Notify_NetworkConnection
                0x0000000008003544       0x28 USB_DEVICE/usbd_cdc_if.o
                0x0000000008003544                CDC_Notify_NetworkConnection
 .text.HAL_PCD_MspInit
                0x000000000800356c       0x90 USB_DEVICE/usbd_conf.o
                0x000000000800356c                HAL_PCD_MspInit
 .text.HAL_PCD_SetupStageCallback
                0x00000000080035fc       0x10 USB_DEVICE/usbd_conf.o
                0x00000000080035fc                HAL_PCD_SetupStageCallback
 .text.HAL_PCD_DataOutStageCallback
                0x000000000800360c       0x14 USB_DEVICE/usbd_conf.o
                0x000000000800360c                HAL_PCD_DataOutStageCallback
 .text.HAL_PCD_DataInStageCallback
                0x0000000008003620       0x12 USB_DEVICE/usbd_conf.o
                0x0000000008003620                HAL_PCD_DataInStageCallback
 .text.HAL_PCD_SOFCallback
                0x0000000008003632        0xc USB_DEVICE/usbd_conf.o
                0x0000000008003632                HAL_PCD_SOFCallback
 .text.HAL_PCD_ResetCallback
                0x000000000800363e       0x18 USB_DEVICE/usbd_conf.o
                0x000000000800363e                HAL_PCD_ResetCallback
 *fill*         0x0000000008003656        0x2 
 .text.HAL_PCD_SuspendCallback
                0x0000000008003658       0x20 USB_DEVICE/usbd_conf.o
                0x0000000008003658                HAL_PCD_SuspendCallback
 .text.HAL_PCD_ResumeCallback
                0x0000000008003678        0xc USB_DEVICE/usbd_conf.o
                0x0000000008003678                HAL_PCD_ResumeCallback
 .text.USBD_LL_Init
                0x0000000008003684       0x94 USB_DEVICE/usbd_conf.o
                0x0000000008003684                USBD_LL_Init
 .text.USBD_LL_Start
                0x0000000008003718       0x1c USB_DEVICE/usbd_conf.o
                0x0000000008003718                USBD_LL_Start
 .text.USBD_LL_OpenEP
                0x0000000008003734       0x22 USB_DEVICE/usbd_conf.o
                0x0000000008003734                USBD_LL_OpenEP
 .text.USBD_LL_CloseEP
                0x0000000008003756       0x1c USB_DEVICE/usbd_conf.o
                0x0000000008003756                USBD_LL_CloseEP
 .text.USBD_LL_StallEP
                0x0000000008003772       0x1c USB_DEVICE/usbd_conf.o
                0x0000000008003772                USBD_LL_StallEP
 .text.USBD_LL_ClearStallEP
                0x000000000800378e       0x1c USB_DEVICE/usbd_conf.o
                0x000000000800378e                USBD_LL_ClearStallEP
 .text.USBD_LL_IsStallEP
                0x00000000080037aa       0x26 USB_DEVICE/usbd_conf.o
                0x00000000080037aa                USBD_LL_IsStallEP
 .text.USBD_LL_SetUSBAddress
                0x00000000080037d0       0x1c USB_DEVICE/usbd_conf.o
                0x00000000080037d0                USBD_LL_SetUSBAddress
 .text.USBD_LL_Transmit
                0x00000000080037ec       0x1c USB_DEVICE/usbd_conf.o
                0x00000000080037ec                USBD_LL_Transmit
 .text.USBD_LL_PrepareReceive
                0x0000000008003808       0x1c USB_DEVICE/usbd_conf.o
                0x0000000008003808                USBD_LL_PrepareReceive
 .text.USBD_static_malloc
                0x0000000008003824        0x8 USB_DEVICE/usbd_conf.o
                0x0000000008003824                USBD_static_malloc
 .text.USBD_static_free
                0x000000000800382c        0x2 USB_DEVICE/usbd_conf.o
                0x000000000800382c                USBD_static_free
 *fill*         0x000000000800382e        0x2 
 .text.HAL_PCDEx_SetConnectionState
                0x0000000008003830       0x28 USB_DEVICE/usbd_conf.o
                0x0000000008003830                HAL_PCDEx_SetConnectionState
 .text.USBD_FS_DeviceDescriptor
                0x0000000008003858        0xc USB_DEVICE/usbd_desc.o
                0x0000000008003858                USBD_FS_DeviceDescriptor
 .text.USBD_FS_LangIDStrDescriptor
                0x0000000008003864        0xc USB_DEVICE/usbd_desc.o
                0x0000000008003864                USBD_FS_LangIDStrDescriptor
 .text.USBD_FS_ProductStrDescriptor
                0x0000000008003870       0x24 USB_DEVICE/usbd_desc.o
                0x0000000008003870                USBD_FS_ProductStrDescriptor
 .text.USBD_FS_ManufacturerStrDescriptor
                0x0000000008003894       0x1c USB_DEVICE/usbd_desc.o
                0x0000000008003894                USBD_FS_ManufacturerStrDescriptor
 .text.USBD_FS_SerialStrDescriptor
                0x00000000080038b0       0x24 USB_DEVICE/usbd_desc.o
                0x00000000080038b0                USBD_FS_SerialStrDescriptor
 .text.USBD_FS_ConfigStrDescriptor
                0x00000000080038d4       0x24 USB_DEVICE/usbd_desc.o
                0x00000000080038d4                USBD_FS_ConfigStrDescriptor
 .text.USBD_FS_InterfaceStrDescriptor
                0x00000000080038f8       0x24 USB_DEVICE/usbd_desc.o
                0x00000000080038f8                USBD_FS_InterfaceStrDescriptor
 .text.USBD_FS_MacAddressStrDescriptor
                0x000000000800391c       0x1c USB_DEVICE/usbd_desc.o
                0x000000000800391c                USBD_FS_MacAddressStrDescriptor
 .text.Reset_Handler
                0x0000000008003938       0x48 startup/startup_stm32f103x6.o
                0x0000000008003938                Reset_Handler
 .text.Default_Handler
                0x0000000008003980        0x2 startup/startup_stm32f103x6.o
                0x0000000008003980                RTC_Alarm_IRQHandler
                0x0000000008003980                EXTI2_IRQHandler
                0x0000000008003980                TIM1_CC_IRQHandler
                0x0000000008003980                PVD_IRQHandler
                0x0000000008003980                EXTI3_IRQHandler
                0x0000000008003980                EXTI0_IRQHandler
                0x0000000008003980                ADC1_2_IRQHandler
                0x0000000008003980                SPI1_IRQHandler
                0x0000000008003980                TAMPER_IRQHandler
                0x0000000008003980                DMA1_Channel4_IRQHandler
                0x0000000008003980                RTC_IRQHandler
                0x0000000008003980                CAN1_RX1_IRQHandler
                0x0000000008003980                I2C1_EV_IRQHandler
                0x0000000008003980                TIM3_IRQHandler
                0x0000000008003980                RCC_IRQHandler
                0x0000000008003980                TIM1_TRG_COM_IRQHandler
                0x0000000008003980                DMA1_Channel1_IRQHandler
                0x0000000008003980                Default_Handler
                0x0000000008003980                EXTI15_10_IRQHandler
                0x0000000008003980                EXTI9_5_IRQHandler
                0x0000000008003980                DMA1_Channel5_IRQHandler
                0x0000000008003980                EXTI4_IRQHandler
                0x0000000008003980                DMA1_Channel3_IRQHandler
                0x0000000008003980                TIM1_UP_IRQHandler
                0x0000000008003980                WWDG_IRQHandler
                0x0000000008003980                TIM2_IRQHandler
                0x0000000008003980                TIM1_BRK_IRQHandler
                0x0000000008003980                EXTI1_IRQHandler
                0x0000000008003980                DMA1_Channel2_IRQHandler
                0x0000000008003980                CAN1_SCE_IRQHandler
                0x0000000008003980                FLASH_IRQHandler
                0x0000000008003980                USART1_IRQHandler
                0x0000000008003980                I2C1_ER_IRQHandler
                0x0000000008003980                USBWakeUp_IRQHandler
 *fill*         0x0000000008003982        0x2 
 .text.__errno  0x0000000008003984        0xc /home/usr/Ac6/SystemWorkbench/plugins/fr.ac6.mcu.externaltools.arm-none.linux64_1.16.0.201807130628/tools/compiler/bin/../lib/gcc/arm-none-eabi/7.2.1/../../../../arm-none-eabi/lib/thumb/v7-m/libc_nano.a(lib_a-errno.o)
                0x0000000008003984                __errno
 .text.__libc_init_array
                0x0000000008003990       0x48 /home/usr/Ac6/SystemWorkbench/plugins/fr.ac6.mcu.externaltools.arm-none.linux64_1.16.0.201807130628/tools/compiler/bin/../lib/gcc/arm-none-eabi/7.2.1/../../../../arm-none-eabi/lib/thumb/v7-m/libc_nano.a(lib_a-init.o)
                0x0000000008003990                __libc_init_array
 .text.memset   0x00000000080039d8       0x10 /home/usr/Ac6/SystemWorkbench/plugins/fr.ac6.mcu.externaltools.arm-none.linux64_1.16.0.201807130628/tools/compiler/bin/../lib/gcc/arm-none-eabi/7.2.1/../../../../arm-none-eabi/lib/thumb/v7-m/libc_nano.a(lib_a-memset.o)
                0x00000000080039d8                memset
 .text.printf   0x00000000080039e8       0x30 /home/usr/Ac6/SystemWorkbench/plugins/fr.ac6.mcu.externaltools.arm-none.linux64_1.16.0.201807130628/tools/compiler/bin/../lib/gcc/arm-none-eabi/7.2.1/../../../../arm-none-eabi/lib/thumb/v7-m/libc_nano.a(lib_a-printf.o)
                0x00000000080039e8                printf
                0x00000000080039e8                iprintf
 .text.std      0x0000000008003a18       0x48 /home/usr/Ac6/SystemWorkbench/plugins/fr.ac6.mcu.externaltools.arm-none.linux64_1.16.0.201807130628/tools/compiler/bin/../lib/gcc/arm-none-eabi/7.2.1/../../../../arm-none-eabi/lib/thumb/v7-m/libc_nano.a(lib_a-findfp.o)
 .text._cleanup_r
                0x0000000008003a60        0xc /home/usr/Ac6/SystemWorkbench/plugins/fr.ac6.mcu.externaltools.arm-none.linux64_1.16.0.201807130628/tools/compiler/bin/../lib/gcc/arm-none-eabi/7.2.1/../../../../arm-none-eabi/lib/thumb/v7-m/libc_nano.a(lib_a-findfp.o)
                0x0000000008003a60                _cleanup_r
 .text.__sfmoreglue
                0x0000000008003a6c       0x2c /home/usr/Ac6/SystemWorkbench/plugins/fr.ac6.mcu.externaltools.arm-none.linux64_1.16.0.201807130628/tools/compiler/bin/../lib/gcc/arm-none-eabi/7.2.1/../../../../arm-none-eabi/lib/thumb/v7-m/libc_nano.a(lib_a-findfp.o)
                0x0000000008003a6c                __sfmoreglue
 .text.__sinit  0x0000000008003a98       0x60 /home/usr/Ac6/SystemWorkbench/plugins/fr.ac6.mcu.externaltools.arm-none.linux64_1.16.0.201807130628/tools/compiler/bin/../lib/gcc/arm-none-eabi/7.2.1/../../../../arm-none-eabi/lib/thumb/v7-m/libc_nano.a(lib_a-findfp.o)
                0x0000000008003a98                __sinit
 .text.__sfp    0x0000000008003af8       0x78 /home/usr/Ac6/SystemWorkbench/plugins/fr.ac6.mcu.externaltools.arm-none.linux64_1.16.0.201807130628/tools/compiler/bin/../lib/gcc/arm-none-eabi/7.2.1/../../../../arm-none-eabi/lib/thumb/v7-m/libc_nano.a(lib_a-findfp.o)
                0x0000000008003af8                __sfp
 .text._fwalk_reent
                0x0000000008003b70       0x3c /home/usr/Ac6/SystemWorkbench/plugins/fr.ac6.mcu.externaltools.arm-none.linux64_1.16.0.201807130628/tools/compiler/bin/../lib/gcc/arm-none-eabi/7.2.1/../../../../arm-none-eabi/lib/thumb/v7-m/libc_nano.a(lib_a-fwalk.o)
                0x0000000008003b70                _fwalk_reent
 .text._malloc_r
                0x0000000008003bac       0xb4 /home/usr/Ac6/SystemWorkbench/plugins/fr.ac6.mcu.externaltools.arm-none.linux64_1.16.0.201807130628/tools/compiler/bin/../lib/gcc/arm-none-eabi/7.2.1/../../../../arm-none-eabi/lib/thumb/v7-m/libc_nano.a(lib_a-nano-mallocr.o)
                0x0000000008003bac                _malloc_r
 .text.__sfputc_r
                0x0000000008003c60       0x2a /home/usr/Ac6/SystemWorkbench/plugins/fr.ac6.mcu.externaltools.arm-none.linux64_1.16.0.201807130628/tools/compiler/bin/../lib/gcc/arm-none-eabi/7.2.1/../../../../arm-none-eabi/lib/thumb/v7-m/libc_nano.a(lib_a-nano-vfprintf.o)
 .text.__sfputs_r
                0x0000000008003c8a       0x24 /home/usr/Ac6/SystemWorkbench/plugins/fr.ac6.mcu.externaltools.arm-none.linux64_1.16.0.201807130628/tools/compiler/bin/../lib/gcc/arm-none-eabi/7.2.1/../../../../arm-none-eabi/lib/thumb/v7-m/libc_nano.a(lib_a-nano-vfprintf.o)
                0x0000000008003c8a                __sfputs_r
 *fill*         0x0000000008003cae        0x2 
 .text._vfprintf_r
                0x0000000008003cb0      0x228 /home/usr/Ac6/SystemWorkbench/plugins/fr.ac6.mcu.externaltools.arm-none.linux64_1.16.0.201807130628/tools/compiler/bin/../lib/gcc/arm-none-eabi/7.2.1/../../../../arm-none-eabi/lib/thumb/v7-m/libc_nano.a(lib_a-nano-vfprintf.o)
                0x0000000008003cb0                _vfiprintf_r
                0x0000000008003cb0                _vfprintf_r
 .text._printf_common
                0x0000000008003ed8       0xec /home/usr/Ac6/SystemWorkbench/plugins/fr.ac6.mcu.externaltools.arm-none.linux64_1.16.0.201807130628/tools/compiler/bin/../lib/gcc/arm-none-eabi/7.2.1/../../../../arm-none-eabi/lib/thumb/v7-m/libc_nano.a(lib_a-nano-vfprintf_i.o)
                0x0000000008003ed8                _printf_common
 .text._printf_i
                0x0000000008003fc4      0x224 /home/usr/Ac6/SystemWorkbench/plugins/fr.ac6.mcu.externaltools.arm-none.linux64_1.16.0.201807130628/tools/compiler/bin/../lib/gcc/arm-none-eabi/7.2.1/../../../../arm-none-eabi/lib/thumb/v7-m/libc_nano.a(lib_a-nano-vfprintf_i.o)
                0x0000000008003fc4                _printf_i
 .text._sbrk_r  0x00000000080041e8       0x20 /home/usr/Ac6/SystemWorkbench/plugins/fr.ac6.mcu.externaltools.arm-none.linux64_1.16.0.201807130628/tools/compiler/bin/../lib/gcc/arm-none-eabi/7.2.1/../../../../arm-none-eabi/lib/thumb/v7-m/libc_nano.a(lib_a-sbrkr.o)
                0x00000000080041e8                _sbrk_r
 .text.__sread  0x0000000008004208       0x22 /home/usr/Ac6/SystemWorkbench/plugins/fr.ac6.mcu.externaltools.arm-none.linux64_1.16.0.201807130628/tools/compiler/bin/../lib/gcc/arm-none-eabi/7.2.1/../../../../arm-none-eabi/lib/thumb/v7-m/libc_nano.a(lib_a-stdio.o)
                0x0000000008004208                __sread
 .text.__swrite
                0x000000000800422a       0x38 /home/usr/Ac6/SystemWorkbench/plugins/fr.ac6.mcu.externaltools.arm-none.linux64_1.16.0.201807130628/tools/compiler/bin/../lib/gcc/arm-none-eabi/7.2.1/../../../../arm-none-eabi/lib/thumb/v7-m/libc_nano.a(lib_a-stdio.o)
                0x000000000800422a                __swrite
 .text.__sseek  0x0000000008004262       0x24 /home/usr/Ac6/SystemWorkbench/plugins/fr.ac6.mcu.externaltools.arm-none.linux64_1.16.0.201807130628/tools/compiler/bin/../lib/gcc/arm-none-eabi/7.2.1/../../../../arm-none-eabi/lib/thumb/v7-m/libc_nano.a(lib_a-stdio.o)
                0x0000000008004262                __sseek
 .text.__sclose
                0x0000000008004286        0x8 /home/usr/Ac6/SystemWorkbench/plugins/fr.ac6.mcu.externaltools.arm-none.linux64_1.16.0.201807130628/tools/compiler/bin/../lib/gcc/arm-none-eabi/7.2.1/../../../../arm-none-eabi/lib/thumb/v7-m/libc_nano.a(lib_a-stdio.o)
                0x0000000008004286                __sclose
 *fill*         0x000000000800428e        0x2 
 .text.__swbuf_r
                0x0000000008004290       0xa4 /home/usr/Ac6/SystemWorkbench/plugins/fr.ac6.mcu.externaltools.arm-none.linux64_1.16.0.201807130628/tools/compiler/bin/../lib/gcc/arm-none-eabi/7.2.1/../../../../arm-none-eabi/lib/thumb/v7-m/libc_nano.a(lib_a-wbuf.o)
                0x0000000008004290                __swbuf_r
 .text._write_r
                0x0000000008004334       0x24 /home/usr/Ac6/SystemWorkbench/plugins/fr.ac6.mcu.externaltools.arm-none.linux64_1.16.0.201807130628/tools/compiler/bin/../lib/gcc/arm-none-eabi/7.2.1/../../../../arm-none-eabi/lib/thumb/v7-m/libc_nano.a(lib_a-writer.o)
                0x0000000008004334                _write_r
 .text.__swsetup_r
                0x0000000008004358       0xdc /home/usr/Ac6/SystemWorkbench/plugins/fr.ac6.mcu.externaltools.arm-none.linux64_1.16.0.201807130628/tools/compiler/bin/../lib/gcc/arm-none-eabi/7.2.1/../../../../arm-none-eabi/lib/thumb/v7-m/libc_nano.a(lib_a-wsetup.o)
                0x0000000008004358                __swsetup_r
 .text._close_r
                0x0000000008004434       0x20 /home/usr/Ac6/SystemWorkbench/plugins/fr.ac6.mcu.externaltools.arm-none.linux64_1.16.0.201807130628/tools/compiler/bin/../lib/gcc/arm-none-eabi/7.2.1/../../../../arm-none-eabi/lib/thumb/v7-m/libc_nano.a(lib_a-closer.o)
                0x0000000008004434                _close_r
 .text.__sflush_r
                0x0000000008004454      0x10c /home/usr/Ac6/SystemWorkbench/plugins/fr.ac6.mcu.externaltools.arm-none.linux64_1.16.0.201807130628/tools/compiler/bin/../lib/gcc/arm-none-eabi/7.2.1/../../../../arm-none-eabi/lib/thumb/v7-m/libc_nano.a(lib_a-fflush.o)
                0x0000000008004454                __sflush_r
 .text._fflush_r
                0x0000000008004560       0x54 /home/usr/Ac6/SystemWorkbench/plugins/fr.ac6.mcu.externaltools.arm-none.linux64_1.16.0.201807130628/tools/compiler/bin/../lib/gcc/arm-none-eabi/7.2.1/../../../../arm-none-eabi/lib/thumb/v7-m/libc_nano.a(lib_a-fflush.o)
                0x0000000008004560                _fflush_r
 .text._lseek_r
                0x00000000080045b4       0x24 /home/usr/Ac6/SystemWorkbench/plugins/fr.ac6.mcu.externaltools.arm-none.linux64_1.16.0.201807130628/tools/compiler/bin/../lib/gcc/arm-none-eabi/7.2.1/../../../../arm-none-eabi/lib/thumb/v7-m/libc_nano.a(lib_a-lseekr.o)
                0x00000000080045b4                _lseek_r
 .text.__swhatbuf_r
                0x00000000080045d8       0x48 /home/usr/Ac6/SystemWorkbench/plugins/fr.ac6.mcu.externaltools.arm-none.linux64_1.16.0.201807130628/tools/compiler/bin/../lib/gcc/arm-none-eabi/7.2.1/../../../../arm-none-eabi/lib/thumb/v7-m/libc_nano.a(lib_a-makebuf.o)
                0x00000000080045d8                __swhatbuf_r
 .text.__smakebuf_r
                0x0000000008004620       0x80 /home/usr/Ac6/SystemWorkbench/plugins/fr.ac6.mcu.externaltools.arm-none.linux64_1.16.0.201807130628/tools/compiler/bin/../lib/gcc/arm-none-eabi/7.2.1/../../../../arm-none-eabi/lib/thumb/v7-m/libc_nano.a(lib_a-makebuf.o)
                0x0000000008004620                __smakebuf_r
 .text.memchr   0x00000000080046a0       0x1c /home/usr/Ac6/SystemWorkbench/plugins/fr.ac6.mcu.externaltools.arm-none.linux64_1.16.0.201807130628/tools/compiler/bin/../lib/gcc/arm-none-eabi/7.2.1/../../../../arm-none-eabi/lib/thumb/v7-m/libc_nano.a(lib_a-memchr-stub.o)
                0x00000000080046a0                memchr
 .text.__malloc_lock
                0x00000000080046bc        0x2 /home/usr/Ac6/SystemWorkbench/plugins/fr.ac6.mcu.externaltools.arm-none.linux64_1.16.0.201807130628/tools/compiler/bin/../lib/gcc/arm-none-eabi/7.2.1/../../../../arm-none-eabi/lib/thumb/v7-m/libc_nano.a(lib_a-mlock.o)
                0x00000000080046bc                __malloc_lock
 .text.__malloc_unlock
                0x00000000080046be        0x2 /home/usr/Ac6/SystemWorkbench/plugins/fr.ac6.mcu.externaltools.arm-none.linux64_1.16.0.201807130628/tools/compiler/bin/../lib/gcc/arm-none-eabi/7.2.1/../../../../arm-none-eabi/lib/thumb/v7-m/libc_nano.a(lib_a-mlock.o)
                0x00000000080046be                __malloc_unlock
 .text._free_r  0x00000000080046c0       0x98 /home/usr/Ac6/SystemWorkbench/plugins/fr.ac6.mcu.externaltools.arm-none.linux64_1.16.0.201807130628/tools/compiler/bin/../lib/gcc/arm-none-eabi/7.2.1/../../../../arm-none-eabi/lib/thumb/v7-m/libc_nano.a(lib_a-nano-freer.o)
                0x00000000080046c0                _free_r
 .text._read_r  0x0000000008004758       0x24 /home/usr/Ac6/SystemWorkbench/plugins/fr.ac6.mcu.externaltools.arm-none.linux64_1.16.0.201807130628/tools/compiler/bin/../lib/gcc/arm-none-eabi/7.2.1/../../../../arm-none-eabi/lib/thumb/v7-m/libc_nano.a(lib_a-readr.o)
                0x0000000008004758                _read_r
 .text._fstat_r
                0x000000000800477c       0x24 /home/usr/Ac6/SystemWorkbench/plugins/fr.ac6.mcu.externaltools.arm-none.linux64_1.16.0.201807130628/tools/compiler/bin/../lib/gcc/arm-none-eabi/7.2.1/../../../../arm-none-eabi/lib/thumb/v7-m/libc_nano.a(lib_a-fstatr.o)
                0x000000000800477c                _fstat_r
 .text._isatty_r
                0x00000000080047a0       0x20 /home/usr/Ac6/SystemWorkbench/plugins/fr.ac6.mcu.externaltools.arm-none.linux64_1.16.0.201807130628/tools/compiler/bin/../lib/gcc/arm-none-eabi/7.2.1/../../../../arm-none-eabi/lib/thumb/v7-m/libc_nano.a(lib_a-isattyr.o)
                0x00000000080047a0                _isatty_r
 .text._close   0x00000000080047c0       0x10 /home/usr/Ac6/SystemWorkbench/plugins/fr.ac6.mcu.externaltools.arm-none.linux64_1.16.0.201807130628/tools/compiler/bin/../lib/gcc/arm-none-eabi/7.2.1/../../../../arm-none-eabi/lib/thumb/v7-m/libnosys.a(close.o)
                0x00000000080047c0                _close
 .text._fstat   0x00000000080047d0       0x10 /home/usr/Ac6/SystemWorkbench/plugins/fr.ac6.mcu.externaltools.arm-none.linux64_1.16.0.201807130628/tools/compiler/bin/../lib/gcc/arm-none-eabi/7.2.1/../../../../arm-none-eabi/lib/thumb/v7-m/libnosys.a(fstat.o)
                0x00000000080047d0                _fstat
 .text._isatty  0x00000000080047e0       0x10 /home/usr/Ac6/SystemWorkbench/plugins/fr.ac6.mcu.externaltools.arm-none.linux64_1.16.0.201807130628/tools/compiler/bin/../lib/gcc/arm-none-eabi/7.2.1/../../../../arm-none-eabi/lib/thumb/v7-m/libnosys.a(isatty.o)
                0x00000000080047e0                _isatty
 .text._lseek   0x00000000080047f0       0x10 /home/usr/Ac6/SystemWorkbench/plugins/fr.ac6.mcu.externaltools.arm-none.linux64_1.16.0.201807130628/tools/compiler/bin/../lib/gcc/arm-none-eabi/7.2.1/../../../../arm-none-eabi/lib/thumb/v7-m/libnosys.a(lseek.o)
                0x00000000080047f0                _lseek
 .text._read    0x0000000008004800       0x10 /home/usr/Ac6/SystemWorkbench/plugins/fr.ac6.mcu.externaltools.arm-none.linux64_1.16.0.201807130628/tools/compiler/bin/../lib/gcc/arm-none-eabi/7.2.1/../../../../arm-none-eabi/lib/thumb/v7-m/libnosys.a(read.o)
                0x0000000008004800                _read
 .text._sbrk    0x0000000008004810       0x1c /home/usr/Ac6/SystemWorkbench/plugins/fr.ac6.mcu.externaltools.arm-none.linux64_1.16.0.201807130628/tools/compiler/bin/../lib/gcc/arm-none-eabi/7.2.1/../../../../arm-none-eabi/lib/thumb/v7-m/libnosys.a(sbrk.o)
                0x0000000008004810                _sbrk
 *(.glue_7)
 .glue_7        0x000000000800482c        0x0 linker stubs
 *(.glue_7t)
 .glue_7t       0x000000000800482c        0x0 linker stubs
 *(.eh_frame)
 .eh_frame      0x000000000800482c        0x0 /home/usr/Ac6/SystemWorkbench/plugins/fr.ac6.mcu.externaltools.arm-none.linux64_1.16.0.201807130628/tools/compiler/bin/../lib/gcc/arm-none-eabi/7.2.1/thumb/v7-m/crtbegin.o
 *(.init)
 .init          0x000000000800482c        0x4 /home/usr/Ac6/SystemWorkbench/plugins/fr.ac6.mcu.externaltools.arm-none.linux64_1.16.0.201807130628/tools/compiler/bin/../lib/gcc/arm-none-eabi/7.2.1/thumb/v7-m/crti.o
                0x000000000800482c                _init
 .init          0x0000000008004830        0x8 /home/usr/Ac6/SystemWorkbench/plugins/fr.ac6.mcu.externaltools.arm-none.linux64_1.16.0.201807130628/tools/compiler/bin/../lib/gcc/arm-none-eabi/7.2.1/thumb/v7-m/crtn.o
 *(.fini)
 .fini          0x0000000008004838        0x4 /home/usr/Ac6/SystemWorkbench/plugins/fr.ac6.mcu.externaltools.arm-none.linux64_1.16.0.201807130628/tools/compiler/bin/../lib/gcc/arm-none-eabi/7.2.1/thumb/v7-m/crti.o
                0x0000000008004838                _fini
 .fini          0x000000000800483c        0x8 /home/usr/Ac6/SystemWorkbench/plugins/fr.ac6.mcu.externaltools.arm-none.linux64_1.16.0.201807130628/tools/compiler/bin/../lib/gcc/arm-none-eabi/7.2.1/thumb/v7-m/crtn.o
                0x0000000008004844                . = ALIGN (0x4)
                0x0000000008004844                _etext = .

.vfp11_veneer   0x0000000008004844        0x0
 .vfp11_veneer  0x0000000008004844        0x0 linker stubs

.v4_bx          0x0000000008004844        0x0
 .v4_bx         0x0000000008004844        0x0 linker stubs

.iplt           0x0000000008004844        0x0
 .iplt          0x0000000008004844        0x0 /home/usr/Ac6/SystemWorkbench/plugins/fr.ac6.mcu.externaltools.arm-none.linux64_1.16.0.201807130628/tools/compiler/bin/../lib/gcc/arm-none-eabi/7.2.1/thumb/v7-m/crtbegin.o

.rodata         0x0000000008004844      0x3c4
                0x0000000008004844                . = ALIGN (0x4)
 *(.rodata)
 .rodata        0x0000000008004844       0x18 Core/Src/system_stm32f1xx.o
                0x0000000008004844                AHBPrescTable
                0x0000000008004854                APBPrescTable
 .rodata        0x000000000800485c       0x12 Drivers/STM32F1xx_HAL_Driver/Src/stm32f1xx_hal_rcc.o
 *(.rodata*)
 *fill*         0x000000000800486e        0x2 
 .rodata.str1.4
                0x0000000008004870       0xbe Core/Src/main.o
 *fill*         0x000000000800492e        0x2 
 .rodata.str1.4
                0x0000000008004930       0x13 Core/Src/uart.o
 *fill*         0x0000000008004943        0x1 
 .rodata.str1.4
                0x0000000008004944       0x10 Middlewares/ST/STM32_USB_Device_Library/Class/CDC/Src/usbd_cdc.o
 .rodata.str1.4
                0x0000000008004954      0x198 USB_DEVICE/usbd_cdc_if.o
                                        0x19b (size before relaxing)
 .rodata.str1.4
                0x0000000008004aec       0x1a USB_DEVICE/usbd_conf.o
 *fill*         0x0000000008004b06        0x2 
 .rodata.str1.4
                0x0000000008004b08       0x68 USB_DEVICE/usbd_desc.o
                                         0x65 (size before relaxing)
 .rodata._global_impure_ptr
                0x0000000008004b70        0x4 /home/usr/Ac6/SystemWorkbench/plugins/fr.ac6.mcu.externaltools.arm-none.linux64_1.16.0.201807130628/tools/compiler/bin/../lib/gcc/arm-none-eabi/7.2.1/../../../../arm-none-eabi/lib/thumb/v7-m/libc_nano.a(lib_a-impure.o)
                0x0000000008004b70                _global_impure_ptr
 .rodata.__sf_fake_stderr
                0x0000000008004b74       0x20 /home/usr/Ac6/SystemWorkbench/plugins/fr.ac6.mcu.externaltools.arm-none.linux64_1.16.0.201807130628/tools/compiler/bin/../lib/gcc/arm-none-eabi/7.2.1/../../../../arm-none-eabi/lib/thumb/v7-m/libc_nano.a(lib_a-findfp.o)
                0x0000000008004b74                __sf_fake_stderr
 .rodata.__sf_fake_stdin
                0x0000000008004b94       0x20 /home/usr/Ac6/SystemWorkbench/plugins/fr.ac6.mcu.externaltools.arm-none.linux64_1.16.0.201807130628/tools/compiler/bin/../lib/gcc/arm-none-eabi/7.2.1/../../../../arm-none-eabi/lib/thumb/v7-m/libc_nano.a(lib_a-findfp.o)
                0x0000000008004b94                __sf_fake_stdin
 .rodata.__sf_fake_stdout
                0x0000000008004bb4       0x20 /home/usr/Ac6/SystemWorkbench/plugins/fr.ac6.mcu.externaltools.arm-none.linux64_1.16.0.201807130628/tools/compiler/bin/../lib/gcc/arm-none-eabi/7.2.1/../../../../arm-none-eabi/lib/thumb/v7-m/libc_nano.a(lib_a-findfp.o)
                0x0000000008004bb4                __sf_fake_stdout
 .rodata._vfprintf_r.str1.1
                0x0000000008004bd4       0x11 /home/usr/Ac6/SystemWorkbench/plugins/fr.ac6.mcu.externaltools.arm-none.linux64_1.16.0.201807130628/tools/compiler/bin/../lib/gcc/arm-none-eabi/7.2.1/../../../../arm-none-eabi/lib/thumb/v7-m/libc_nano.a(lib_a-nano-vfprintf.o)
 .rodata._printf_i.str1.1
                0x0000000008004be5       0x22 /home/usr/Ac6/SystemWorkbench/plugins/fr.ac6.mcu.externaltools.arm-none.linux64_1.16.0.201807130628/tools/compiler/bin/../lib/gcc/arm-none-eabi/7.2.1/../../../../arm-none-eabi/lib/thumb/v7-m/libc_nano.a(lib_a-nano-vfprintf_i.o)
                0x0000000008004c08                . = ALIGN (0x4)
 *fill*         0x0000000008004c07        0x1 

.rel.dyn        0x0000000008004c08        0x0
 .rel.iplt      0x0000000008004c08        0x0 /home/usr/Ac6/SystemWorkbench/plugins/fr.ac6.mcu.externaltools.arm-none.linux64_1.16.0.201807130628/tools/compiler/bin/../lib/gcc/arm-none-eabi/7.2.1/thumb/v7-m/crtbegin.o

.ARM.extab
 *(.ARM.extab* .gnu.linkonce.armextab.*)

.ARM            0x0000000008004c08        0x0
                0x0000000008004c08                __exidx_start = .
 *(.ARM.exidx*)
                0x0000000008004c08                __exidx_end = .

.preinit_array  0x0000000008004c08        0x0
                0x0000000008004c08                PROVIDE (__preinit_array_start, .)
 *(.preinit_array*)
                0x0000000008004c08                PROVIDE (__preinit_array_end, .)

.init_array     0x0000000008004c08        0x4
                0x0000000008004c08                PROVIDE (__init_array_start, .)
 *(SORT_BY_NAME(.init_array.*))
 *(.init_array*)
 .init_array    0x0000000008004c08        0x4 /home/usr/Ac6/SystemWorkbench/plugins/fr.ac6.mcu.externaltools.arm-none.linux64_1.16.0.201807130628/tools/compiler/bin/../lib/gcc/arm-none-eabi/7.2.1/thumb/v7-m/crtbegin.o
                0x0000000008004c0c                PROVIDE (__init_array_end, .)

.fini_array     0x0000000008004c0c        0x4
                [!provide]                        PROVIDE (__fini_array_start, .)
 *(SORT_BY_NAME(.fini_array.*))
 *(.fini_array*)
 .fini_array    0x0000000008004c0c        0x4 /home/usr/Ac6/SystemWorkbench/plugins/fr.ac6.mcu.externaltools.arm-none.linux64_1.16.0.201807130628/tools/compiler/bin/../lib/gcc/arm-none-eabi/7.2.1/thumb/v7-m/crtbegin.o
                [!provide]                        PROVIDE (__fini_array_end, .)
                0x0000000008004c10                _sidata = LOADADDR (.data)

.data           0x0000000020000000      0x1ec load address 0x0000000008004c10
                0x0000000020000000                . = ALIGN (0x4)
                0x0000000020000000                _sdata = .
 *(.data)
 .data          0x0000000020000000        0x4 Core/Src/system_stm32f1xx.o
                0x0000000020000000                SystemCoreClock
 .data          0x0000000020000004        0x8 Drivers/STM32F1xx_HAL_Driver/Src/stm32f1xx_hal.o
                0x0000000020000004                uwTickFreq
                0x0000000020000008                uwTickPrio
 .data          0x000000002000000c      0x134 Middlewares/ST/STM32_USB_Device_Library/Class/CDC/Src/usbd_cdc.o
                0x000000002000000c                USBD_CDC_CfgFSDesc
                0x000000002000005c                USBD_CDC_CfgHSDesc
                0x00000000200000ac                USBD_CDC_OtherSpeedCfgDesc
                0x0000000020000108                USBD_CDC
 .data          0x0000000020000140       0x10 USB_DEVICE/usbd_cdc_if.o
                0x0000000020000140                USBD_Interface_fops_FS
 .data          0x0000000020000150       0x38 USB_DEVICE/usbd_desc.o
                0x0000000020000150                USBD_FS_DeviceDesc
                0x0000000020000164                USBD_LangIDDesc
                0x0000000020000168                FS_Desc
 *(.data*)
 .data._impure_ptr
                0x0000000020000188        0x4 /home/usr/Ac6/SystemWorkbench/plugins/fr.ac6.mcu.externaltools.arm-none.linux64_1.16.0.201807130628/tools/compiler/bin/../lib/gcc/arm-none-eabi/7.2.1/../../../../arm-none-eabi/lib/thumb/v7-m/libc_nano.a(lib_a-impure.o)
                0x0000000020000188                _impure_ptr
 .data.impure_data
                0x000000002000018c       0x60 /home/usr/Ac6/SystemWorkbench/plugins/fr.ac6.mcu.externaltools.arm-none.linux64_1.16.0.201807130628/tools/compiler/bin/../lib/gcc/arm-none-eabi/7.2.1/../../../../arm-none-eabi/lib/thumb/v7-m/libc_nano.a(lib_a-impure.o)
                0x00000000200001ec                . = ALIGN (0x4)
                0x00000000200001ec                _edata = .

.igot.plt       0x00000000200001ec        0x0 load address 0x0000000008004dfc
 .igot.plt      0x00000000200001ec        0x0 /home/usr/Ac6/SystemWorkbench/plugins/fr.ac6.mcu.externaltools.arm-none.linux64_1.16.0.201807130628/tools/compiler/bin/../lib/gcc/arm-none-eabi/7.2.1/thumb/v7-m/crtbegin.o
                0x00000000200001ec                . = ALIGN (0x4)

.bss            0x00000000200001ec     0x1750 load address 0x0000000008004dfc
                0x00000000200001ec                _sbss = .
                0x00000000200001ec                __bss_start__ = _sbss
 *(.bss)
 .bss           0x00000000200001ec       0x1c /home/usr/Ac6/SystemWorkbench/plugins/fr.ac6.mcu.externaltools.arm-none.linux64_1.16.0.201807130628/tools/compiler/bin/../lib/gcc/arm-none-eabi/7.2.1/thumb/v7-m/crtbegin.o
 .bss           0x0000000020000208        0x1 Middlewares/ST/STM32_USB_Device_Library/Class/CDC/Src/usbd_cdc.o
 .bss           0x0000000020000209        0x1 Middlewares/ST/STM32_USB_Device_Library/Core/Src/usbd_ctlreq.o
 *fill*         0x000000002000020a        0x2 
 .bss           0x000000002000020c        0xc USB_DEVICE/usbd_cdc_if.o
 .bss           0x0000000020000218      0x220 USB_DEVICE/usbd_conf.o
 *(.bss*)
 .bss.__malloc_free_list
                0x0000000020000438        0x4 /home/usr/Ac6/SystemWorkbench/plugins/fr.ac6.mcu.externaltools.arm-none.linux64_1.16.0.201807130628/tools/compiler/bin/../lib/gcc/arm-none-eabi/7.2.1/../../../../arm-none-eabi/lib/thumb/v7-m/libc_nano.a(lib_a-nano-mallocr.o)
                0x0000000020000438                __malloc_free_list
 .bss.__malloc_sbrk_start
                0x000000002000043c        0x4 /home/usr/Ac6/SystemWorkbench/plugins/fr.ac6.mcu.externaltools.arm-none.linux64_1.16.0.201807130628/tools/compiler/bin/../lib/gcc/arm-none-eabi/7.2.1/../../../../arm-none-eabi/lib/thumb/v7-m/libc_nano.a(lib_a-nano-mallocr.o)
                0x000000002000043c                __malloc_sbrk_start
 .bss.heap_end.4102
                0x0000000020000440        0x4 /home/usr/Ac6/SystemWorkbench/plugins/fr.ac6.mcu.externaltools.arm-none.linux64_1.16.0.201807130628/tools/compiler/bin/../lib/gcc/arm-none-eabi/7.2.1/../../../../arm-none-eabi/lib/thumb/v7-m/libnosys.a(sbrk.o)
 *(COMMON)
 COMMON         0x0000000020000444      0xc6a Core/Src/main.o
                0x0000000020000444                DataRecv
                0x0000000020000448                pLenghtBufRx
                0x000000002000044c                UserRxBufferFS
                0x0000000020000a38                pBufRx
                0x0000000020000a3c                EtherPacketFilter
                0x0000000020000a40                huart1
                0x0000000020000a80                UserTxBufferFS
                0x000000002000106c                huart2
                0x00000000200010ac                LinkState
 *fill*         0x00000000200010ae        0x2 
 COMMON         0x00000000200010b0        0x4 Drivers/STM32F1xx_HAL_Driver/Src/stm32f1xx_hal.o
                0x00000000200010b0                uwTick
 COMMON         0x00000000200010b4      0x224 USB_DEVICE/usb_device.o
                0x00000000200010b4                hUsbDeviceFS
 COMMON         0x00000000200012d8      0x460 USB_DEVICE/usbd_conf.o
                0x00000000200012d8                hpcd_USB_FS
 COMMON         0x0000000020001738      0x200 USB_DEVICE/usbd_desc.o
                0x0000000020001738                USBD_StrDesc
 COMMON         0x0000000020001938        0x4 /home/usr/Ac6/SystemWorkbench/plugins/fr.ac6.mcu.externaltools.arm-none.linux64_1.16.0.201807130628/tools/compiler/bin/../lib/gcc/arm-none-eabi/7.2.1/../../../../arm-none-eabi/lib/thumb/v7-m/libc_nano.a(lib_a-reent.o)
                0x0000000020001938                errno
                0x000000002000193c                . = ALIGN (0x4)
                0x000000002000193c                _ebss = .
                0x000000002000193c                __bss_end__ = _ebss

._user_heap_stack
                0x000000002000193c      0x604 load address 0x0000000008004dfc
                0x0000000020001940                . = ALIGN (0x8)
 *fill*         0x000000002000193c        0x4 
                0x0000000020001940                PROVIDE (end, .)
                [!provide]                        PROVIDE (_end, .)
                0x0000000020001b40                . = (. + _Min_Heap_Size)
 *fill*         0x0000000020001940      0x200 
                0x0000000020001f40                . = (. + _Min_Stack_Size)
 *fill*         0x0000000020001b40      0x400 
                0x0000000020001f40                . = ALIGN (0x8)

/DISCARD/
 libc.a(*)
 libm.a(*)
 libgcc.a(*)

.ARM.attributes
                0x0000000000000000       0x29
 *(.ARM.attributes)
 .ARM.attributes
                0x0000000000000000       0x1d /home/usr/Ac6/SystemWorkbench/plugins/fr.ac6.mcu.externaltools.arm-none.linux64_1.16.0.201807130628/tools/compiler/bin/../lib/gcc/arm-none-eabi/7.2.1/thumb/v7-m/crti.o
 .ARM.attributes
                0x000000000000001d       0x2d /home/usr/Ac6/SystemWorkbench/plugins/fr.ac6.mcu.externaltools.arm-none.linux64_1.16.0.201807130628/tools/compiler/bin/../lib/gcc/arm-none-eabi/7.2.1/thumb/v7-m/crtbegin.o
 .ARM.attributes
                0x000000000000004a       0x33 Core/Src/main.o
 .ARM.attributes
                0x000000000000007d       0x33 Core/Src/stm32f1xx_hal_msp.o
 .ARM.attributes
                0x00000000000000b0       0x33 Core/Src/stm32f1xx_it.o
 .ARM.attributes
                0x00000000000000e3       0x33 Core/Src/system_stm32f1xx.o
 .ARM.attributes
                0x0000000000000116       0x33 Core/Src/uart.o
 .ARM.attributes
                0x0000000000000149       0x33 Drivers/STM32F1xx_HAL_Driver/Src/stm32f1xx_hal.o
 .ARM.attributes
                0x000000000000017c       0x33 Drivers/STM32F1xx_HAL_Driver/Src/stm32f1xx_hal_cortex.o
 .ARM.attributes
                0x00000000000001af       0x33 Drivers/STM32F1xx_HAL_Driver/Src/stm32f1xx_hal_dma.o
 .ARM.attributes
                0x00000000000001e2       0x33 Drivers/STM32F1xx_HAL_Driver/Src/stm32f1xx_hal_gpio.o
 .ARM.attributes
                0x0000000000000215       0x33 Drivers/STM32F1xx_HAL_Driver/Src/stm32f1xx_hal_pcd.o
 .ARM.attributes
                0x0000000000000248       0x33 Drivers/STM32F1xx_HAL_Driver/Src/stm32f1xx_hal_pcd_ex.o
 .ARM.attributes
                0x000000000000027b       0x33 Drivers/STM32F1xx_HAL_Driver/Src/stm32f1xx_hal_rcc.o
 .ARM.attributes
                0x00000000000002ae       0x33 Drivers/STM32F1xx_HAL_Driver/Src/stm32f1xx_hal_rcc_ex.o
 .ARM.attributes
                0x00000000000002e1       0x33 Drivers/STM32F1xx_HAL_Driver/Src/stm32f1xx_hal_uart.o
 .ARM.attributes
                0x0000000000000314       0x33 Drivers/STM32F1xx_HAL_Driver/Src/stm32f1xx_ll_usb.o
 .ARM.attributes
                0x0000000000000347       0x33 Middlewares/ST/STM32_USB_Device_Library/Class/CDC/Src/usbd_cdc.o
 .ARM.attributes
                0x000000000000037a       0x33 Middlewares/ST/STM32_USB_Device_Library/Core/Src/usbd_core.o
 .ARM.attributes
                0x00000000000003ad       0x33 Middlewares/ST/STM32_USB_Device_Library/Core/Src/usbd_ctlreq.o
 .ARM.attributes
                0x00000000000003e0       0x33 Middlewares/ST/STM32_USB_Device_Library/Core/Src/usbd_ioreq.o
 .ARM.attributes
                0x0000000000000413       0x33 USB_DEVICE/usb_device.o
 .ARM.attributes
                0x0000000000000446       0x33 USB_DEVICE/usbd_cdc_if.o
 .ARM.attributes
                0x0000000000000479       0x33 USB_DEVICE/usbd_conf.o
 .ARM.attributes
                0x00000000000004ac       0x33 USB_DEVICE/usbd_desc.o
 .ARM.attributes
                0x00000000000004df       0x21 startup/startup_stm32f103x6.o
 .ARM.attributes
                0x0000000000000500       0x2d /home/usr/Ac6/SystemWorkbench/plugins/fr.ac6.mcu.externaltools.arm-none.linux64_1.16.0.201807130628/tools/compiler/bin/../lib/gcc/arm-none-eabi/7.2.1/../../../../arm-none-eabi/lib/thumb/v7-m/libc_nano.a(lib_a-errno.o)
 .ARM.attributes
                0x000000000000052d       0x2d /home/usr/Ac6/SystemWorkbench/plugins/fr.ac6.mcu.externaltools.arm-none.linux64_1.16.0.201807130628/tools/compiler/bin/../lib/gcc/arm-none-eabi/7.2.1/../../../../arm-none-eabi/lib/thumb/v7-m/libc_nano.a(lib_a-impure.o)
 .ARM.attributes
                0x000000000000055a       0x2d /home/usr/Ac6/SystemWorkbench/plugins/fr.ac6.mcu.externaltools.arm-none.linux64_1.16.0.201807130628/tools/compiler/bin/../lib/gcc/arm-none-eabi/7.2.1/../../../../arm-none-eabi/lib/thumb/v7-m/libc_nano.a(lib_a-init.o)
 .ARM.attributes
                0x0000000000000587       0x2d /home/usr/Ac6/SystemWorkbench/plugins/fr.ac6.mcu.externaltools.arm-none.linux64_1.16.0.201807130628/tools/compiler/bin/../lib/gcc/arm-none-eabi/7.2.1/../../../../arm-none-eabi/lib/thumb/v7-m/libc_nano.a(lib_a-memset.o)
 .ARM.attributes
                0x00000000000005b4       0x2d /home/usr/Ac6/SystemWorkbench/plugins/fr.ac6.mcu.externaltools.arm-none.linux64_1.16.0.201807130628/tools/compiler/bin/../lib/gcc/arm-none-eabi/7.2.1/../../../../arm-none-eabi/lib/thumb/v7-m/libc_nano.a(lib_a-printf.o)
 .ARM.attributes
                0x00000000000005e1       0x2d /home/usr/Ac6/SystemWorkbench/plugins/fr.ac6.mcu.externaltools.arm-none.linux64_1.16.0.201807130628/tools/compiler/bin/../lib/gcc/arm-none-eabi/7.2.1/../../../../arm-none-eabi/lib/thumb/v7-m/libc_nano.a(lib_a-findfp.o)
 .ARM.attributes
                0x000000000000060e       0x2d /home/usr/Ac6/SystemWorkbench/plugins/fr.ac6.mcu.externaltools.arm-none.linux64_1.16.0.201807130628/tools/compiler/bin/../lib/gcc/arm-none-eabi/7.2.1/../../../../arm-none-eabi/lib/thumb/v7-m/libc_nano.a(lib_a-fwalk.o)
 .ARM.attributes
                0x000000000000063b       0x2d /home/usr/Ac6/SystemWorkbench/plugins/fr.ac6.mcu.externaltools.arm-none.linux64_1.16.0.201807130628/tools/compiler/bin/../lib/gcc/arm-none-eabi/7.2.1/../../../../arm-none-eabi/lib/thumb/v7-m/libc_nano.a(lib_a-nano-mallocr.o)
 .ARM.attributes
                0x0000000000000668       0x2d /home/usr/Ac6/SystemWorkbench/plugins/fr.ac6.mcu.externaltools.arm-none.linux64_1.16.0.201807130628/tools/compiler/bin/../lib/gcc/arm-none-eabi/7.2.1/../../../../arm-none-eabi/lib/thumb/v7-m/libc_nano.a(lib_a-nano-vfprintf.o)
 .ARM.attributes
                0x0000000000000695       0x2d /home/usr/Ac6/SystemWorkbench/plugins/fr.ac6.mcu.externaltools.arm-none.linux64_1.16.0.201807130628/tools/compiler/bin/../lib/gcc/arm-none-eabi/7.2.1/../../../../arm-none-eabi/lib/thumb/v7-m/libc_nano.a(lib_a-nano-vfprintf_i.o)
 .ARM.attributes
                0x00000000000006c2       0x2d /home/usr/Ac6/SystemWorkbench/plugins/fr.ac6.mcu.externaltools.arm-none.linux64_1.16.0.201807130628/tools/compiler/bin/../lib/gcc/arm-none-eabi/7.2.1/../../../../arm-none-eabi/lib/thumb/v7-m/libc_nano.a(lib_a-sbrkr.o)
 .ARM.attributes
                0x00000000000006ef       0x2d /home/usr/Ac6/SystemWorkbench/plugins/fr.ac6.mcu.externaltools.arm-none.linux64_1.16.0.201807130628/tools/compiler/bin/../lib/gcc/arm-none-eabi/7.2.1/../../../../arm-none-eabi/lib/thumb/v7-m/libc_nano.a(lib_a-stdio.o)
 .ARM.attributes
                0x000000000000071c       0x2d /home/usr/Ac6/SystemWorkbench/plugins/fr.ac6.mcu.externaltools.arm-none.linux64_1.16.0.201807130628/tools/compiler/bin/../lib/gcc/arm-none-eabi/7.2.1/../../../../arm-none-eabi/lib/thumb/v7-m/libc_nano.a(lib_a-wbuf.o)
 .ARM.attributes
                0x0000000000000749       0x2d /home/usr/Ac6/SystemWorkbench/plugins/fr.ac6.mcu.externaltools.arm-none.linux64_1.16.0.201807130628/tools/compiler/bin/../lib/gcc/arm-none-eabi/7.2.1/../../../../arm-none-eabi/lib/thumb/v7-m/libc_nano.a(lib_a-writer.o)
 .ARM.attributes
                0x0000000000000776       0x2d /home/usr/Ac6/SystemWorkbench/plugins/fr.ac6.mcu.externaltools.arm-none.linux64_1.16.0.201807130628/tools/compiler/bin/../lib/gcc/arm-none-eabi/7.2.1/../../../../arm-none-eabi/lib/thumb/v7-m/libc_nano.a(lib_a-wsetup.o)
 .ARM.attributes
                0x00000000000007a3       0x2d /home/usr/Ac6/SystemWorkbench/plugins/fr.ac6.mcu.externaltools.arm-none.linux64_1.16.0.201807130628/tools/compiler/bin/../lib/gcc/arm-none-eabi/7.2.1/../../../../arm-none-eabi/lib/thumb/v7-m/libc_nano.a(lib_a-closer.o)
 .ARM.attributes
                0x00000000000007d0       0x2d /home/usr/Ac6/SystemWorkbench/plugins/fr.ac6.mcu.externaltools.arm-none.linux64_1.16.0.201807130628/tools/compiler/bin/../lib/gcc/arm-none-eabi/7.2.1/../../../../arm-none-eabi/lib/thumb/v7-m/libc_nano.a(lib_a-fflush.o)
 .ARM.attributes
                0x00000000000007fd       0x2d /home/usr/Ac6/SystemWorkbench/plugins/fr.ac6.mcu.externaltools.arm-none.linux64_1.16.0.201807130628/tools/compiler/bin/../lib/gcc/arm-none-eabi/7.2.1/../../../../arm-none-eabi/lib/thumb/v7-m/libc_nano.a(lib_a-lseekr.o)
 .ARM.attributes
                0x000000000000082a       0x2d /home/usr/Ac6/SystemWorkbench/plugins/fr.ac6.mcu.externaltools.arm-none.linux64_1.16.0.201807130628/tools/compiler/bin/../lib/gcc/arm-none-eabi/7.2.1/../../../../arm-none-eabi/lib/thumb/v7-m/libc_nano.a(lib_a-makebuf.o)
 .ARM.attributes
                0x0000000000000857       0x2d /home/usr/Ac6/SystemWorkbench/plugins/fr.ac6.mcu.externaltools.arm-none.linux64_1.16.0.201807130628/tools/compiler/bin/../lib/gcc/arm-none-eabi/7.2.1/../../../../arm-none-eabi/lib/thumb/v7-m/libc_nano.a(lib_a-memchr-stub.o)
 .ARM.attributes
                0x0000000000000884       0x2d /home/usr/Ac6/SystemWorkbench/plugins/fr.ac6.mcu.externaltools.arm-none.linux64_1.16.0.201807130628/tools/compiler/bin/../lib/gcc/arm-none-eabi/7.2.1/../../../../arm-none-eabi/lib/thumb/v7-m/libc_nano.a(lib_a-mlock.o)
 .ARM.attributes
                0x00000000000008b1       0x2d /home/usr/Ac6/SystemWorkbench/plugins/fr.ac6.mcu.externaltools.arm-none.linux64_1.16.0.201807130628/tools/compiler/bin/../lib/gcc/arm-none-eabi/7.2.1/../../../../arm-none-eabi/lib/thumb/v7-m/libc_nano.a(lib_a-nano-freer.o)
 .ARM.attributes
                0x00000000000008de       0x2d /home/usr/Ac6/SystemWorkbench/plugins/fr.ac6.mcu.externaltools.arm-none.linux64_1.16.0.201807130628/tools/compiler/bin/../lib/gcc/arm-none-eabi/7.2.1/../../../../arm-none-eabi/lib/thumb/v7-m/libc_nano.a(lib_a-readr.o)
 .ARM.attributes
                0x000000000000090b       0x2d /home/usr/Ac6/SystemWorkbench/plugins/fr.ac6.mcu.externaltools.arm-none.linux64_1.16.0.201807130628/tools/compiler/bin/../lib/gcc/arm-none-eabi/7.2.1/../../../../arm-none-eabi/lib/thumb/v7-m/libc_nano.a(lib_a-reent.o)
 .ARM.attributes
                0x0000000000000938       0x2d /home/usr/Ac6/SystemWorkbench/plugins/fr.ac6.mcu.externaltools.arm-none.linux64_1.16.0.201807130628/tools/compiler/bin/../lib/gcc/arm-none-eabi/7.2.1/../../../../arm-none-eabi/lib/thumb/v7-m/libc_nano.a(lib_a-fstatr.o)
 .ARM.attributes
                0x0000000000000965       0x2d /home/usr/Ac6/SystemWorkbench/plugins/fr.ac6.mcu.externaltools.arm-none.linux64_1.16.0.201807130628/tools/compiler/bin/../lib/gcc/arm-none-eabi/7.2.1/../../../../arm-none-eabi/lib/thumb/v7-m/libc_nano.a(lib_a-isattyr.o)
 .ARM.attributes
                0x0000000000000992       0x2d /home/usr/Ac6/SystemWorkbench/plugins/fr.ac6.mcu.externaltools.arm-none.linux64_1.16.0.201807130628/tools/compiler/bin/../lib/gcc/arm-none-eabi/7.2.1/../../../../arm-none-eabi/lib/thumb/v7-m/libnosys.a(close.o)
 .ARM.attributes
                0x00000000000009bf       0x2d /home/usr/Ac6/SystemWorkbench/plugins/fr.ac6.mcu.externaltools.arm-none.linux64_1.16.0.201807130628/tools/compiler/bin/../lib/gcc/arm-none-eabi/7.2.1/../../../../arm-none-eabi/lib/thumb/v7-m/libnosys.a(fstat.o)
 .ARM.attributes
                0x00000000000009ec       0x2d /home/usr/Ac6/SystemWorkbench/plugins/fr.ac6.mcu.externaltools.arm-none.linux64_1.16.0.201807130628/tools/compiler/bin/../lib/gcc/arm-none-eabi/7.2.1/../../../../arm-none-eabi/lib/thumb/v7-m/libnosys.a(isatty.o)
 .ARM.attributes
                0x0000000000000a19       0x2d /home/usr/Ac6/SystemWorkbench/plugins/fr.ac6.mcu.externaltools.arm-none.linux64_1.16.0.201807130628/tools/compiler/bin/../lib/gcc/arm-none-eabi/7.2.1/../../../../arm-none-eabi/lib/thumb/v7-m/libnosys.a(lseek.o)
 .ARM.attributes
                0x0000000000000a46       0x2d /home/usr/Ac6/SystemWorkbench/plugins/fr.ac6.mcu.externaltools.arm-none.linux64_1.16.0.201807130628/tools/compiler/bin/../lib/gcc/arm-none-eabi/7.2.1/../../../../arm-none-eabi/lib/thumb/v7-m/libnosys.a(read.o)
 .ARM.attributes
                0x0000000000000a73       0x2d /home/usr/Ac6/SystemWorkbench/plugins/fr.ac6.mcu.externaltools.arm-none.linux64_1.16.0.201807130628/tools/compiler/bin/../lib/gcc/arm-none-eabi/7.2.1/../../../../arm-none-eabi/lib/thumb/v7-m/libnosys.a(sbrk.o)
 .ARM.attributes
                0x0000000000000aa0       0x1d /home/usr/Ac6/SystemWorkbench/plugins/fr.ac6.mcu.externaltools.arm-none.linux64_1.16.0.201807130628/tools/compiler/bin/../lib/gcc/arm-none-eabi/7.2.1/thumb/v7-m/crtn.o
OUTPUT(test_stm32f103_ECM_ADV.elf elf32-littlearm)

.debug_info     0x0000000000000000    0x1c148
 .debug_info    0x0000000000000000     0x1923 Core/Src/main.o
 .debug_info    0x0000000000001923     0x133a Core/Src/stm32f1xx_hal_msp.o
 .debug_info    0x0000000000002c5d     0x1281 Core/Src/stm32f1xx_it.o
 .debug_info    0x0000000000003ede      0xc15 Core/Src/system_stm32f1xx.o
 .debug_info    0x0000000000004af3      0xf5c Core/Src/uart.o
 .debug_info    0x0000000000005a4f      0xf88 Drivers/STM32F1xx_HAL_Driver/Src/stm32f1xx_hal.o
 .debug_info    0x00000000000069d7     0x1457 Drivers/STM32F1xx_HAL_Driver/Src/stm32f1xx_hal_cortex.o
 .debug_info    0x0000000000007e2e     0x1014 Drivers/STM32F1xx_HAL_Driver/Src/stm32f1xx_hal_dma.o
 .debug_info    0x0000000000008e42      0xe87 Drivers/STM32F1xx_HAL_Driver/Src/stm32f1xx_hal_gpio.o
 .debug_info    0x0000000000009cc9     0x19d2 Drivers/STM32F1xx_HAL_Driver/Src/stm32f1xx_hal_pcd.o
 .debug_info    0x000000000000b69b      0xe0d Drivers/STM32F1xx_HAL_Driver/Src/stm32f1xx_hal_pcd_ex.o
 .debug_info    0x000000000000c4a8     0x11ef Drivers/STM32F1xx_HAL_Driver/Src/stm32f1xx_hal_rcc.o
 .debug_info    0x000000000000d697      0xc67 Drivers/STM32F1xx_HAL_Driver/Src/stm32f1xx_hal_rcc_ex.o
 .debug_info    0x000000000000e2fe     0x1e7b Drivers/STM32F1xx_HAL_Driver/Src/stm32f1xx_hal_uart.o
 .debug_info    0x0000000000010179     0x172c Drivers/STM32F1xx_HAL_Driver/Src/stm32f1xx_ll_usb.o
 .debug_info    0x00000000000118a5     0x1a19 Middlewares/ST/STM32_USB_Device_Library/Class/CDC/Src/usbd_cdc.o
 .debug_info    0x00000000000132be     0x14b7 Middlewares/ST/STM32_USB_Device_Library/Core/Src/usbd_core.o
 .debug_info    0x0000000000014775     0x1686 Middlewares/ST/STM32_USB_Device_Library/Core/Src/usbd_ctlreq.o
 .debug_info    0x0000000000015dfb      0xfe0 Middlewares/ST/STM32_USB_Device_Library/Core/Src/usbd_ioreq.o
 .debug_info    0x0000000000016ddb      0xf1f USB_DEVICE/usb_device.o
 .debug_info    0x0000000000017cfa     0x1443 USB_DEVICE/usbd_cdc_if.o
 .debug_info    0x000000000001913d     0x2245 USB_DEVICE/usbd_conf.o
 .debug_info    0x000000000001b382      0xdc6 USB_DEVICE/usbd_desc.o

.debug_abbrev   0x0000000000000000     0x3f5c
 .debug_abbrev  0x0000000000000000      0x2ce Core/Src/main.o
 .debug_abbrev  0x00000000000002ce      0x254 Core/Src/stm32f1xx_hal_msp.o
 .debug_abbrev  0x0000000000000522      0x21d Core/Src/stm32f1xx_it.o
 .debug_abbrev  0x000000000000073f      0x228 Core/Src/system_stm32f1xx.o
 .debug_abbrev  0x0000000000000967      0x28c Core/Src/uart.o
 .debug_abbrev  0x0000000000000bf3      0x2f4 Drivers/STM32F1xx_HAL_Driver/Src/stm32f1xx_hal.o
 .debug_abbrev  0x0000000000000ee7      0x3cd Drivers/STM32F1xx_HAL_Driver/Src/stm32f1xx_hal_cortex.o
 .debug_abbrev  0x00000000000012b4      0x2e5 Drivers/STM32F1xx_HAL_Driver/Src/stm32f1xx_hal_dma.o
 .debug_abbrev  0x0000000000001599      0x2a7 Drivers/STM32F1xx_HAL_Driver/Src/stm32f1xx_hal_gpio.o
 .debug_abbrev  0x0000000000001840      0x357 Drivers/STM32F1xx_HAL_Driver/Src/stm32f1xx_hal_pcd.o
 .debug_abbrev  0x0000000000001b97      0x232 Drivers/STM32F1xx_HAL_Driver/Src/stm32f1xx_hal_pcd_ex.o
 .debug_abbrev  0x0000000000001dc9      0x335 Drivers/STM32F1xx_HAL_Driver/Src/stm32f1xx_hal_rcc.o
 .debug_abbrev  0x00000000000020fe      0x2b4 Drivers/STM32F1xx_HAL_Driver/Src/stm32f1xx_hal_rcc_ex.o
 .debug_abbrev  0x00000000000023b2      0x308 Drivers/STM32F1xx_HAL_Driver/Src/stm32f1xx_hal_uart.o
 .debug_abbrev  0x00000000000026ba      0x2c3 Drivers/STM32F1xx_HAL_Driver/Src/stm32f1xx_ll_usb.o
 .debug_abbrev  0x000000000000297d      0x32c Middlewares/ST/STM32_USB_Device_Library/Class/CDC/Src/usbd_cdc.o
 .debug_abbrev  0x0000000000002ca9      0x2ac Middlewares/ST/STM32_USB_Device_Library/Core/Src/usbd_core.o
 .debug_abbrev  0x0000000000002f55      0x329 Middlewares/ST/STM32_USB_Device_Library/Core/Src/usbd_ctlreq.o
 .debug_abbrev  0x000000000000327e      0x215 Middlewares/ST/STM32_USB_Device_Library/Core/Src/usbd_ioreq.o
 .debug_abbrev  0x0000000000003493      0x232 USB_DEVICE/usb_device.o
 .debug_abbrev  0x00000000000036c5      0x30a USB_DEVICE/usbd_cdc_if.o
 .debug_abbrev  0x00000000000039cf      0x316 USB_DEVICE/usbd_conf.o
 .debug_abbrev  0x0000000000003ce5      0x277 USB_DEVICE/usbd_desc.o

.debug_loc      0x0000000000000000     0x7713
 .debug_loc     0x0000000000000000       0x34 Core/Src/main.o
 .debug_loc     0x0000000000000034       0xa6 Core/Src/stm32f1xx_hal_msp.o
 .debug_loc     0x00000000000000da       0xdf Core/Src/system_stm32f1xx.o
 .debug_loc     0x00000000000001b9       0xd6 Core/Src/uart.o
 .debug_loc     0x000000000000028f       0xfd Drivers/STM32F1xx_HAL_Driver/Src/stm32f1xx_hal.o
 .debug_loc     0x000000000000038c      0x5ad Drivers/STM32F1xx_HAL_Driver/Src/stm32f1xx_hal_cortex.o
 .debug_loc     0x0000000000000939      0x7aa Drivers/STM32F1xx_HAL_Driver/Src/stm32f1xx_hal_dma.o
 .debug_loc     0x00000000000010e3      0x429 Drivers/STM32F1xx_HAL_Driver/Src/stm32f1xx_hal_gpio.o
 .debug_loc     0x000000000000150c      0xa6c Drivers/STM32F1xx_HAL_Driver/Src/stm32f1xx_hal_pcd.o
 .debug_loc     0x0000000000001f78       0xf4 Drivers/STM32F1xx_HAL_Driver/Src/stm32f1xx_hal_pcd_ex.o
 .debug_loc     0x000000000000206c      0x4f6 Drivers/STM32F1xx_HAL_Driver/Src/stm32f1xx_hal_rcc.o
 .debug_loc     0x0000000000002562      0x2d0 Drivers/STM32F1xx_HAL_Driver/Src/stm32f1xx_hal_rcc_ex.o
 .debug_loc     0x0000000000002832     0x1529 Drivers/STM32F1xx_HAL_Driver/Src/stm32f1xx_hal_uart.o
 .debug_loc     0x0000000000003d5b      0xc0d Drivers/STM32F1xx_HAL_Driver/Src/stm32f1xx_ll_usb.o
 .debug_loc     0x0000000000004968      0x5f5 Middlewares/ST/STM32_USB_Device_Library/Class/CDC/Src/usbd_cdc.o
 .debug_loc     0x0000000000004f5d      0x6f8 Middlewares/ST/STM32_USB_Device_Library/Core/Src/usbd_core.o
 .debug_loc     0x0000000000005655      0xb59 Middlewares/ST/STM32_USB_Device_Library/Core/Src/usbd_ctlreq.o
 .debug_loc     0x00000000000061ae      0x23c Middlewares/ST/STM32_USB_Device_Library/Core/Src/usbd_ioreq.o
 .debug_loc     0x00000000000063ea      0x45e USB_DEVICE/usbd_cdc_if.o
 .debug_loc     0x0000000000006848      0xbc7 USB_DEVICE/usbd_conf.o
 .debug_loc     0x000000000000740f      0x304 USB_DEVICE/usbd_desc.o

.debug_aranges  0x0000000000000000      0xc68
 .debug_aranges
                0x0000000000000000       0x38 Core/Src/main.o
 .debug_aranges
                0x0000000000000038       0x30 Core/Src/stm32f1xx_hal_msp.o
 .debug_aranges
                0x0000000000000068       0x88 Core/Src/stm32f1xx_it.o
 .debug_aranges
                0x00000000000000f0       0x28 Core/Src/system_stm32f1xx.o
 .debug_aranges
                0x0000000000000118       0x30 Core/Src/uart.o
 .debug_aranges
                0x0000000000000148       0xd0 Drivers/STM32F1xx_HAL_Driver/Src/stm32f1xx_hal.o
 .debug_aranges
                0x0000000000000218       0x90 Drivers/STM32F1xx_HAL_Driver/Src/stm32f1xx_hal_cortex.o
 .debug_aranges
                0x00000000000002a8       0x80 Drivers/STM32F1xx_HAL_Driver/Src/stm32f1xx_hal_dma.o
 .debug_aranges
                0x0000000000000328       0x58 Drivers/STM32F1xx_HAL_Driver/Src/stm32f1xx_hal_gpio.o
 .debug_aranges
                0x0000000000000380      0x120 Drivers/STM32F1xx_HAL_Driver/Src/stm32f1xx_hal_pcd.o
 .debug_aranges
                0x00000000000004a0       0x28 Drivers/STM32F1xx_HAL_Driver/Src/stm32f1xx_hal_pcd_ex.o
 .debug_aranges
                0x00000000000004c8       0x90 Drivers/STM32F1xx_HAL_Driver/Src/stm32f1xx_hal_rcc.o
 .debug_aranges
                0x0000000000000558       0x30 Drivers/STM32F1xx_HAL_Driver/Src/stm32f1xx_hal_rcc_ex.o
 .debug_aranges
                0x0000000000000588      0x1d0 Drivers/STM32F1xx_HAL_Driver/Src/stm32f1xx_hal_uart.o
 .debug_aranges
                0x0000000000000758      0x100 Drivers/STM32F1xx_HAL_Driver/Src/stm32f1xx_ll_usb.o
 .debug_aranges
                0x0000000000000858       0xa0 Middlewares/ST/STM32_USB_Device_Library/Class/CDC/Src/usbd_cdc.o
 .debug_aranges
                0x00000000000008f8       0xb8 Middlewares/ST/STM32_USB_Device_Library/Core/Src/usbd_core.o
 .debug_aranges
                0x00000000000009b0       0x88 Middlewares/ST/STM32_USB_Device_Library/Core/Src/usbd_ctlreq.o
 .debug_aranges
                0x0000000000000a38       0x50 Middlewares/ST/STM32_USB_Device_Library/Core/Src/usbd_ioreq.o
 .debug_aranges
                0x0000000000000a88       0x20 USB_DEVICE/usb_device.o
 .debug_aranges
                0x0000000000000aa8       0x58 USB_DEVICE/usbd_cdc_if.o
 .debug_aranges
                0x0000000000000b00      0x110 USB_DEVICE/usbd_conf.o
 .debug_aranges
                0x0000000000000c10       0x58 USB_DEVICE/usbd_desc.o

.debug_ranges   0x0000000000000000      0xcc8
 .debug_ranges  0x0000000000000000       0x28 Core/Src/main.o
 .debug_ranges  0x0000000000000028       0x20 Core/Src/stm32f1xx_hal_msp.o
 .debug_ranges  0x0000000000000048       0x78 Core/Src/stm32f1xx_it.o
 .debug_ranges  0x00000000000000c0       0x18 Core/Src/system_stm32f1xx.o
 .debug_ranges  0x00000000000000d8       0x20 Core/Src/uart.o
 .debug_ranges  0x00000000000000f8       0xc0 Drivers/STM32F1xx_HAL_Driver/Src/stm32f1xx_hal.o
 .debug_ranges  0x00000000000001b8       0xe0 Drivers/STM32F1xx_HAL_Driver/Src/stm32f1xx_hal_cortex.o
 .debug_ranges  0x0000000000000298       0x70 Drivers/STM32F1xx_HAL_Driver/Src/stm32f1xx_hal_dma.o
 .debug_ranges  0x0000000000000308       0x48 Drivers/STM32F1xx_HAL_Driver/Src/stm32f1xx_hal_gpio.o
 .debug_ranges  0x0000000000000350      0x140 Drivers/STM32F1xx_HAL_Driver/Src/stm32f1xx_hal_pcd.o
 .debug_ranges  0x0000000000000490       0x18 Drivers/STM32F1xx_HAL_Driver/Src/stm32f1xx_hal_pcd_ex.o
 .debug_ranges  0x00000000000004a8       0xa0 Drivers/STM32F1xx_HAL_Driver/Src/stm32f1xx_hal_rcc.o
 .debug_ranges  0x0000000000000548       0x38 Drivers/STM32F1xx_HAL_Driver/Src/stm32f1xx_hal_rcc_ex.o
 .debug_ranges  0x0000000000000580      0x1c0 Drivers/STM32F1xx_HAL_Driver/Src/stm32f1xx_hal_uart.o
 .debug_ranges  0x0000000000000740      0x1e0 Drivers/STM32F1xx_HAL_Driver/Src/stm32f1xx_ll_usb.o
 .debug_ranges  0x0000000000000920       0x90 Middlewares/ST/STM32_USB_Device_Library/Class/CDC/Src/usbd_cdc.o
 .debug_ranges  0x00000000000009b0       0xa8 Middlewares/ST/STM32_USB_Device_Library/Core/Src/usbd_core.o
 .debug_ranges  0x0000000000000a58       0x78 Middlewares/ST/STM32_USB_Device_Library/Core/Src/usbd_ctlreq.o
 .debug_ranges  0x0000000000000ad0       0x40 Middlewares/ST/STM32_USB_Device_Library/Core/Src/usbd_ioreq.o
 .debug_ranges  0x0000000000000b10       0x10 USB_DEVICE/usb_device.o
 .debug_ranges  0x0000000000000b20       0x60 USB_DEVICE/usbd_cdc_if.o
 .debug_ranges  0x0000000000000b80      0x100 USB_DEVICE/usbd_conf.o
 .debug_ranges  0x0000000000000c80       0x48 USB_DEVICE/usbd_desc.o

.debug_macro    0x0000000000000000    0x18133
 .debug_macro   0x0000000000000000      0x3da Core/Src/main.o
 .debug_macro   0x00000000000003da      0xa60 Core/Src/main.o
 .debug_macro   0x0000000000000e3a       0x10 Core/Src/main.o
 .debug_macro   0x0000000000000e4a      0x169 Core/Src/main.o
 .debug_macro   0x0000000000000fb3       0x2e Core/Src/main.o
 .debug_macro   0x0000000000000fe1       0x22 Core/Src/main.o
 .debug_macro   0x0000000000001003       0x22 Core/Src/main.o
 .debug_macro   0x0000000000001025       0x87 Core/Src/main.o
 .debug_macro   0x00000000000010ac       0x51 Core/Src/main.o
 .debug_macro   0x00000000000010fd       0xef Core/Src/main.o
 .debug_macro   0x00000000000011ec       0x6a Core/Src/main.o
 .debug_macro   0x0000000000001256      0x1df Core/Src/main.o
 .debug_macro   0x0000000000001435       0x34 Core/Src/main.o
 .debug_macro   0x0000000000001469       0x34 Core/Src/main.o
 .debug_macro   0x000000000000149d      0xb8e Core/Src/main.o
 .debug_macro   0x000000000000202b     0xe6e1 Core/Src/main.o
 .debug_macro   0x000000000001070c       0x43 Core/Src/main.o
 .debug_macro   0x000000000001074f       0x58 Core/Src/main.o
 .debug_macro   0x00000000000107a7       0x17 Core/Src/main.o
 .debug_macro   0x00000000000107be       0x35 Core/Src/main.o
 .debug_macro   0x00000000000107f3       0x9c Core/Src/main.o
 .debug_macro   0x000000000001088f       0x16 Core/Src/main.o
 .debug_macro   0x00000000000108a5       0x97 Core/Src/main.o
 .debug_macro   0x000000000001093c      0x330 Core/Src/main.o
 .debug_macro   0x0000000000010c6c       0xfd Core/Src/main.o
 .debug_macro   0x0000000000010d69       0x10 Core/Src/main.o
 .debug_macro   0x0000000000010d79       0x58 Core/Src/main.o
 .debug_macro   0x0000000000010dd1       0x1f Core/Src/main.o
 .debug_macro   0x0000000000010df0       0x43 Core/Src/main.o
 .debug_macro   0x0000000000010e33       0x20 Core/Src/main.o
 .debug_macro   0x0000000000010e53      0x18e Core/Src/main.o
 .debug_macro   0x0000000000010fe1       0x10 Core/Src/main.o
 .debug_macro   0x0000000000010ff1       0x1c Core/Src/main.o
 .debug_macro   0x000000000001100d       0x52 Core/Src/main.o
 .debug_macro   0x000000000001105f       0x40 Core/Src/main.o
 .debug_macro   0x000000000001109f       0x10 Core/Src/main.o
 .debug_macro   0x00000000000110af       0x40 Core/Src/main.o
 .debug_macro   0x00000000000110ef       0xd7 Core/Src/main.o
 .debug_macro   0x00000000000111c6       0x1c Core/Src/main.o
 .debug_macro   0x00000000000111e2       0x3d Core/Src/main.o
 .debug_macro   0x000000000001121f       0x16 Core/Src/main.o
 .debug_macro   0x0000000000011235      0x16f Core/Src/main.o
 .debug_macro   0x00000000000113a4       0x50 Core/Src/main.o
 .debug_macro   0x00000000000113f4      0x5c2 Core/Src/main.o
 .debug_macro   0x00000000000119b6      0x1b8 Core/Src/main.o
 .debug_macro   0x0000000000011b6e      0x1cb Core/Src/main.o
 .debug_macro   0x0000000000011d39      0x11e Core/Src/main.o
 .debug_macro   0x0000000000011e57      0x1b3 Core/Src/main.o
 .debug_macro   0x000000000001200a       0x27 Core/Src/main.o
 .debug_macro   0x0000000000012031      0x1bc Core/Src/main.o
 .debug_macro   0x00000000000121ed       0x34 Core/Src/main.o
 .debug_macro   0x0000000000012221       0x3c Core/Src/main.o
 .debug_macro   0x000000000001225d       0x57 Core/Src/main.o
 .debug_macro   0x00000000000122b4       0x8c Core/Src/main.o
 .debug_macro   0x0000000000012340      0x185 Core/Src/main.o
 .debug_macro   0x00000000000124c5      0x143 Core/Src/main.o
 .debug_macro   0x0000000000012608      0x26b Core/Src/main.o
 .debug_macro   0x0000000000012873       0x50 Core/Src/main.o
 .debug_macro   0x00000000000128c3      0x26c Core/Src/main.o
 .debug_macro   0x0000000000012b2f       0x69 Core/Src/main.o
 .debug_macro   0x0000000000012b98       0x16 Core/Src/main.o
 .debug_macro   0x0000000000012bae       0x35 Core/Src/main.o
 .debug_macro   0x0000000000012be3       0x16 Core/Src/main.o
 .debug_macro   0x0000000000012bf9       0x29 Core/Src/main.o
 .debug_macro   0x0000000000012c22       0x16 Core/Src/main.o
 .debug_macro   0x0000000000012c38       0x6a Core/Src/main.o
 .debug_macro   0x0000000000012ca2      0x1c9 Core/Src/main.o
 .debug_macro   0x0000000000012e6b       0xb3 Core/Src/main.o
 .debug_macro   0x0000000000012f1e       0x16 Core/Src/main.o
 .debug_macro   0x0000000000012f34      0x303 Core/Src/stm32f1xx_hal_msp.o
 .debug_macro   0x0000000000013237      0x30d Core/Src/stm32f1xx_it.o
 .debug_macro   0x0000000000013544      0x309 Core/Src/system_stm32f1xx.o
 .debug_macro   0x000000000001384d      0x330 Core/Src/uart.o
 .debug_macro   0x0000000000013b7d       0x10 Core/Src/uart.o
 .debug_macro   0x0000000000013b8d      0x241 Core/Src/uart.o
 .debug_macro   0x0000000000013dce       0x16 Core/Src/uart.o
 .debug_macro   0x0000000000013de4      0x51a Core/Src/uart.o
 .debug_macro   0x00000000000142fe      0x327 Drivers/STM32F1xx_HAL_Driver/Src/stm32f1xx_hal.o
 .debug_macro   0x0000000000014625      0x303 Drivers/STM32F1xx_HAL_Driver/Src/stm32f1xx_hal_cortex.o